Component: ARM Compiler 5.06 update 1 (build 61) Tool: armlink [4d35a8]

==============================================================================

Section Cross References

    main.o(i.assert_nrf_callback) refers to app_error.o(i.app_error_handler) for app_error_handler
    main.o(i.ble_evt_dispatch) refers to main.o(i.on_ble_evt) for on_ble_evt
    main.o(i.ble_evt_dispatch) refers to bsp_btn_ble.o(i.bsp_btn_ble_on_ble_evt) for bsp_btn_ble_on_ble_evt
    main.o(i.ble_evt_dispatch) refers to ble_db_discovery.o(i.ble_db_discovery_on_ble_evt) for ble_db_discovery_on_ble_evt
    main.o(i.ble_evt_dispatch) refers to ble_nus_c.o(i.ble_nus_c_on_ble_evt) for ble_nus_c_on_ble_evt
    main.o(i.ble_evt_dispatch) refers to main.o(.bss) for .bss
    main.o(i.ble_nus_c_evt_handler) refers to printf8.o(i.__0printf$8) for __2printf
    main.o(i.ble_nus_c_evt_handler) refers to main.o(i.scan_start) for scan_start
    main.o(i.ble_nus_c_evt_handler) refers to ble_nus_c.o(i.ble_nus_c_handles_assign) for ble_nus_c_handles_assign
    main.o(i.ble_nus_c_evt_handler) refers to app_error.o(i.app_error_handler_bare) for app_error_handler_bare
    main.o(i.ble_nus_c_evt_handler) refers to ble_nus_c.o(i.ble_nus_c_rx_notif_enable) for ble_nus_c_rx_notif_enable
    main.o(i.ble_nus_c_evt_handler) refers to app_uart_fifo.o(i.app_uart_put) for app_uart_put
    main.o(i.ble_stack_init) refers to softdevice_handler.o(i.softdevice_handler_init) for softdevice_handler_init
    main.o(i.ble_stack_init) refers to app_error.o(i.app_error_handler_bare) for app_error_handler_bare
    main.o(i.ble_stack_init) refers to softdevice_handler.o(i.softdevice_enable_get_default_config) for softdevice_enable_get_default_config
    main.o(i.ble_stack_init) refers to softdevice_handler.o(i.softdevice_enable) for softdevice_enable
    main.o(i.ble_stack_init) refers to softdevice_handler.o(i.softdevice_ble_evt_handler_set) for softdevice_ble_evt_handler_set
    main.o(i.ble_stack_init) refers to main.o(.constdata) for .constdata
    main.o(i.ble_stack_init) refers to main.o(.bss) for .bss
    main.o(i.ble_stack_init) refers to main.o(i.ble_evt_dispatch) for ble_evt_dispatch
    main.o(i.bsp_event_handler) refers to bsp.o(i.bsp_indication_set) for bsp_indication_set
    main.o(i.bsp_event_handler) refers to app_error.o(i.app_error_handler_bare) for app_error_handler_bare
    main.o(i.bsp_event_handler) refers to bsp_btn_ble.o(i.bsp_btn_ble_sleep_mode_prepare) for bsp_btn_ble_sleep_mode_prepare
    main.o(i.bsp_event_handler) refers to main.o(.bss) for .bss
    main.o(i.db_disc_handler) refers to ble_nus_c.o(i.ble_nus_c_on_db_disc_evt) for ble_nus_c_on_db_disc_evt
    main.o(i.db_disc_handler) refers to main.o(.bss) for .bss
    main.o(i.main) refers to app_timer.o(i.app_timer_init) for app_timer_init
    main.o(i.main) refers to app_error.o(i.app_error_handler_bare) for app_error_handler_bare
    main.o(i.main) refers to memcpya.o(.text) for __aeabi_memcpy4
    main.o(i.main) refers to app_uart_fifo.o(i.app_uart_init) for app_uart_init
    main.o(i.main) refers to bsp.o(i.bsp_init) for bsp_init
    main.o(i.main) refers to bsp_btn_ble.o(i.bsp_btn_ble_init) for bsp_btn_ble_init
    main.o(i.main) refers to ble_db_discovery.o(i.ble_db_discovery_init) for ble_db_discovery_init
    main.o(i.main) refers to main.o(i.ble_stack_init) for ble_stack_init
    main.o(i.main) refers to ble_nus_c.o(i.ble_nus_c_init) for ble_nus_c_init
    main.o(i.main) refers to rc_saadc.o(i.joystick_init) for joystick_init
    main.o(i.main) refers to printf8.o(i.__0printf$8) for __2printf
    main.o(i.main) refers to main.o(i.scan_start) for scan_start
    main.o(i.main) refers to main.o(.bss) for .bss
    main.o(i.main) refers to main.o(.constdata) for .constdata
    main.o(i.main) refers to main.o(i.send_joystick_value_handle) for send_joystick_value_handle
    main.o(i.main) refers to main.o(i.bsp_event_handler) for bsp_event_handler
    main.o(i.main) refers to main.o(i.db_disc_handler) for db_disc_handler
    main.o(i.main) refers to main.o(i.ble_nus_c_evt_handler) for ble_nus_c_evt_handler
    main.o(i.nrf_delay_us) refers to system_nrf52.o(.data) for SystemCoreClock
    main.o(i.on_ble_evt) refers to main.o(i.is_uuid_present) for is_uuid_present
    main.o(i.on_ble_evt) refers to bsp.o(i.bsp_indication_set) for bsp_indication_set
    main.o(i.on_ble_evt) refers to app_error.o(i.app_error_handler_bare) for app_error_handler_bare
    main.o(i.on_ble_evt) refers to printf8.o(i.__0printf$8) for __2printf
    main.o(i.on_ble_evt) refers to ble_db_discovery.o(i.ble_db_discovery_start) for ble_db_discovery_start
    main.o(i.on_ble_evt) refers to main.o(i.scan_start) for scan_start
    main.o(i.on_ble_evt) refers to main.o(.constdata) for .constdata
    main.o(i.on_ble_evt) refers to main.o(.bss) for .bss
    main.o(i.scan_start) refers to app_error.o(i.app_error_handler_bare) for app_error_handler_bare
[...]
    dc.s                                     0x00000000   Number         0  dc.o ABSOLUTE
    handlers.s                               0x00000000   Number         0  handlers.o ABSOLUTE
    init.s                                   0x00000000   Number         0  init.o ABSOLUTE
    RESET                                    0x0001f000   Section     1024  arm_startup_nrf52.o(RESET)
    .ARM.Collect$$$$00000000                 0x0001f400   Section        0  entry.o(.ARM.Collect$$$$00000000)
    .ARM.Collect$$$$00000001                 0x0001f400   Section        4  entry2.o(.ARM.Collect$$$$00000001)
    .ARM.Collect$$$$00000004                 0x0001f404   Section        4  entry5.o(.ARM.Collect$$$$00000004)
    .ARM.Collect$$$$00000008                 0x0001f408   Section        0  entry7b.o(.ARM.Collect$$$$00000008)
    .ARM.Collect$$$$0000000A                 0x0001f408   Section        0  entry8b.o(.ARM.Collect$$$$0000000A)
    .ARM.Collect$$$$0000000B                 0x0001f408   Section        8  entry9a.o(.ARM.Collect$$$$0000000B)
    .ARM.Collect$$$$0000000D                 0x0001f410   Section        0  entry10a.o(.ARM.Collect$$$$0000000D)
    .ARM.Collect$$$$0000000F                 0x0001f410   Section        0  entry11a.o(.ARM.Collect$$$$0000000F)
    .ARM.Collect$$$$00002712                 0x0001f410   Section        4  entry2.o(.ARM.Collect$$$$00002712)
    __lit__00000000                          0x0001f410   Data           4  entry2.o(.ARM.Collect$$$$00002712)
    .text                                    0x0001f414   Section       36  arm_startup_nrf52.o(.text)
    $v0                                      0x0001f414   Number         0  arm_startup_nrf52.o(.text)
    .text                                    0x0001f438   Section        0  memcpya.o(.text)
    .text                                    0x0001f45c   Section        0  memseta.o(.text)
    .text                                    0x0001f480   Section        0  uldiv.o(.text)
    .text                                    0x0001f4e4   Section       36  init.o(.text)
    .text                                    0x0001f508   Section        0  llshl.o(.text)
    .text                                    0x0001f526   Section        0  llushr.o(.text)
    i.GPIOTE_IRQHandler                      0x0001f548   Section        0  nrf_drv_gpiote.o(i.GPIOTE_IRQHandler)
    i.NVIC_ClearPendingIRQ                   0x0001f6bc   Section        0  app_timer.o(i.NVIC_ClearPendingIRQ)
    NVIC_ClearPendingIRQ                     0x0001f6bd   Thumb Code    22  app_timer.o(i.NVIC_ClearPendingIRQ)
    i.NVIC_DisableIRQ                        0x0001f6d2   Section        0  softdevice_handler.o(i.NVIC_DisableIRQ)
    NVIC_DisableIRQ                          0x0001f6d3   Thumb Code    22  softdevice_handler.o(i.NVIC_DisableIRQ)
    i.NVIC_EnableIRQ                         0x0001f6e8   Section        0  app_timer.o(i.NVIC_EnableIRQ)
    NVIC_EnableIRQ                           0x0001f6e9   Thumb Code    22  app_timer.o(i.NVIC_EnableIRQ)
    i.NVIC_EnableIRQ                         0x0001f6fe   Section        0  softdevice_handler.o(i.NVIC_EnableIRQ)
    NVIC_EnableIRQ                           0x0001f6ff   Thumb Code    22  softdevice_handler.o(i.NVIC_EnableIRQ)
    i.NVIC_SetPendingIRQ                     0x0001f714   Section        0  app_timer.o(i.NVIC_SetPendingIRQ)
    NVIC_SetPendingIRQ                       0x0001f715   Thumb Code    22  app_timer.o(i.NVIC_SetPendingIRQ)
    i.NVIC_SetPriority                       0x0001f72a   Section        0  app_timer.o(i.NVIC_SetPriority)
    NVIC_SetPriority                         0x0001f72b   Thumb Code    32  app_timer.o(i.NVIC_SetPriority)
    i.POWER_CLOCK_IRQHandler                 0x0001f74c   Section        0  nrf_drv_clock.o(i.POWER_CLOCK_IRQHandler)
    i.RTC1_IRQHandler                        0x0001f7a4   Section        0  app_timer.o(i.RTC1_IRQHandler)
    i.SAADC_IRQHandler                       0x0001f7c8   Section        0  nrf_drv_saadc.o(i.SAADC_IRQHandler)
    i.SWI0_EGU0_IRQHandler                   0x0001f920   Section        0  app_timer.o(i.SWI0_EGU0_IRQHandler)
    i.SWI2_EGU2_IRQHandler                   0x0001f924   Section        0  softdevice_handler.o(i.SWI2_EGU2_IRQHandler)
    i.SystemInit                             0x0001f948   Section        0  system_nrf52.o(i.SystemInit)
    i.UARTE0_UART0_IRQHandler                0x0001fbe4   Section        0  nrf_drv_uart.o(i.UARTE0_UART0_IRQHandler)
    i.__0printf$8                            0x0001fc00   Section        0  printf8.o(i.__0printf$8)
    i.__scatterload_copy                     0x0001fc20   Section       14  handlers.o(i.__scatterload_copy)
    i.__scatterload_null                     0x0001fc2e   Section        2  handlers.o(i.__scatterload_null)
    i.__scatterload_zeroinit                 0x0001fc30   Section       14  handlers.o(i.__scatterload_zeroinit)
    i.__sd_nvic_app_accessible_irq           0x0001fc40   Section        0  softdevice_handler.o(i.__sd_nvic_app_accessible_irq)
    __sd_nvic_app_accessible_irq             0x0001fc41   Thumb Code    32  softdevice_handler.o(i.__sd_nvic_app_accessible_irq)
    i._printf_core                           0x0001fc64   Section        0  printf8.o(i._printf_core)
    _printf_core                             0x0001fc65   Thumb Code   996  printf8.o(i._printf_core)
    i._printf_post_padding                   0x00020074   Section        0  printf8.o(i._printf_post_padding)
    _printf_post_padding                     0x00020075   Thumb Code    36  printf8.o(i._printf_post_padding)
    i._printf_pre_padding                    0x00020098   Section        0  printf8.o(i._printf_pre_padding)
    _printf_pre_padding                      0x00020099   Thumb Code    46  printf8.o(i._printf_pre_padding)
    i.advertising_buttons_configure          0x000200c6   Section        0  bsp_btn_ble.o(i.advertising_buttons_configure)
    advertising_buttons_configure            0x000200c7   Thumb Code    54  bsp_btn_ble.o(i.advertising_buttons_configure)
    i.alert_timer_handler                    0x000200fc   Section        0  bsp.o(i.alert_timer_handler)
    alert_timer_handler                      0x000200fd   Thumb Code     6  bsp.o(i.alert_timer_handler)
    i.app_button_enable                      0x00020104   Section        0  app_button.o(i.app_button_enable)
    i.app_button_init                        0x00020128   Section        0  app_button.o(i.app_button_init)
    i.app_error_fault_handler                0x00020198   Section        0  app_error_weak.o(i.app_error_fault_handler)
    i.app_error_handler_bare                 0x000201bc   Section        0  app_error.o(i.app_error_handler_bare)
    i.app_fifo_get                           0x000201d2   Section        0  app_fifo.o(i.app_fifo_get)
    i.app_fifo_init                          0x000201e8   Section        0  app_fifo.o(i.app_fifo_init)
    i.app_fifo_put                           0x00020208   Section        0  app_fifo.o(i.app_fifo_put)
    i.app_timer_create                       0x00020224   Section        0  app_timer.o(i.app_timer_create)
    i.app_timer_init                         0x00020248   Section        0  app_timer.o(i.app_timer_init)
    i.app_timer_start                        0x000202b8   Section        0  app_timer.o(i.app_timer_start)
    i.app_timer_stop                         0x00020340   Section        0  app_timer.o(i.app_timer_stop)
    i.app_uart_init                          0x00020360   Section        0  app_uart_fifo.o(i.app_uart_init)
    i.app_uart_put                           0x00020414   Section        0  app_uart_fifo.o(i.app_uart_put)
    i.app_util_critical_region_enter         0x00020450   Section        0  app_util_platform.o(i.app_util_critical_region_enter)
    i.app_util_critical_region_exit          0x00020498   Section        0  app_util_platform.o(i.app_util_critical_region_exit)
    i.apply_config                           0x000204cc   Section        0  nrf_drv_uart.o(i.apply_config)
    apply_config                             0x000204cd   Thumb Code   180  nrf_drv_uart.o(i.apply_config)
    i.ble_db_discovery_evt_register          0x00020584   Section        0  ble_db_discovery.o(i.ble_db_discovery_evt_register)
    i.ble_db_discovery_init                  0x000205c4   Section        0  ble_db_discovery.o(i.ble_db_discovery_init)
    i.ble_db_discovery_on_ble_evt            0x000205e0   Section        0  ble_db_discovery.o(i.ble_db_discovery_on_ble_evt)
    i.ble_db_discovery_start                 0x0002062c   Section        0  ble_db_discovery.o(i.ble_db_discovery_start)
    i.ble_evt_dispatch                       0x00020688   Section        0  main.o(i.ble_evt_dispatch)
    ble_evt_dispatch                         0x00020689   Thumb Code    36  main.o(i.ble_evt_dispatch)
    i.ble_nus_c_evt_handler                  0x000206b0   Section        0  main.o(i.ble_nus_c_evt_handler)
    ble_nus_c_evt_handler                    0x000206b1   Thumb Code   100  main.o(i.ble_nus_c_evt_handler)
    i.ble_nus_c_handles_assign               0x00020750   Section        0  ble_nus_c.o(i.ble_nus_c_handles_assign)
    i.ble_nus_c_init                         0x0002076c   Section        0  ble_nus_c.o(i.ble_nus_c_init)
    i.ble_nus_c_on_ble_evt                   0x000207b8   Section        0  ble_nus_c.o(i.ble_nus_c_on_ble_evt)
    i.ble_nus_c_on_db_disc_evt               0x0002081e   Section        0  ble_nus_c.o(i.ble_nus_c_on_db_disc_evt)
    i.ble_nus_c_rx_notif_enable              0x00020898   Section        0  ble_nus_c.o(i.ble_nus_c_rx_notif_enable)
    i.ble_nus_c_string_send                  0x000208e0   Section        0  ble_nus_c.o(i.ble_nus_c_string_send)
    i.ble_stack_init                         0x00020920   Section        0  main.o(i.ble_stack_init)
    ble_stack_init                           0x00020921   Thumb Code    80  main.o(i.ble_stack_init)
    i.bsp_board_button_idx_to_pin            0x0002097c   Section        0  boards.o(i.bsp_board_button_idx_to_pin)
    i.bsp_board_button_state_get             0x00020988   Section        0  boards.o(i.bsp_board_button_state_get)
    i.bsp_board_led_invert                   0x000209a8   Section        0  boards.o(i.bsp_board_led_invert)
    i.bsp_board_led_off                      0x000209cc   Section        0  boards.o(i.bsp_board_led_off)
    i.bsp_board_led_on                       0x000209dc   Section        0  boards.o(i.bsp_board_led_on)
    i.bsp_board_led_state_get                0x000209ec   Section        0  boards.o(i.bsp_board_led_state_get)
    i.bsp_board_leds_init                    0x00020a0c   Section        0  boards.o(i.bsp_board_leds_init)
    i.bsp_board_leds_off                     0x00020a38   Section        0  boards.o(i.bsp_board_leds_off)
    i.bsp_board_leds_on                      0x00020a4a   Section        0  boards.o(i.bsp_board_leds_on)
    i.bsp_board_pin_to_button_idx            0x00020a5c   Section        0  boards.o(i.bsp_board_pin_to_button_idx)
    i.bsp_btn_ble_init                       0x00020a80   Section        0  bsp_btn_ble.o(i.bsp_btn_ble_init)
    i.bsp_btn_ble_on_ble_evt                 0x00020ab8   Section        0  bsp_btn_ble.o(i.bsp_btn_ble_on_ble_evt)
    i.bsp_btn_ble_sleep_mode_prepare         0x00020b28   Section        0  bsp_btn_ble.o(i.bsp_btn_ble_sleep_mode_prepare)
    i.bsp_button_event_handler               0x00020b48   Section        0  bsp.o(i.bsp_button_event_handler)
    bsp_button_event_handler                 0x00020b49   Thumb Code   136  bsp.o(i.bsp_button_event_handler)
    i.bsp_button_is_pressed                  0x00020bdc   Section        0  bsp.o(i.bsp_button_is_pressed)
    i.bsp_event_handler                      0x00020be0   Section        0  main.o(i.bsp_event_handler)
    i.bsp_event_to_button_action_assign      0x00020c24   Section        0  bsp.o(i.bsp_event_to_button_action_assign)
    i.bsp_indication_set                     0x00020c68   Section        0  bsp.o(i.bsp_indication_set)
    i.bsp_init                               0x00020c80   Section        0  bsp.o(i.bsp_init)
    i.bsp_led_indication                     0x00020d18   Section        0  bsp.o(i.bsp_led_indication)
    bsp_led_indication                       0x00020d19   Thumb Code   362  bsp.o(i.bsp_led_indication)
    i.bsp_wakeup_button_enable               0x00020e8c   Section        0  bsp.o(i.bsp_wakeup_button_enable)
    i.button_timer_handler                   0x00020e9c   Section        0  bsp.o(i.button_timer_handler)
    button_timer_handler                     0x00020e9d   Thumb Code     8  bsp.o(i.button_timer_handler)
    i.channel_free                           0x00020ea4   Section        0  nrf_drv_gpiote.o(i.channel_free)
    channel_free                             0x00020ea5   Thumb Code    22  nrf_drv_gpiote.o(i.channel_free)
    i.channel_port_alloc                     0x00020ec0   Section        0  nrf_drv_gpiote.o(i.channel_port_alloc)
    channel_port_alloc                       0x00020ec1   Thumb Code    66  nrf_drv_gpiote.o(i.channel_port_alloc)
    i.channel_port_get                       0x00020f08   Section        0  nrf_drv_gpiote.o(i.channel_port_get)
    channel_port_get                         0x00020f09   Thumb Code    10  nrf_drv_gpiote.o(i.channel_port_get)
    i.characteristics_discover               0x00020f18   Section        0  ble_db_discovery.o(i.characteristics_discover)
    characteristics_discover                 0x00020f19   Thumb Code    66  ble_db_discovery.o(i.characteristics_discover)
    i.clock_clk_started_notify               0x00020f5c   Section        0  nrf_drv_clock.o(i.clock_clk_started_notify)
    clock_clk_started_notify                 0x00020f5d   Thumb Code    34  nrf_drv_clock.o(i.clock_clk_started_notify)
    i.compare_reg_update                     0x00020f84   Section        0  app_timer.o(i.compare_reg_update)
    compare_reg_update                       0x00020f85   Thumb Code   160  app_timer.o(i.compare_reg_update)
    i.db_disc_handler                        0x00021030   Section        0  main.o(i.db_disc_handler)
    db_disc_handler                          0x00021031   Thumb Code     8  main.o(i.db_disc_handler)
    i.descriptors_discover                   0x0002103c   Section        0  ble_db_discovery.o(i.descriptors_discover)
    descriptors_discover                     0x0002103d   Thumb Code   140  ble_db_discovery.o(i.descriptors_discover)
    i.detection_delay_timeout_handler        0x000210c8   Section        0  app_button.o(i.detection_delay_timeout_handler)
    detection_delay_timeout_handler          0x000210c9   Thumb Code    92  app_button.o(i.detection_delay_timeout_handler)
    i.discovery_complete_evt_trigger         0x00021128   Section        0  ble_db_discovery.o(i.discovery_complete_evt_trigger)
    discovery_complete_evt_trigger           0x00021129   Thumb Code   170  ble_db_discovery.o(i.discovery_complete_evt_trigger)
    i.discovery_error_evt_trigger            0x000211dc   Section        0  ble_db_discovery.o(i.discovery_error_evt_trigger)
    discovery_error_evt_trigger              0x000211dd   Thumb Code    52  ble_db_discovery.o(i.discovery_error_evt_trigger)
    i.elapsed_ticks_acquire                  0x00021210   Section        0  app_timer.o(i.elapsed_ticks_acquire)
    elapsed_ticks_acquire                    0x00021211   Thumb Code    58  app_timer.o(i.elapsed_ticks_acquire)
    i.fifo_get                               0x00021250   Section        0  app_fifo.o(i.fifo_get)
    fifo_get                                 0x00021251   Thumb Code    20  app_fifo.o(i.fifo_get)
    i.fifo_put                               0x00021264   Section        0  app_fifo.o(i.fifo_put)
    fifo_put                                 0x00021265   Thumb Code    18  app_fifo.o(i.fifo_put)
    i.fputc                                  0x00021276   Section        0  retarget.o(i.fputc)
    i.gpiote_event_handler                   0x00021284   Section        0  app_button.o(i.gpiote_event_handler)
    gpiote_event_handler                     0x00021285   Thumb Code    78  app_button.o(i.gpiote_event_handler)
    i.intern_softdevice_events_execute       0x000212dc   Section        0  softdevice_handler.o(i.intern_softdevice_events_execute)
    i.interrupts_enable                      0x00021354   Section        0  nrf_drv_uart.o(i.interrupts_enable)
    interrupts_enable                        0x00021355   Thumb Code   106  nrf_drv_uart.o(i.interrupts_enable)
    i.is_desc_discovery_reqd                 0x000213cc   Section        0  ble_db_discovery.o(i.is_desc_discovery_reqd)
    is_desc_discovery_reqd                   0x000213cd   Thumb Code    76  ble_db_discovery.o(i.is_desc_discovery_reqd)
    i.is_uuid_present                        0x00021418   Section        0  main.o(i.is_uuid_present)
    is_uuid_present                          0x00021419   Thumb Code   224  main.o(i.is_uuid_present)
    i.joystick_button_init                   0x000214f8   Section        0  rc_saadc.o(i.joystick_button_init)
    i.joystick_button_read                   0x00021508   Section        0  rc_saadc.o(i.joystick_button_read)
    i.joystick_init                          0x00021516   Section        0  rc_saadc.o(i.joystick_init)
    i.joystick_read                          0x00021524   Section        0  rc_saadc.o(i.joystick_read)
    i.leds_timer_handler                     0x0002155c   Section        0  bsp.o(i.leds_timer_handler)
    leds_timer_handler                       0x0002155d   Thumb Code    16  bsp.o(i.leds_timer_handler)
    i.list_deletions_handler                 0x00021570   Section        0  app_timer.o(i.list_deletions_handler)
    list_deletions_handler                   0x00021571   Thumb Code   158  app_timer.o(i.list_deletions_handler)
    i.list_insertions_handler                0x00021618   Section        0  app_timer.o(i.list_insertions_handler)
    list_insertions_handler                  0x00021619   Thumb Code   174  app_timer.o(i.list_insertions_handler)
    i.main                                   0x000216d0   Section        0  main.o(i.main)
    i.nrf_bitmask_bit_is_set                 0x000217a8   Section        0  nrf_drv_gpiote.o(i.nrf_bitmask_bit_is_set)
    nrf_bitmask_bit_is_set                   0x000217a9   Thumb Code    16  nrf_drv_gpiote.o(i.nrf_bitmask_bit_is_set)
    i.nrf_clock_event_check                  0x000217b8   Section        0  nrf_drv_clock.o(i.nrf_clock_event_check)
    nrf_clock_event_check                    0x000217b9   Thumb Code    14  nrf_drv_clock.o(i.nrf_clock_event_check)
    i.nrf_clock_event_clear                  0x000217c6   Section        0  nrf_drv_clock.o(i.nrf_clock_event_clear)
    nrf_clock_event_clear                    0x000217c7   Thumb Code    16  nrf_drv_clock.o(i.nrf_clock_event_clear)
    i.nrf_delay_us                           0x000217d8   Section        0  main.o(i.nrf_delay_us)
    nrf_delay_us                             0x000217d9   Thumb Code   132  main.o(i.nrf_delay_us)
    i.nrf_delay_us                           0x00021864   Section        0  app_timer.o(i.nrf_delay_us)
    nrf_delay_us                             0x00021865   Thumb Code   132  app_timer.o(i.nrf_delay_us)
    i.nrf_drv_clock_init                     0x000218f0   Section        0  nrf_drv_clock.o(i.nrf_drv_clock_init)
    i.nrf_drv_clock_on_sd_enable             0x00021938   Section        0  nrf_drv_clock.o(i.nrf_drv_clock_on_sd_enable)
    i.nrf_drv_clock_on_soc_event             0x00021968   Section        0  nrf_drv_clock.o(i.nrf_drv_clock_on_soc_event)
    i.nrf_drv_common_irq_enable              0x00021972   Section        0  nrf_drv_common.o(i.nrf_drv_common_irq_enable)
    i.nrf_drv_get_IRQn                       0x000219aa   Section        0  nrf_drv_uart.o(i.nrf_drv_get_IRQn)
    nrf_drv_get_IRQn                         0x000219ab   Thumb Code     6  nrf_drv_uart.o(i.nrf_drv_get_IRQn)
    i.nrf_drv_gpiote_in_event_enable         0x000219b0   Section        0  nrf_drv_gpiote.o(i.nrf_drv_gpiote_in_event_enable)
    i.nrf_drv_gpiote_in_init                 0x00021a54   Section        0  nrf_drv_gpiote.o(i.nrf_drv_gpiote_in_init)
    i.nrf_drv_gpiote_in_is_set               0x00021b0c   Section        0  nrf_drv_gpiote.o(i.nrf_drv_gpiote_in_is_set)
    i.nrf_drv_gpiote_init                    0x00021b20   Section        0  nrf_drv_gpiote.o(i.nrf_drv_gpiote_init)
    i.nrf_drv_gpiote_is_init                 0x00021b7c   Section        0  nrf_drv_gpiote.o(i.nrf_drv_gpiote_is_init)
    i.nrf_drv_is_in_RAM                      0x00021b90   Section        0  nrf_drv_uart.o(i.nrf_drv_is_in_RAM)
    nrf_drv_is_in_RAM                        0x00021b91   Thumb Code    16  nrf_drv_uart.o(i.nrf_drv_is_in_RAM)
    i.nrf_drv_saadc_channel_init             0x00021ba0   Section        0  nrf_drv_saadc.o(i.nrf_drv_saadc_channel_init)
    i.nrf_drv_saadc_init                     0x00021be4   Section        0  nrf_drv_saadc.o(i.nrf_drv_saadc_init)
    i.nrf_drv_saadc_sample_convert           0x00021c6c   Section        0  nrf_drv_saadc.o(i.nrf_drv_saadc_sample_convert)
    i.nrf_drv_uart_init                      0x00021d2c   Section        0  nrf_drv_uart.o(i.nrf_drv_uart_init)
    i.nrf_drv_uart_rx                        0x00021d94   Section        0  nrf_drv_uart.o(i.nrf_drv_uart_rx)
    i.nrf_drv_uart_rx_enable                 0x00021e44   Section        0  nrf_drv_uart.o(i.nrf_drv_uart_rx_enable)
    i.nrf_drv_uart_rx_for_uart               0x00021e74   Section        0  nrf_drv_uart.o(i.nrf_drv_uart_rx_for_uart)
    nrf_drv_uart_rx_for_uart                 0x00021e75   Thumb Code   162  nrf_drv_uart.o(i.nrf_drv_uart_rx_for_uart)
    i.nrf_drv_uart_rx_for_uarte              0x00021f1c   Section        0  nrf_drv_uart.o(i.nrf_drv_uart_rx_for_uarte)
    nrf_drv_uart_rx_for_uarte                0x00021f1d   Thumb Code   172  nrf_drv_uart.o(i.nrf_drv_uart_rx_for_uarte)
    i.nrf_drv_uart_tx                        0x00021fcc   Section        0  nrf_drv_uart.o(i.nrf_drv_uart_tx)
    i.nrf_drv_uart_tx_in_progress            0x000220d8   Section        0  nrf_drv_uart.o(i.nrf_drv_uart_tx_in_progress)
    i.nrf_gpio_cfg                           0x000220f0   Section        0  boards.o(i.nrf_gpio_cfg)
    nrf_gpio_cfg                             0x000220f1   Thumb Code    36  boards.o(i.nrf_gpio_cfg)
    i.nrf_gpio_cfg                           0x00022114   Section        0  nrf_drv_gpiote.o(i.nrf_gpio_cfg)
    nrf_gpio_cfg                             0x00022115   Thumb Code    36  nrf_drv_gpiote.o(i.nrf_gpio_cfg)
    i.nrf_gpio_cfg                           0x00022138   Section        0  nrf_drv_uart.o(i.nrf_gpio_cfg)
    nrf_gpio_cfg                             0x00022139   Thumb Code    36  nrf_drv_uart.o(i.nrf_gpio_cfg)
    i.nrf_gpio_cfg_input                     0x0002215c   Section        0  nrf_drv_uart.o(i.nrf_gpio_cfg_input)
    nrf_gpio_cfg_input                       0x0002215d   Thumb Code    18  nrf_drv_uart.o(i.nrf_gpio_cfg_input)
    i.nrf_gpio_cfg_output                    0x0002216e   Section        0  nrf_drv_uart.o(i.nrf_gpio_cfg_output)
    nrf_gpio_cfg_output                      0x0002216f   Thumb Code    20  nrf_drv_uart.o(i.nrf_gpio_cfg_output)
    i.nrf_gpio_cfg_sense_set                 0x00022182   Section        0  bsp.o(i.nrf_gpio_cfg_sense_set)
    nrf_gpio_cfg_sense_set                   0x00022183   Thumb Code    34  bsp.o(i.nrf_gpio_cfg_sense_set)
    i.nrf_gpio_cfg_sense_set                 0x000221a4   Section        0  nrf_drv_gpiote.o(i.nrf_gpio_cfg_sense_set)
    nrf_gpio_cfg_sense_set                   0x000221a5   Thumb Code    34  nrf_drv_gpiote.o(i.nrf_gpio_cfg_sense_set)
    i.nrf_gpio_pin_write                     0x000221c6   Section        0  boards.o(i.nrf_gpio_pin_write)
    nrf_gpio_pin_write                       0x000221c7   Thumb Code    22  boards.o(i.nrf_gpio_pin_write)
    i.nrf_gpio_ports_read                    0x000221dc   Section        0  nrf_drv_gpiote.o(i.nrf_gpio_ports_read)
    nrf_gpio_ports_read                      0x000221dd   Thumb Code    34  nrf_drv_gpiote.o(i.nrf_gpio_ports_read)
    i.nrf_gpiote_event_clear                 0x00022204   Section        0  nrf_drv_gpiote.o(i.nrf_gpiote_event_clear)
    nrf_gpiote_event_clear                   0x00022205   Thumb Code    16  nrf_drv_gpiote.o(i.nrf_gpiote_event_clear)
    i.nrf_gpiote_event_is_set                0x00022218   Section        0  nrf_drv_gpiote.o(i.nrf_gpiote_event_is_set)
    nrf_gpiote_event_is_set                  0x00022219   Thumb Code    12  nrf_drv_gpiote.o(i.nrf_gpiote_event_is_set)
    i.nrf_saadc_buffer_init                  0x00022228   Section        0  nrf_drv_saadc.o(i.nrf_saadc_buffer_init)
    nrf_saadc_buffer_init                    0x00022229   Thumb Code    10  nrf_drv_saadc.o(i.nrf_saadc_buffer_init)
    i.nrf_saadc_channel_init                 0x00022238   Section        0  nrf_saadc.o(i.nrf_saadc_channel_init)
    i.nrf_saadc_channel_input_set            0x000222a0   Section        0  nrf_drv_saadc.o(i.nrf_saadc_channel_input_set)
    nrf_saadc_channel_input_set              0x000222a1   Thumb Code    16  nrf_drv_saadc.o(i.nrf_saadc_channel_input_set)
    i.nrf_saadc_event_check                  0x000222b4   Section        0  nrf_drv_saadc.o(i.nrf_saadc_event_check)
    nrf_saadc_event_check                    0x000222b5   Thumb Code    12  nrf_drv_saadc.o(i.nrf_saadc_event_check)
    i.nrf_saadc_event_clear                  0x000222c4   Section        0  nrf_drv_saadc.o(i.nrf_saadc_event_clear)
    nrf_saadc_event_clear                    0x000222c5   Thumb Code    16  nrf_drv_saadc.o(i.nrf_saadc_event_clear)
    i.nrf_uart_event_check                   0x000222d8   Section        0  nrf_drv_uart.o(i.nrf_uart_event_check)
    nrf_uart_event_check                     0x000222d9   Thumb Code    10  nrf_drv_uart.o(i.nrf_uart_event_check)
    i.nrf_uart_event_clear                   0x000222e2   Section        0  nrf_drv_uart.o(i.nrf_uart_event_clear)
    nrf_uart_event_clear                     0x000222e3   Thumb Code    12  nrf_drv_uart.o(i.nrf_uart_event_clear)
    i.nrf_uart_int_enable_check              0x000222ee   Section        0  nrf_drv_uart.o(i.nrf_uart_int_enable_check)
    nrf_uart_int_enable_check                0x000222ef   Thumb Code    12  nrf_drv_uart.o(i.nrf_uart_int_enable_check)
    i.nrf_uarte_event_check                  0x000222fa   Section        0  nrf_drv_uart.o(i.nrf_uarte_event_check)
    nrf_uarte_event_check                    0x000222fb   Thumb Code    10  nrf_drv_uart.o(i.nrf_uarte_event_check)
    i.nrf_uarte_event_clear                  0x00022304   Section        0  nrf_drv_uart.o(i.nrf_uarte_event_clear)
    nrf_uarte_event_clear                    0x00022305   Thumb Code    12  nrf_drv_uart.o(i.nrf_uarte_event_clear)
    i.on_ble_evt                             0x00022310   Section        0  main.o(i.on_ble_evt)
    on_ble_evt                               0x00022311   Thumb Code   210  main.o(i.on_ble_evt)
    i.on_characteristic_discovery_rsp        0x0002243c   Section        0  ble_db_discovery.o(i.on_characteristic_discovery_rsp)
    on_characteristic_discovery_rsp          0x0002243d   Thumb Code   272  ble_db_discovery.o(i.on_characteristic_discovery_rsp)
    i.on_descriptor_discovery_rsp            0x00022550   Section        0  ble_db_discovery.o(i.on_descriptor_discovery_rsp)
    on_descriptor_discovery_rsp              0x00022551   Thumb Code   234  ble_db_discovery.o(i.on_descriptor_discovery_rsp)
    i.on_primary_srv_discovery_rsp           0x00022640   Section        0  ble_db_discovery.o(i.on_primary_srv_discovery_rsp)
    on_primary_srv_discovery_rsp             0x00022641   Thumb Code   104  ble_db_discovery.o(i.on_primary_srv_discovery_rsp)
    i.on_srv_disc_completion                 0x000226ac   Section        0  ble_db_discovery.o(i.on_srv_disc_completion)
    on_srv_disc_completion                   0x000226ad   Thumb Code   116  ble_db_discovery.o(i.on_srv_disc_completion)
    i.pin_in_use_by_port                     0x00022728   Section        0  nrf_drv_gpiote.o(i.pin_in_use_by_port)
    pin_in_use_by_port                       0x00022729   Thumb Code    20  nrf_drv_gpiote.o(i.pin_in_use_by_port)
    i.pin_in_use_by_te                       0x00022740   Section        0  nrf_drv_gpiote.o(i.pin_in_use_by_te)
    pin_in_use_by_te                         0x00022741   Thumb Code    20  nrf_drv_gpiote.o(i.pin_in_use_by_te)
    i.registered_handler_get                 0x00022758   Section        0  ble_db_discovery.o(i.registered_handler_get)
    registered_handler_get                   0x00022759   Thumb Code    48  ble_db_discovery.o(i.registered_handler_get)
    i.rtc1_stop                              0x00022790   Section        0  app_timer.o(i.rtc1_stop)
    rtc1_stop                                0x00022791   Thumb Code    52  app_timer.o(i.rtc1_stop)
    i.rx_byte                                0x000227cc   Section        0  nrf_drv_uart.o(i.rx_byte)
    rx_byte                                  0x000227cd   Thumb Code    50  nrf_drv_uart.o(i.rx_byte)
    i.rx_done_event                          0x000227fe   Section        0  nrf_drv_uart.o(i.rx_done_event)
    rx_done_event                            0x000227ff   Thumb Code    24  nrf_drv_uart.o(i.rx_done_event)
    i.rx_enable                              0x00022816   Section        0  nrf_drv_uart.o(i.rx_enable)
    rx_enable                                0x00022817   Thumb Code    32  nrf_drv_uart.o(i.rx_enable)
    i.saadc_callback                         0x00022836   Section        0  rc_saadc.o(i.saadc_callback)
    i.saadc_init                             0x00022838   Section        0  rc_saadc.o(i.saadc_init)
    i.scan_start                             0x000228a4   Section        0  main.o(i.scan_start)
    scan_start                               0x000228a5   Thumb Code    32  main.o(i.scan_start)
    i.sd_nvic_EnableIRQ                      0x000228c8   Section        0  softdevice_handler.o(i.sd_nvic_EnableIRQ)
    sd_nvic_EnableIRQ                        0x000228c9   Thumb Code   106  softdevice_handler.o(i.sd_nvic_EnableIRQ)
    i.send_joystick_value                    0x00022938   Section        0  main.o(i.send_joystick_value)
    i.send_joystick_value_handle             0x00022a1c   Section        0  main.o(i.send_joystick_value_handle)
    i.softdevice_ble_evt_handler_set         0x00022a30   Section        0  softdevice_handler.o(i.softdevice_ble_evt_handler_set)
    i.softdevice_enable                      0x00022a44   Section        0  softdevice_handler.o(i.softdevice_enable)
    i.softdevice_enable_get_default_config   0x00022a58   Section        0  softdevice_handler.o(i.softdevice_enable_get_default_config)
    i.softdevice_fault_handler               0x00022a7e   Section        0  softdevice_handler.o(i.softdevice_fault_handler)
    i.softdevice_handler_init                0x00022a84   Section        0  softdevice_handler.o(i.softdevice_handler_init)
    i.softdevice_handler_is_enabled          0x00022ae8   Section        0  softdevice_handler.o(i.softdevice_handler_is_enabled)
    i.timer_list_handler                     0x00022af4   Section        0  app_timer.o(i.timer_list_handler)
    timer_list_handler                       0x00022af5   Thumb Code   134  app_timer.o(i.timer_list_handler)
    i.timer_list_insert                      0x00022b80   Section        0  app_timer.o(i.timer_list_insert)
    timer_list_insert                        0x00022b81   Thumb Code    56  app_timer.o(i.timer_list_insert)
    i.timer_stop_op_schedule                 0x00022bbc   Section        0  app_timer.o(i.timer_stop_op_schedule)
    timer_stop_op_schedule                   0x00022bbd   Thumb Code    68  app_timer.o(i.timer_stop_op_schedule)
    i.timer_timeouts_check                   0x00022c04   Section        0  app_timer.o(i.timer_timeouts_check)
    timer_timeouts_check                     0x00022c05   Thumb Code   124  app_timer.o(i.timer_timeouts_check)
    i.tx_byte                                0x00022c88   Section        0  nrf_drv_uart.o(i.tx_byte)
    tx_byte                                  0x00022c89   Thumb Code    32  nrf_drv_uart.o(i.tx_byte)
    i.tx_done_event                          0x00022ca8   Section        0  nrf_drv_uart.o(i.tx_done_event)
    tx_done_event                            0x00022ca9   Thumb Code    28  nrf_drv_uart.o(i.tx_done_event)
    i.uart_event_handler                     0x00022cc4   Section        0  app_uart_fifo.o(i.uart_event_handler)
    uart_event_handler                       0x00022cc5   Thumb Code   152  app_uart_fifo.o(i.uart_event_handler)
    i.uart_irq_handler                       0x00022d64   Section        0  nrf_drv_uart.o(i.uart_irq_handler)
    uart_irq_handler                         0x00022d65   Thumb Code   286  nrf_drv_uart.o(i.uart_irq_handler)
    i.uarte_irq_handler                      0x00022e82   Section        0  nrf_drv_uart.o(i.uarte_irq_handler)
    uarte_irq_handler                        0x00022e83   Thumb Code   240  nrf_drv_uart.o(i.uarte_irq_handler)
    i.user_op_alloc                          0x00022f74   Section        0  app_timer.o(i.user_op_alloc)
    user_op_alloc                            0x00022f75   Thumb Code    42  app_timer.o(i.user_op_alloc)
    .constdata                               0x00022fa4   Section       48  main.o(.constdata)
    m_nus_uuid                               0x00022fa4   Data           4  main.o(.constdata)
    m_connection_param                       0x00022fac   Data           8  main.o(.constdata)
    m_scan_params                            0x00022fb4   Data           8  main.o(.constdata)
    .constdata                               0x00022fd4   Section       25  rc_saadc.o(.constdata)
    .constdata                               0x00022fed   Section        8  boards.o(.constdata)
    m_board_led_list                         0x00022fed   Data           4  boards.o(.constdata)
    m_board_btn_list                         0x00022ff1   Data           4  boards.o(.constdata)
    .constdata                               0x00022ff8   Section       44  bsp.o(.constdata)
    m_leds_timer_id                          0x00022ff8   Data           4  bsp.o(.constdata)
    m_alert_timer_id                         0x00022ffc   Data           4  bsp.o(.constdata)
    m_button_timer_id                        0x00023000   Data           4  bsp.o(.constdata)
    app_buttons                              0x00023004   Data          32  bsp.o(.constdata)
    .constdata                               0x00023024   Section       40  ble_nus_c.o(.constdata)
    .constdata                               0x0002304c   Section        4  nrf_drv_gpiote.o(.constdata)
    .constdata                               0x00023050   Section        4  nrf_drv_saadc.o(.constdata)
    m_default_config                         0x00023050   Data           4  nrf_drv_saadc.o(.constdata)
    .constdata                               0x00023054   Section        8  app_button.o(.constdata)
    m_detection_delay_timer_id               0x00023054   Data           4  app_button.o(.constdata)
    .constdata                               0x0002305c   Section       32  app_uart_fifo.o(.constdata)
    .data                                    0x20001fe8   Section        4  rc_saadc.o(.data)
    adc_val                                  0x20001fe8   Data           4  rc_saadc.o(.data)
    .data                                    0x20001fec   Section       20  bsp.o(.data)
    m_stable_state                           0x20001fec   Data           1  bsp.o(.data)
    m_leds_clear                             0x20001fed   Data           1  bsp.o(.data)
    current_long_push_pin_no                 0x20001fee   Data           1  bsp.o(.data)
    m_app_ticks_per_100ms                    0x20001ff0   Data           4  bsp.o(.data)
    m_indication_type                        0x20001ff4   Data           4  bsp.o(.data)
    m_registered_callback                    0x20001ff8   Data           4  bsp.o(.data)
    release_event_at_push                    0x20001ffc   Data           4  bsp.o(.data)
    .data                                    0x20002000   Section        8  bsp_btn_ble.o(.data)
    m_error_handler                          0x20002000   Data           4  bsp_btn_ble.o(.data)
    m_num_connections                        0x20002004   Data           4  bsp_btn_ble.o(.data)
    .data                                    0x20002008   Section       16  ble_db_discovery.o(.data)
    m_initialized                            0x20002008   Data           1  ble_db_discovery.o(.data)
    m_evt_handler                            0x2000200c   Data           4  ble_db_discovery.o(.data)
    m_pending_usr_evt_index                  0x20002010   Data           4  ble_db_discovery.o(.data)
    m_num_of_handlers_reg                    0x20002014   Data           4  ble_db_discovery.o(.data)
    .data                                    0x20002018   Section       20  app_button.o(.data)
    m_button_count                           0x20002018   Data           1  app_button.o(.data)
    mp_buttons                               0x2000201c   Data           4  app_button.o(.data)
    m_detection_delay                        0x20002020   Data           4  app_button.o(.data)
    m_pin_state                              0x20002024   Data           4  app_button.o(.data)
    m_pin_transition                         0x20002028   Data           4  app_button.o(.data)
    .data                                    0x2000202c   Section       32  app_timer.o(.data)
    m_ticks_elapsed_q_read_ind               0x2000202c   Data           1  app_timer.o(.data)
    m_ticks_elapsed_q_write_ind              0x2000202d   Data           1  app_timer.o(.data)
    m_rtc1_running                           0x2000202e   Data           1  app_timer.o(.data)
    m_rtc1_reset                             0x2000202f   Data           1  app_timer.o(.data)
    mp_timer_id_head                         0x20002030   Data           4  app_timer.o(.data)
    m_ticks_latest                           0x20002034   Data           4  app_timer.o(.data)
    m_evt_schedule_func                      0x20002038   Data           4  app_timer.o(.data)
    m_op_queue                               0x2000203c   Data           8  app_timer.o(.data)
    m_ticks_elapsed                          0x20002044   Data           8  app_timer.o(.data)
    .data                                    0x2000204c   Section       16  app_uart_fifo.o(.data)
    tx_buffer                                0x2000204c   Data           1  app_uart_fifo.o(.data)
    rx_buffer                                0x2000204d   Data           1  app_uart_fifo.o(.data)
    m_rx_ovf                                 0x2000204e   Data           1  app_uart_fifo.o(.data)
    m_event_handler                          0x20002050   Data           4  app_uart_fifo.o(.data)
    app_uart_inst                            0x20002054   Data           8  app_uart_fifo.o(.data)
    .data                                    0x2000205c   Section        4  retarget.o(.data)
    .data                                    0x20002060   Section       20  softdevice_handler.o(.data)
    m_softdevice_enabled                     0x20002060   Data           1  softdevice_handler.o(.data)
    m_suspended                              0x20002061   Data           1  softdevice_handler.o(.data)
    m_ble_evt_buffer_size                    0x20002062   Data           2  softdevice_handler.o(.data)
    m_evt_schedule_func                      0x20002064   Data           4  softdevice_handler.o(.data)
    mp_ble_evt_buffer                        0x20002068   Data           4  softdevice_handler.o(.data)
    m_ble_evt_handler                        0x2000206c   Data           4  softdevice_handler.o(.data)
    m_sys_evt_handler                        0x20002070   Data           4  softdevice_handler.o(.data)
    .data                                    0x20002074   Section        4  system_nrf52.o(.data)
    __tagsym$$used                           0x20002074   Number         0  system_nrf52.o(.data)
    .bss                                     0x20002078   Section     1308  main.o(.bss)
    data_array                               0x20002078   Data          20  main.o(.bss)
    BLE_EVT_BUFFER                           0x2000208c   Data          80  main.o(.bss)
    rx_buf                                   0x200020dc   Data         256  main.o(.bss)
    tx_buf                                   0x200021dc   Data         256  main.o(.bss)
    APP_TIMER_BUF                            0x200022dc   Data          72  main.o(.bss)
    m_ble_nus_c                              0x20002324   Data          16  main.o(.bss)
    m_ble_db_discovery                       0x20002334   Data         608  main.o(.bss)
    .bss                                     0x20002594   Section       32  bsp.o(.bss)
    m_leds_timer_id_data                     0x20002594   Data          32  bsp.o(.bss)
    .bss                                     0x200025b4   Section       32  bsp.o(.bss)
    m_alert_timer_id_data                    0x200025b4   Data          32  bsp.o(.bss)
    .bss                                     0x200025d4   Section       12  bsp.o(.bss)
    m_events_list                            0x200025d4   Data          12  bsp.o(.bss)
    .bss                                     0x200025e0   Section       32  bsp.o(.bss)
    m_button_timer_id_data                   0x200025e0   Data          32  bsp.o(.bss)
    .bss                                     0x20002600   Section      672  ble_db_discovery.o(.bss)
    m_registered_handlers                    0x20002600   Data          24  ble_db_discovery.o(.bss)
    m_pending_user_evts                      0x20002618   Data         648  ble_db_discovery.o(.bss)
    .bss                                     0x200028a0   Section       20  nrf_drv_clock.o(.bss)
    m_clock_cb                               0x200028a0   Data          20  nrf_drv_clock.o(.bss)
    .bss                                     0x200028b4   Section       88  nrf_drv_gpiote.o(.bss)
    m_cb                                     0x200028b4   Data          88  nrf_drv_gpiote.o(.bss)
    .bss                                     0x2000290c   Section       32  nrf_drv_uart.o(.bss)
    m_cb                                     0x2000290c   Data          32  nrf_drv_uart.o(.bss)
    .bss                                     0x2000292c   Section       48  nrf_drv_saadc.o(.bss)
    m_cb                                     0x2000292c   Data          48  nrf_drv_saadc.o(.bss)
    .bss                                     0x2000295c   Section       32  app_button.o(.bss)
    m_detection_delay_timer_id_data          0x2000295c   Data          32  app_button.o(.bss)
    .bss                                     0x2000297c   Section       32  app_uart_fifo.o(.bss)
    m_rx_fifo                                0x2000297c   Data          16  app_uart_fifo.o(.bss)
    m_tx_fifo                                0x2000298c   Data          16  app_uart_fifo.o(.bss)
    .bss                                     0x2000299c   Section       12  app_util_platform.o(.bss)
    STACK                                    0x200029a8   Section     8192  arm_startup_nrf52.o(STACK)

    Global Symbols

    Symbol Name                              Value     Ov Type        Size  Object(Section)

    BuildAttributes$$THM_ISAv4$E$P$D$K$B$S$7EM$VFPi3$EXTD16$VFPS$VFMA$PE$A:L22UL41UL21$X:L11$S22US41US21$IEEE1$IW$USESV6$~STKCKD$USESV7$~SHL$OSPACE$ROPI$EBA8$MICROLIB$REQ8$PRES8$EABIv2 0x00000000   Number         0  anon$$obj.o ABSOLUTE
    __ARM_use_no_argv                        0x00000000   Number         0  main.o ABSOLUTE
    _printf_a                                0x00000000   Number         0  stubs.o ABSOLUTE
    _printf_c                                0x00000000   Number         0  stubs.o ABSOLUTE
    _printf_charcount                        0x00000000   Number         0  stubs.o ABSOLUTE
    _printf_d                                0x00000000   Number         0  stubs.o ABSOLUTE
    _printf_e                                0x00000000   Number         0  stubs.o ABSOLUTE
    _printf_f                                0x00000000   Number         0  stubs.o ABSOLUTE
    _printf_flags                            0x00000000   Number         0  stubs.o ABSOLUTE
    _printf_fp_dec                           0x00000000   Number         0  stubs.o ABSOLUTE
    _printf_fp_hex                           0x00000000   Number         0  stubs.o ABSOLUTE
    _printf_g                                0x00000000   Number         0  stubs.o ABSOLUTE
    _printf_i                                0x00000000   Number         0  stubs.o ABSOLUTE
    _printf_int_dec                          0x00000000   Number         0  stubs.o ABSOLUTE
    _printf_l                                0x00000000   Number         0  stubs.o ABSOLUTE
    _printf_lc                               0x00000000   Number         0  stubs.o ABSOLUTE
    _printf_ll                               0x00000000   Number         0  stubs.o ABSOLUTE
    _printf_lld                              0x00000000   Number         0  stubs.o ABSOLUTE
    _printf_lli                              0x00000000   Number         0  stubs.o ABSOLUTE
    _printf_llo                              0x00000000   Number         0  stubs.o ABSOLUTE
    _printf_llu                              0x00000000   Number         0  stubs.o ABSOLUTE
    _printf_llx                              0x00000000   Number         0  stubs.o ABSOLUTE
    _printf_longlong_dec                     0x00000000   Number         0  stubs.o ABSOLUTE
    _printf_longlong_hex                     0x00000000   Number         0  stubs.o ABSOLUTE
    _printf_longlong_oct                     0x00000000   Number         0  stubs.o ABSOLUTE
    _printf_ls                               0x00000000   Number         0  stubs.o ABSOLUTE
    _printf_mbtowc                           0x00000000   Number         0  stubs.o ABSOLUTE
    _printf_n                                0x00000000   Number         0  stubs.o ABSOLUTE
    _printf_o                                0x00000000   Number         0  stubs.o ABSOLUTE
    _printf_p                                0x00000000   Number         0  stubs.o ABSOLUTE
    _printf_percent                          0x00000000   Number         0  stubs.o ABSOLUTE
    _printf_pre_padding                      0x00000000   Number         0  stubs.o ABSOLUTE
    _printf_return_value                     0x00000000   Number         0  stubs.o ABSOLUTE
    _printf_s                                0x00000000   Number         0  stubs.o ABSOLUTE
    _printf_sizespec                         0x00000000   Number         0  stubs.o ABSOLUTE
    _printf_str                              0x00000000   Number         0  stubs.o ABSOLUTE
    _printf_truncate_signed                  0x00000000   Number         0  stubs.o ABSOLUTE
    _printf_truncate_unsigned                0x00000000   Number         0  stubs.o ABSOLUTE
    _printf_u                                0x00000000   Number         0  stubs.o ABSOLUTE
    _printf_wc                               0x00000000   Number         0  stubs.o ABSOLUTE
    _printf_wctomb                           0x00000000   Number         0  stubs.o ABSOLUTE
    _printf_widthprec                        0x00000000   Number         0  stubs.o ABSOLUTE
    _printf_x                                0x00000000   Number         0  stubs.o ABSOLUTE
    __cpp_initialize__aeabi_                  - Undefined Weak Reference
    __cxa_finalize                            - Undefined Weak Reference
    __decompress                              - Undefined Weak Reference
    _clock_init                               - Undefined Weak Reference
    _microlib_exit                            - Undefined Weak Reference
    __Vectors_Size                           0x00000400   Number         0  arm_startup_nrf52.o ABSOLUTE
    __Vectors                                0x0001f000   Data           4  arm_startup_nrf52.o(RESET)
    __Vectors_End                            0x0001f400   Data           0  arm_startup_nrf52.o(RESET)
    __main                                   0x0001f401   Thumb Code     0  entry.o(.ARM.Collect$$$$00000000)
    _main_stk                                0x0001f401   Thumb Code     0  entry2.o(.ARM.Collect$$$$00000001)
    _main_scatterload                        0x0001f405   Thumb Code     0  entry5.o(.ARM.Collect$$$$00000004)
    __main_after_scatterload                 0x0001f409   Thumb Code     0  entry5.o(.ARM.Collect$$$$00000004)
    _main_clock                              0x0001f409   Thumb Code     0  entry7b.o(.ARM.Collect$$$$00000008)
    _main_cpp_init                           0x0001f409   Thumb Code     0  entry8b.o(.ARM.Collect$$$$0000000A)
    _main_init                               0x0001f409   Thumb Code     0  entry9a.o(.ARM.Collect$$$$0000000B)
    __rt_final_cpp                           0x0001f411   Thumb Code     0  entry10a.o(.ARM.Collect$$$$0000000D)
    __rt_final_exit                          0x0001f411   Thumb Code     0  entry11a.o(.ARM.Collect$$$$0000000F)
    Reset_Handler                            0x0001f415   Thumb Code     8  arm_startup_nrf52.o(.text)
    NMI_Handler                              0x0001f41d   Thumb Code     2  arm_startup_nrf52.o(.text)
    HardFault_Handler                        0x0001f41f   Thumb Code     2  arm_startup_nrf52.o(.text)
    MemoryManagement_Handler                 0x0001f421   Thumb Code     2  arm_startup_nrf52.o(.text)
    BusFault_Handler                         0x0001f423   Thumb Code     2  arm_startup_nrf52.o(.text)
    UsageFault_Handler                       0x0001f425   Thumb Code     2  arm_startup_nrf52.o(.text)
    SVC_Handler                              0x0001f427   Thumb Code     2  arm_startup_nrf52.o(.text)
    DebugMon_Handler                         0x0001f429   Thumb Code     2  arm_startup_nrf52.o(.text)
    PendSV_Handler                           0x0001f42b   Thumb Code     2  arm_startup_nrf52.o(.text)
    SysTick_Handler                          0x0001f42d   Thumb Code     2  arm_startup_nrf52.o(.text)
    CCM_AAR_IRQHandler                       0x0001f42f   Thumb Code     0  arm_startup_nrf52.o(.text)
    COMP_LPCOMP_IRQHandler                   0x0001f42f   Thumb Code     0  arm_startup_nrf52.o(.text)
    ECB_IRQHandler                           0x0001f42f   Thumb Code     0  arm_startup_nrf52.o(.text)
    FPU_IRQHandler                           0x0001f42f   Thumb Code     0  arm_startup_nrf52.o(.text)
    I2S_IRQHandler                           0x0001f42f   Thumb Code     0  arm_startup_nrf52.o(.text)
    MWU_IRQHandler                           0x0001f42f   Thumb Code     0  arm_startup_nrf52.o(.text)
    NFCT_IRQHandler                          0x0001f42f   Thumb Code     0  arm_startup_nrf52.o(.text)
    PDM_IRQHandler                           0x0001f42f   Thumb Code     0  arm_startup_nrf52.o(.text)
    PWM0_IRQHandler                          0x0001f42f   Thumb Code     0  arm_startup_nrf52.o(.text)
    PWM1_IRQHandler                          0x0001f42f   Thumb Code     0  arm_startup_nrf52.o(.text)
    PWM2_IRQHandler                          0x0001f42f   Thumb Code     0  arm_startup_nrf52.o(.text)
    QDEC_IRQHandler                          0x0001f42f   Thumb Code     0  arm_startup_nrf52.o(.text)
    RADIO_IRQHandler                         0x0001f42f   Thumb Code     0  arm_startup_nrf52.o(.text)
    RNG_IRQHandler                           0x0001f42f   Thumb Code     0  arm_startup_nrf52.o(.text)
    RTC0_IRQHandler                          0x0001f42f   Thumb Code     0  arm_startup_nrf52.o(.text)
    RTC2_IRQHandler                          0x0001f42f   Thumb Code     0  arm_startup_nrf52.o(.text)
    SPIM0_SPIS0_TWIM0_TWIS0_SPI0_TWI0_IRQHandler 0x0001f42f   Thumb Code     0  arm_startup_nrf52.o(.text)
    SPIM1_SPIS1_TWIM1_TWIS1_SPI1_TWI1_IRQHandler 0x0001f42f   Thumb Code     0  arm_startup_nrf52.o(.text)
    SPIM2_SPIS2_SPI2_IRQHandler              0x0001f42f   Thumb Code     0  arm_startup_nrf52.o(.text)
    SWI1_EGU1_IRQHandler                     0x0001f42f   Thumb Code     0  arm_startup_nrf52.o(.text)
    SWI3_EGU3_IRQHandler                     0x0001f42f   Thumb Code     0  arm_startup_nrf52.o(.text)
    SWI4_EGU4_IRQHandler                     0x0001f42f   Thumb Code     0  arm_startup_nrf52.o(.text)
    SWI5_EGU5_IRQHandler                     0x0001f42f   Thumb Code     0  arm_startup_nrf52.o(.text)
    TEMP_IRQHandler                          0x0001f42f   Thumb Code     0  arm_startup_nrf52.o(.text)
    TIMER0_IRQHandler                        0x0001f42f   Thumb Code     0  arm_startup_nrf52.o(.text)
    TIMER1_IRQHandler                        0x0001f42f   Thumb Code     0  arm_startup_nrf52.o(.text)
    TIMER2_IRQHandler                        0x0001f42f   Thumb Code     0  arm_startup_nrf52.o(.text)
    TIMER3_IRQHandler                        0x0001f42f   Thumb Code     0  arm_startup_nrf52.o(.text)
    TIMER4_IRQHandler                        0x0001f42f   Thumb Code     0  arm_startup_nrf52.o(.text)
    WDT_IRQHandler                           0x0001f42f   Thumb Code     0  arm_startup_nrf52.o(.text)
    __aeabi_memcpy                           0x0001f439   Thumb Code    36  memcpya.o(.text)
    __aeabi_memcpy4                          0x0001f439   Thumb Code     0  memcpya.o(.text)
    __aeabi_memcpy8                          0x0001f439   Thumb Code     0  memcpya.o(.text)
    __aeabi_memset                           0x0001f45d   Thumb Code    14  memseta.o(.text)
    __aeabi_memset4                          0x0001f45d   Thumb Code     0  memseta.o(.text)
    __aeabi_memset8                          0x0001f45d   Thumb Code     0  memseta.o(.text)
    __aeabi_memclr                           0x0001f46b   Thumb Code     4  memseta.o(.text)
    __aeabi_memclr4                          0x0001f46b   Thumb Code     0  memseta.o(.text)
    __aeabi_memclr8                          0x0001f46b   Thumb Code     0  memseta.o(.text)
    _memset$wrapper                          0x0001f46f   Thumb Code    18  memseta.o(.text)
    __aeabi_uldivmod                         0x0001f481   Thumb Code    98  uldiv.o(.text)
    __scatterload                            0x0001f4e5   Thumb Code    28  init.o(.text)
    __scatterload_rt2                        0x0001f4e5   Thumb Code     0  init.o(.text)
    __aeabi_llsl                             0x0001f509   Thumb Code    30  llshl.o(.text)
    _ll_shift_l                              0x0001f509   Thumb Code     0  llshl.o(.text)
    __aeabi_llsr                             0x0001f527   Thumb Code    32  llushr.o(.text)
    _ll_ushift_r                             0x0001f527   Thumb Code     0  llushr.o(.text)
    GPIOTE_IRQHandler                        0x0001f549   Thumb Code   362  nrf_drv_gpiote.o(i.GPIOTE_IRQHandler)
    POWER_CLOCK_IRQHandler                   0x0001f74d   Thumb Code    84  nrf_drv_clock.o(i.POWER_CLOCK_IRQHandler)
    RTC1_IRQHandler                          0x0001f7a5   Thumb Code    32  app_timer.o(i.RTC1_IRQHandler)
    SAADC_IRQHandler                         0x0001f7c9   Thumb Code   336  nrf_drv_saadc.o(i.SAADC_IRQHandler)
    SWI0_EGU0_IRQHandler                     0x0001f921   Thumb Code     4  app_timer.o(i.SWI0_EGU0_IRQHandler)
    SWI2_EGU2_IRQHandler                     0x0001f925   Thumb Code    32  softdevice_handler.o(i.SWI2_EGU2_IRQHandler)
    SystemInit                               0x0001f949   Thumb Code   610  system_nrf52.o(i.SystemInit)
    UARTE0_UART0_IRQHandler                  0x0001fbe5   Thumb Code    20  nrf_drv_uart.o(i.UARTE0_UART0_IRQHandler)
    __0printf$8                              0x0001fc01   Thumb Code    22  printf8.o(i.__0printf$8)
    __1printf$8                              0x0001fc01   Thumb Code     0  printf8.o(i.__0printf$8)
    __2printf                                0x0001fc01   Thumb Code     0  printf8.o(i.__0printf$8)
    __scatterload_copy                       0x0001fc21   Thumb Code    14  handlers.o(i.__scatterload_copy)
    __scatterload_null                       0x0001fc2f   Thumb Code     2  handlers.o(i.__scatterload_null)
    __scatterload_zeroinit                   0x0001fc31   Thumb Code    14  handlers.o(i.__scatterload_zeroinit)
    app_button_enable                        0x00020105   Thumb Code    32  app_button.o(i.app_button_enable)
    app_button_init                          0x00020129   Thumb Code    96  app_button.o(i.app_button_init)
    app_error_fault_handler                  0x00020199   Thumb Code    26  app_error_weak.o(i.app_error_fault_handler)
    app_error_handler_bare                   0x000201bd   Thumb Code    22  app_error.o(i.app_error_handler_bare)
    app_fifo_get                             0x000201d3   Thumb Code    22  app_fifo.o(i.app_fifo_get)
    app_fifo_init                            0x000201e9   Thumb Code    32  app_fifo.o(i.app_fifo_init)
    app_fifo_put                             0x00020209   Thumb Code    26  app_fifo.o(i.app_fifo_put)
    app_timer_create                         0x00020225   Thumb Code    32  app_timer.o(i.app_timer_create)
    app_timer_init                           0x00020249   Thumb Code   102  app_timer.o(i.app_timer_init)
    app_timer_start                          0x000202b9   Thumb Code   128  app_timer.o(i.app_timer_start)
    app_timer_stop                           0x00020341   Thumb Code    26  app_timer.o(i.app_timer_stop)
    app_uart_init                            0x00020361   Thumb Code   164  app_uart_fifo.o(i.app_uart_init)
    app_uart_put                             0x00020415   Thumb Code    52  app_uart_fifo.o(i.app_uart_put)
    app_util_critical_region_enter           0x00020451   Thumb Code    64  app_util_platform.o(i.app_util_critical_region_enter)
    app_util_critical_region_exit            0x00020499   Thumb Code    46  app_util_platform.o(i.app_util_critical_region_exit)
    ble_db_discovery_evt_register            0x00020585   Thumb Code    56  ble_db_discovery.o(i.ble_db_discovery_evt_register)
    ble_db_discovery_init                    0x000205c5   Thumb Code    24  ble_db_discovery.o(i.ble_db_discovery_init)
    ble_db_discovery_on_ble_evt              0x000205e1   Thumb Code    70  ble_db_discovery.o(i.ble_db_discovery_on_ble_evt)
    ble_db_discovery_start                   0x0002062d   Thumb Code    84  ble_db_discovery.o(i.ble_db_discovery_start)
    ble_nus_c_handles_assign                 0x00020751   Thumb Code    26  ble_nus_c.o(i.ble_nus_c_handles_assign)
    ble_nus_c_init                           0x0002076d   Thumb Code    72  ble_nus_c.o(i.ble_nus_c_init)
    ble_nus_c_on_ble_evt                     0x000207b9   Thumb Code   102  ble_nus_c.o(i.ble_nus_c_on_ble_evt)
    ble_nus_c_on_db_disc_evt                 0x0002081f   Thumb Code   120  ble_nus_c.o(i.ble_nus_c_on_db_disc_evt)
    ble_nus_c_rx_notif_enable                0x00020899   Thumb Code    66  ble_nus_c.o(i.ble_nus_c_rx_notif_enable)
    ble_nus_c_string_send                    0x000208e1   Thumb Code    58  ble_nus_c.o(i.ble_nus_c_string_send)
    bsp_board_button_idx_to_pin              0x0002097d   Thumb Code     6  boards.o(i.bsp_board_button_idx_to_pin)
    bsp_board_button_state_get               0x00020989   Thumb Code    28  boards.o(i.bsp_board_button_state_get)
    bsp_board_led_invert                     0x000209a9   Thumb Code    32  boards.o(i.bsp_board_led_invert)
    bsp_board_led_off                        0x000209cd   Thumb Code    10  boards.o(i.bsp_board_led_off)
    bsp_board_led_on                         0x000209dd   Thumb Code    10  boards.o(i.bsp_board_led_on)
    bsp_board_led_state_get                  0x000209ed   Thumb Code    28  boards.o(i.bsp_board_led_state_get)
    bsp_board_leds_init                      0x00020a0d   Thumb Code    38  boards.o(i.bsp_board_leds_init)
    bsp_board_leds_off                       0x00020a39   Thumb Code    18  boards.o(i.bsp_board_leds_off)
    bsp_board_leds_on                        0x00020a4b   Thumb Code    18  boards.o(i.bsp_board_leds_on)
    bsp_board_pin_to_button_idx              0x00020a5d   Thumb Code    30  boards.o(i.bsp_board_pin_to_button_idx)
    bsp_btn_ble_init                         0x00020a81   Thumb Code    52  bsp_btn_ble.o(i.bsp_btn_ble_init)
    bsp_btn_ble_on_ble_evt                   0x00020ab9   Thumb Code   106  bsp_btn_ble.o(i.bsp_btn_ble_on_ble_evt)
    bsp_btn_ble_sleep_mode_prepare           0x00020b29   Thumb Code    30  bsp_btn_ble.o(i.bsp_btn_ble_sleep_mode_prepare)
    bsp_button_is_pressed                    0x00020bdd   Thumb Code     4  bsp.o(i.bsp_button_is_pressed)
    bsp_event_handler                        0x00020be1   Thumb Code    62  main.o(i.bsp_event_handler)
    bsp_event_to_button_action_assign        0x00020c25   Thumb Code    64  bsp.o(i.bsp_event_to_button_action_assign)
    bsp_indication_set                       0x00020c69   Thumb Code    20  bsp.o(i.bsp_indication_set)
    bsp_init                                 0x00020c81   Thumb Code   132  bsp.o(i.bsp_init)
    bsp_wakeup_button_enable                 0x00020e8d   Thumb Code    16  bsp.o(i.bsp_wakeup_button_enable)
    fputc                                    0x00021277   Thumb Code    14  retarget.o(i.fputc)
    intern_softdevice_events_execute         0x000212dd   Thumb Code   114  softdevice_handler.o(i.intern_softdevice_events_execute)
    joystick_button_init                     0x000214f9   Thumb Code    10  rc_saadc.o(i.joystick_button_init)
    joystick_button_read                     0x00021509   Thumb Code    14  rc_saadc.o(i.joystick_button_read)
    joystick_init                            0x00021517   Thumb Code    14  rc_saadc.o(i.joystick_init)
    joystick_read                            0x00021525   Thumb Code    52  rc_saadc.o(i.joystick_read)
    main                                     0x000216d1   Thumb Code   158  main.o(i.main)
    nrf_drv_clock_init                       0x000218f1   Thumb Code    64  nrf_drv_clock.o(i.nrf_drv_clock_init)
    nrf_drv_clock_on_sd_enable               0x00021939   Thumb Code    44  nrf_drv_clock.o(i.nrf_drv_clock_on_sd_enable)
    nrf_drv_clock_on_soc_event               0x00021969   Thumb Code    10  nrf_drv_clock.o(i.nrf_drv_clock_on_soc_event)
    nrf_drv_common_irq_enable                0x00021973   Thumb Code    56  nrf_drv_common.o(i.nrf_drv_common_irq_enable)
    nrf_drv_gpiote_in_event_enable           0x000219b1   Thumb Code   156  nrf_drv_gpiote.o(i.nrf_drv_gpiote_in_event_enable)
    nrf_drv_gpiote_in_init                   0x00021a55   Thumb Code   172  nrf_drv_gpiote.o(i.nrf_drv_gpiote_in_init)
    nrf_drv_gpiote_in_is_set                 0x00021b0d   Thumb Code    20  nrf_drv_gpiote.o(i.nrf_drv_gpiote_in_is_set)
    nrf_drv_gpiote_init                      0x00021b21   Thumb Code    84  nrf_drv_gpiote.o(i.nrf_drv_gpiote_init)
    nrf_drv_gpiote_is_init                   0x00021b7d   Thumb Code    14  nrf_drv_gpiote.o(i.nrf_drv_gpiote_is_init)
    nrf_drv_saadc_channel_init               0x00021ba1   Thumb Code    64  nrf_drv_saadc.o(i.nrf_drv_saadc_channel_init)
    nrf_drv_saadc_init                       0x00021be5   Thumb Code   118  nrf_drv_saadc.o(i.nrf_drv_saadc_init)
    nrf_drv_saadc_sample_convert             0x00021c6d   Thumb Code   182  nrf_drv_saadc.o(i.nrf_drv_saadc_sample_convert)
    nrf_drv_uart_init                        0x00021d2d   Thumb Code    98  nrf_drv_uart.o(i.nrf_drv_uart_init)
    nrf_drv_uart_rx                          0x00021d95   Thumb Code   170  nrf_drv_uart.o(i.nrf_drv_uart_rx)
    nrf_drv_uart_rx_enable                   0x00021e45   Thumb Code    42  nrf_drv_uart.o(i.nrf_drv_uart_rx_enable)
    nrf_drv_uart_tx                          0x00021fcd   Thumb Code   262  nrf_drv_uart.o(i.nrf_drv_uart_tx)
    nrf_drv_uart_tx_in_progress              0x000220d9   Thumb Code    18  nrf_drv_uart.o(i.nrf_drv_uart_tx_in_progress)
    nrf_saadc_channel_init                   0x00022239   Thumb Code   100  nrf_saadc.o(i.nrf_saadc_channel_init)
    saadc_callback                           0x00022837   Thumb Code     2  rc_saadc.o(i.saadc_callback)
    saadc_init                               0x00022839   Thumb Code    98  rc_saadc.o(i.saadc_init)
    send_joystick_value                      0x00022939   Thumb Code   174  main.o(i.send_joystick_value)
    send_joystick_value_handle               0x00022a1d   Thumb Code    16  main.o(i.send_joystick_value_handle)
    softdevice_ble_evt_handler_set           0x00022a31   Thumb Code    14  softdevice_handler.o(i.softdevice_ble_evt_handler_set)
    softdevice_enable                        0x00022a45   Thumb Code    14  softdevice_handler.o(i.softdevice_enable)
    softdevice_enable_get_default_config     0x00022a59   Thumb Code    38  softdevice_handler.o(i.softdevice_enable_get_default_config)
    softdevice_fault_handler                 0x00022a7f   Thumb Code     4  softdevice_handler.o(i.softdevice_fault_handler)
    softdevice_handler_init                  0x00022a85   Thumb Code    92  softdevice_handler.o(i.softdevice_handler_init)
    softdevice_handler_is_enabled            0x00022ae9   Thumb Code     6  softdevice_handler.o(i.softdevice_handler_is_enabled)
    Region$$Table$$Base                      0x0002307c   Number         0  anon$$obj.o(Region$$Table)
    Region$$Table$$Limit                     0x0002309c   Number         0  anon$$obj.o(Region$$Table)
    Image$$RW_IRAM1$$Base                    0x20001fe8   Number         0  anon$$obj.o ABSOLUTE
    __stdout                                 0x2000205c   Data           4  retarget.o(.data)
    SystemCoreClock                          0x20002074   Data           4  system_nrf52.o(.data)
    nrf_nvic_state                           0x2000299c   Data          12  app_util_platform.o(.bss)
    __initial_sp                             0x200049a8   Data           0  arm_startup_nrf52.o(STACK)



==============================================================================

Memory Map of the image

  Image Entry point : 0x0001f401

  Load Region LR_IROM1 (Base: 0x0001f000, Size: 0x0000412c, Max: 0x00061000, ABSOLUTE)

    Execution Region ER_IROM1 (Base: 0x0001f000, Size: 0x0000409c, Max: 0x00061000, ABSOLUTE)

    Base Addr    Size         Type   Attr      Idx    E Section Name        Object

    0x0001f000   0x00000400   Data   RO         3012    RESET               arm_startup_nrf52.o
    0x0001f400   0x00000000   Code   RO         3053  * .ARM.Collect$$$$00000000  mc_w.l(entry.o)
    0x0001f400   0x00000004   Code   RO         3327    .ARM.Collect$$$$00000001  mc_w.l(entry2.o)
    0x0001f404   0x00000004   Code   RO         3330    .ARM.Collect$$$$00000004  mc_w.l(entry5.o)
    0x0001f408   0x00000000   Code   RO         3332    .ARM.Collect$$$$00000008  mc_w.l(entry7b.o)
    0x0001f408   0x00000000   Code   RO         3334    .ARM.Collect$$$$0000000A  mc_w.l(entry8b.o)
    0x0001f408   0x00000008   Code   RO         3335    .ARM.Collect$$$$0000000B  mc_w.l(entry9a.o)
    0x0001f410   0x00000000   Code   RO         3337    .ARM.Collect$$$$0000000D  mc_w.l(entry10a.o)
    0x0001f410   0x00000000   Code   RO         3339    .ARM.Collect$$$$0000000F  mc_w.l(entry11a.o)
    0x0001f410   0x00000004   Code   RO         3328    .ARM.Collect$$$$00002712  mc_w.l(entry2.o)
    0x0001f414   0x00000024   Code   RO         3013    .text               arm_startup_nrf52.o
    0x0001f438   0x00000024   Code   RO         3056    .text               mc_w.l(memcpya.o)
    0x0001f45c   0x00000024   Code   RO         3058    .text               mc_w.l(memseta.o)
    0x0001f480   0x00000062   Code   RO         3343    .text               mc_w.l(uldiv.o)
    0x0001f4e2   0x00000002   PAD
    0x0001f4e4   0x00000024   Code   RO         3356    .text               mc_w.l(init.o)
    0x0001f508   0x0000001e   Code   RO         3358    .text               mc_w.l(llshl.o)
    0x0001f526   0x00000020   Code   RO         3360    .text               mc_w.l(llushr.o)
    0x0001f546   0x00000002   PAD
    0x0001f548   0x00000174   Code   RO         1454    i.GPIOTE_IRQHandler  nrf_drv_gpiote.o
    0x0001f6bc   0x00000016   Code   RO         2299    i.NVIC_ClearPendingIRQ  app_timer.o
    0x0001f6d2   0x00000016   Code   RO         2865    i.NVIC_DisableIRQ   softdevice_handler.o
    0x0001f6e8   0x00000016   Code   RO         2300    i.NVIC_EnableIRQ    app_timer.o
    0x0001f6fe   0x00000016   Code   RO         2866    i.NVIC_EnableIRQ    softdevice_handler.o
    0x0001f714   0x00000016   Code   RO         2301    i.NVIC_SetPendingIRQ  app_timer.o
    0x0001f72a   0x00000020   Code   RO         2302    i.NVIC_SetPriority  app_timer.o
    0x0001f74a   0x00000002   PAD
    0x0001f74c   0x00000058   Code   RO         1215    i.POWER_CLOCK_IRQHandler  nrf_drv_clock.o
    0x0001f7a4   0x00000024   Code   RO         2303    i.RTC1_IRQHandler   app_timer.o
    0x0001f7c8   0x00000158   Code   RO         1926    i.SAADC_IRQHandler  nrf_drv_saadc.o
    0x0001f920   0x00000004   Code   RO         2304    i.SWI0_EGU0_IRQHandler  app_timer.o
    0x0001f924   0x00000024   Code   RO         2867    i.SWI2_EGU2_IRQHandler  softdevice_handler.o
    0x0001f948   0x0000029c   Code   RO         3021    i.SystemInit        system_nrf52.o
    0x0001fbe4   0x0000001c   Code   RO         1694    i.UARTE0_UART0_IRQHandler  nrf_drv_uart.o
    0x0001fc00   0x00000020   Code   RO         3273    i.__0printf$8       mc_w.l(printf8.o)
    0x0001fc20   0x0000000e   Code   RO         3368    i.__scatterload_copy  mc_w.l(handlers.o)
    0x0001fc2e   0x00000002   Code   RO         3369    i.__scatterload_null  mc_w.l(handlers.o)
    0x0001fc30   0x0000000e   Code   RO         3370    i.__scatterload_zeroinit  mc_w.l(handlers.o)
    0x0001fc3e   0x00000002   PAD
    0x0001fc40   0x00000024   Code   RO         2868    i.__sd_nvic_app_accessible_irq  softdevice_handler.o
    0x0001fc64   0x00000410   Code   RO         3280    i._printf_core      mc_w.l(printf8.o)
    0x00020074   0x00000024   Code   RO         3281    i._printf_post_padding  mc_w.l(printf8.o)
    0x00020098   0x0000002e   Code   RO         3282    i._printf_pre_padding  mc_w.l(printf8.o)
    0x000200c6   0x00000036   Code   RO          699    i.advertising_buttons_configure  bsp_btn_ble.o
    0x000200fc   0x00000006   Code   RO          581    i.alert_timer_handler  bsp.o
    0x00020102   0x00000002   PAD
    0x00020104   0x00000024   Code   RO         2094    i.app_button_enable  app_button.o
    0x00020128   0x00000070   Code   RO         2095    i.app_button_init   app_button.o
    0x00020198   0x00000024   Code   RO         2198    i.app_error_fault_handler  app_error_weak.o
    0x000201bc   0x00000016   Code   RO         2159    i.app_error_handler_bare  app_error.o
    0x000201d2   0x00000016   Code   RO         2227    i.app_fifo_get      app_fifo.o
    0x000201e8   0x00000020   Code   RO         2228    i.app_fifo_init     app_fifo.o
    0x00020208   0x0000001a   Code   RO         2230    i.app_fifo_put      app_fifo.o
    0x00020222   0x00000002   PAD
    0x00020224   0x00000024   Code   RO         2307    i.app_timer_create  app_timer.o
    0x00020248   0x00000070   Code   RO         2308    i.app_timer_init    app_timer.o
    0x000202b8   0x00000088   Code   RO         2309    i.app_timer_start   app_timer.o
    0x00020340   0x00000020   Code   RO         2310    i.app_timer_stop    app_timer.o
    0x00020360   0x000000b4   Code   RO         2462    i.app_uart_init     app_uart_fifo.o
    0x00020414   0x0000003c   Code   RO         2463    i.app_uart_put      app_uart_fifo.o
    0x00020450   0x00000048   Code   RO         2528    i.app_util_critical_region_enter  app_util_platform.o
    0x00020498   0x00000034   Code   RO         2529    i.app_util_critical_region_exit  app_util_platform.o
    0x000204cc   0x000000b8   Code   RO         1695    i.apply_config      nrf_drv_uart.o
    0x00020584   0x00000040   Code   RO          970    i.ble_db_discovery_evt_register  ble_db_discovery.o
    0x000205c4   0x0000001c   Code   RO          971    i.ble_db_discovery_init  ble_db_discovery.o
    0x000205e0   0x0000004c   Code   RO          972    i.ble_db_discovery_on_ble_evt  ble_db_discovery.o
    0x0002062c   0x0000005c   Code   RO          973    i.ble_db_discovery_start  ble_db_discovery.o
    0x00020688   0x00000028   Code   RO            5    i.ble_evt_dispatch  main.o
    0x000206b0   0x000000a0   Code   RO            6    i.ble_nus_c_evt_handler  main.o
    0x00020750   0x0000001a   Code   RO         1145    i.ble_nus_c_handles_assign  ble_nus_c.o
    0x0002076a   0x00000002   PAD
    0x0002076c   0x0000004c   Code   RO         1146    i.ble_nus_c_init    ble_nus_c.o
    0x000207b8   0x00000066   Code   RO         1147    i.ble_nus_c_on_ble_evt  ble_nus_c.o
    0x0002081e   0x00000078   Code   RO         1148    i.ble_nus_c_on_db_disc_evt  ble_nus_c.o
    0x00020896   0x00000002   PAD
    0x00020898   0x00000048   Code   RO         1149    i.ble_nus_c_rx_notif_enable  ble_nus_c.o
    0x000208e0   0x00000040   Code   RO         1150    i.ble_nus_c_string_send  ble_nus_c.o
    0x00020920   0x0000005c   Code   RO            7    i.ble_stack_init    main.o
    0x0002097c   0x0000000c   Code   RO          472    i.bsp_board_button_idx_to_pin  boards.o
    0x00020988   0x00000020   Code   RO          473    i.bsp_board_button_state_get  boards.o
    0x000209a8   0x00000024   Code   RO          476    i.bsp_board_led_invert  boards.o
    0x000209cc   0x00000010   Code   RO          477    i.bsp_board_led_off  boards.o
    0x000209dc   0x00000010   Code   RO          478    i.bsp_board_led_on  boards.o
    0x000209ec   0x00000020   Code   RO          479    i.bsp_board_led_state_get  boards.o
    0x00020a0c   0x0000002c   Code   RO          480    i.bsp_board_leds_init  boards.o
    0x00020a38   0x00000012   Code   RO          481    i.bsp_board_leds_off  boards.o
    0x00020a4a   0x00000012   Code   RO          482    i.bsp_board_leds_on  boards.o
    0x00020a5c   0x00000024   Code   RO          483    i.bsp_board_pin_to_button_idx  boards.o
    0x00020a80   0x00000038   Code   RO          700    i.bsp_btn_ble_init  bsp_btn_ble.o
    0x00020ab8   0x00000070   Code   RO          701    i.bsp_btn_ble_on_ble_evt  bsp_btn_ble.o
    0x00020b28   0x0000001e   Code   RO          702    i.bsp_btn_ble_sleep_mode_prepare  bsp_btn_ble.o
    0x00020b46   0x00000002   PAD
    0x00020b48   0x00000094   Code   RO          582    i.bsp_button_event_handler  bsp.o
    0x00020bdc   0x00000004   Code   RO          583    i.bsp_button_is_pressed  bsp.o
    0x00020be0   0x00000044   Code   RO            8    i.bsp_event_handler  main.o
    0x00020c24   0x00000044   Code   RO          586    i.bsp_event_to_button_action_assign  bsp.o
    0x00020c68   0x00000018   Code   RO          587    i.bsp_indication_set  bsp.o
    0x00020c80   0x00000098   Code   RO          588    i.bsp_init          bsp.o
    0x00020d18   0x00000174   Code   RO          589    i.bsp_led_indication  bsp.o
    0x00020e8c   0x00000010   Code   RO          591    i.bsp_wakeup_button_enable  bsp.o
    0x00020e9c   0x00000008   Code   RO          592    i.button_timer_handler  bsp.o
    0x00020ea4   0x0000001c   Code   RO         1455    i.channel_free      nrf_drv_gpiote.o
    0x00020ec0   0x00000048   Code   RO         1456    i.channel_port_alloc  nrf_drv_gpiote.o
    0x00020f08   0x00000010   Code   RO         1457    i.channel_port_get  nrf_drv_gpiote.o
    0x00020f18   0x00000042   Code   RO          974    i.characteristics_discover  ble_db_discovery.o
    0x00020f5a   0x00000002   PAD
    0x00020f5c   0x00000028   Code   RO         1216    i.clock_clk_started_notify  nrf_drv_clock.o
    0x00020f84   0x000000ac   Code   RO         2312    i.compare_reg_update  app_timer.o
    0x00021030   0x0000000c   Code   RO            9    i.db_disc_handler   main.o
    0x0002103c   0x0000008c   Code   RO          975    i.descriptors_discover  ble_db_discovery.o
    0x000210c8   0x00000060   Code   RO         2097    i.detection_delay_timeout_handler  app_button.o
    0x00021128   0x000000b4   Code   RO          976    i.discovery_complete_evt_trigger  ble_db_discovery.o
    0x000211dc   0x00000034   Code   RO          977    i.discovery_error_evt_trigger  ble_db_discovery.o
    0x00021210   0x00000040   Code   RO         2313    i.elapsed_ticks_acquire  app_timer.o
    0x00021250   0x00000014   Code   RO         2233    i.fifo_get          app_fifo.o
    0x00021264   0x00000012   Code   RO         2234    i.fifo_put          app_fifo.o
    0x00021276   0x0000000e   Code   RO         2626    i.fputc             retarget.o
    0x00021284   0x00000058   Code   RO         2098    i.gpiote_event_handler  app_button.o
    0x000212dc   0x00000078   Code   RO         2869    i.intern_softdevice_events_execute  softdevice_handler.o
    0x00021354   0x00000078   Code   RO         1696    i.interrupts_enable  nrf_drv_uart.o
    0x000213cc   0x0000004c   Code   RO          978    i.is_desc_discovery_reqd  ble_db_discovery.o
    0x00021418   0x000000e0   Code   RO           10    i.is_uuid_present   main.o
    0x000214f8   0x00000010   Code   RO          320    i.joystick_button_init  rc_saadc.o
    0x00021508   0x0000000e   Code   RO          321    i.joystick_button_read  rc_saadc.o
    0x00021516   0x0000000e   Code   RO          322    i.joystick_init     rc_saadc.o
    0x00021524   0x00000038   Code   RO          323    i.joystick_read     rc_saadc.o
    0x0002155c   0x00000014   Code   RO          593    i.leds_timer_handler  bsp.o
    0x00021570   0x000000a8   Code   RO         2314    i.list_deletions_handler  app_timer.o
    0x00021618   0x000000b8   Code   RO         2315    i.list_insertions_handler  app_timer.o
    0x000216d0   0x000000d8   Code   RO           11    i.main              main.o
    0x000217a8   0x00000010   Code   RO         1458    i.nrf_bitmask_bit_is_set  nrf_drv_gpiote.o
    0x000217b8   0x0000000e   Code   RO         1220    i.nrf_clock_event_check  nrf_drv_clock.o
    0x000217c6   0x00000010   Code   RO         1221    i.nrf_clock_event_clear  nrf_drv_clock.o
    0x000217d6   0x00000002   PAD
    0x000217d8   0x0000008c   Code   RO           12    i.nrf_delay_us      main.o
    0x00021864   0x0000008c   Code   RO         2316    i.nrf_delay_us      app_timer.o
    0x000218f0   0x00000048   Code   RO         1228    i.nrf_drv_clock_init  nrf_drv_clock.o
    0x00021938   0x00000030   Code   RO         1235    i.nrf_drv_clock_on_sd_enable  nrf_drv_clock.o
    0x00021968   0x0000000a   Code   RO         1236    i.nrf_drv_clock_on_soc_event  nrf_drv_clock.o
    0x00021972   0x00000038   Code   RO         1408    i.nrf_drv_common_irq_enable  nrf_drv_common.o
    0x000219aa   0x00000006   Code   RO         1698    i.nrf_drv_get_IRQn  nrf_drv_uart.o
    0x000219b0   0x000000a4   Code   RO         1463    i.nrf_drv_gpiote_in_event_enable  nrf_drv_gpiote.o
    0x00021a54   0x000000b8   Code   RO         1464    i.nrf_drv_gpiote_in_init  nrf_drv_gpiote.o
    0x00021b0c   0x00000014   Code   RO         1465    i.nrf_drv_gpiote_in_is_set  nrf_drv_gpiote.o
    0x00021b20   0x0000005c   Code   RO         1467    i.nrf_drv_gpiote_init  nrf_drv_gpiote.o
    0x00021b7c   0x00000014   Code   RO         1468    i.nrf_drv_gpiote_is_init  nrf_drv_gpiote.o
    0x00021b90   0x00000010   Code   RO         1699    i.nrf_drv_is_in_RAM  nrf_drv_uart.o
    0x00021ba0   0x00000044   Code   RO         1930    i.nrf_drv_saadc_channel_init  nrf_drv_saadc.o
    0x00021be4   0x00000088   Code   RO         1932    i.nrf_drv_saadc_init  nrf_drv_saadc.o
    0x00021c6c   0x000000c0   Code   RO         1936    i.nrf_drv_saadc_sample_convert  nrf_drv_saadc.o
    0x00021d2c   0x00000068   Code   RO         1701    i.nrf_drv_uart_init  nrf_drv_uart.o
    0x00021d94   0x000000b0   Code   RO         1702    i.nrf_drv_uart_rx   nrf_drv_uart.o
    0x00021e44   0x00000030   Code   RO         1705    i.nrf_drv_uart_rx_enable  nrf_drv_uart.o
    0x00021e74   0x000000a8   Code   RO         1706    i.nrf_drv_uart_rx_for_uart  nrf_drv_uart.o
    0x00021f1c   0x000000b0   Code   RO         1707    i.nrf_drv_uart_rx_for_uarte  nrf_drv_uart.o
    0x00021fcc   0x0000010c   Code   RO         1708    i.nrf_drv_uart_tx   nrf_drv_uart.o
    0x000220d8   0x00000018   Code   RO         1710    i.nrf_drv_uart_tx_in_progress  nrf_drv_uart.o
    0x000220f0   0x00000024   Code   RO          485    i.nrf_gpio_cfg      boards.o
    0x00022114   0x00000024   Code   RO         1482    i.nrf_gpio_cfg      nrf_drv_gpiote.o
    0x00022138   0x00000024   Code   RO         1712    i.nrf_gpio_cfg      nrf_drv_uart.o
    0x0002215c   0x00000012   Code   RO         1714    i.nrf_gpio_cfg_input  nrf_drv_uart.o
    0x0002216e   0x00000014   Code   RO         1715    i.nrf_gpio_cfg_output  nrf_drv_uart.o
    0x00022182   0x00000022   Code   RO          594    i.nrf_gpio_cfg_sense_set  bsp.o
    0x000221a4   0x00000022   Code   RO         1484    i.nrf_gpio_cfg_sense_set  nrf_drv_gpiote.o
    0x000221c6   0x00000016   Code   RO          486    i.nrf_gpio_pin_write  boards.o
    0x000221dc   0x00000028   Code   RO         1485    i.nrf_gpio_ports_read  nrf_drv_gpiote.o
    0x00022204   0x00000014   Code   RO         1486    i.nrf_gpiote_event_clear  nrf_drv_gpiote.o
    0x00022218   0x00000010   Code   RO         1487    i.nrf_gpiote_event_is_set  nrf_drv_gpiote.o
    0x00022228   0x00000010   Code   RO         1939    i.nrf_saadc_buffer_init  nrf_drv_saadc.o
    0x00022238   0x00000068   Code   RO         2066    i.nrf_saadc_channel_init  nrf_saadc.o
    0x000222a0   0x00000014   Code   RO         1940    i.nrf_saadc_channel_input_set  nrf_drv_saadc.o
    0x000222b4   0x00000010   Code   RO         1941    i.nrf_saadc_event_check  nrf_drv_saadc.o
    0x000222c4   0x00000014   Code   RO         1942    i.nrf_saadc_event_clear  nrf_drv_saadc.o
    0x000222d8   0x0000000a   Code   RO         1716    i.nrf_uart_event_check  nrf_drv_uart.o
    0x000222e2   0x0000000c   Code   RO         1717    i.nrf_uart_event_clear  nrf_drv_uart.o
    0x000222ee   0x0000000c   Code   RO         1718    i.nrf_uart_int_enable_check  nrf_drv_uart.o
    0x000222fa   0x0000000a   Code   RO         1719    i.nrf_uarte_event_check  nrf_drv_uart.o
    0x00022304   0x0000000c   Code   RO         1720    i.nrf_uarte_event_clear  nrf_drv_uart.o
    0x00022310   0x0000012c   Code   RO           13    i.on_ble_evt        main.o
    0x0002243c   0x00000114   Code   RO          979    i.on_characteristic_discovery_rsp  ble_db_discovery.o
    0x00022550   0x000000f0   Code   RO          980    i.on_descriptor_discovery_rsp  ble_db_discovery.o
    0x00022640   0x0000006c   Code   RO          981    i.on_primary_srv_discovery_rsp  ble_db_discovery.o
    0x000226ac   0x0000007c   Code   RO          982    i.on_srv_disc_completion  ble_db_discovery.o
    0x00022728   0x00000018   Code   RO         1488    i.pin_in_use_by_port  nrf_drv_gpiote.o
    0x00022740   0x00000018   Code   RO         1489    i.pin_in_use_by_te  nrf_drv_gpiote.o
    0x00022758   0x00000038   Code   RO          983    i.registered_handler_get  ble_db_discovery.o
    0x00022790   0x0000003c   Code   RO         2317    i.rtc1_stop         app_timer.o
    0x000227cc   0x00000032   Code   RO         1722    i.rx_byte           nrf_drv_uart.o
    0x000227fe   0x00000018   Code   RO         1723    i.rx_done_event     nrf_drv_uart.o
    0x00022816   0x00000020   Code   RO         1724    i.rx_enable         nrf_drv_uart.o
    0x00022836   0x00000002   Code   RO          324    i.saadc_callback    rc_saadc.o
    0x00022838   0x0000006c   Code   RO          326    i.saadc_init        rc_saadc.o
    0x000228a4   0x00000024   Code   RO           14    i.scan_start        main.o
    0x000228c8   0x00000070   Code   RO         2871    i.sd_nvic_EnableIRQ  softdevice_handler.o
    0x00022938   0x000000e4   Code   RO           15    i.send_joystick_value  main.o
    0x00022a1c   0x00000014   Code   RO           16    i.send_joystick_value_handle  main.o
    0x00022a30   0x00000014   Code   RO         2872    i.softdevice_ble_evt_handler_set  softdevice_handler.o
    0x00022a44   0x00000014   Code   RO         2873    i.softdevice_enable  softdevice_handler.o
    0x00022a58   0x00000026   Code   RO         2874    i.softdevice_enable_get_default_config  softdevice_handler.o
    0x00022a7e   0x00000004   Code   RO         2875    i.softdevice_fault_handler  softdevice_handler.o
    0x00022a82   0x00000002   PAD
    0x00022a84   0x00000064   Code   RO         2876    i.softdevice_handler_init  softdevice_handler.o
    0x00022ae8   0x0000000c   Code   RO         2877    i.softdevice_handler_is_enabled  softdevice_handler.o
    0x00022af4   0x0000008c   Code   RO         2318    i.timer_list_handler  app_timer.o
    0x00022b80   0x0000003c   Code   RO         2319    i.timer_list_insert  app_timer.o
    0x00022bbc   0x00000048   Code   RO         2320    i.timer_stop_op_schedule  app_timer.o
    0x00022c04   0x00000084   Code   RO         2321    i.timer_timeouts_check  app_timer.o
    0x00022c88   0x00000020   Code   RO         1725    i.tx_byte           nrf_drv_uart.o
    0x00022ca8   0x0000001c   Code   RO         1726    i.tx_done_event     nrf_drv_uart.o
    0x00022cc4   0x000000a0   Code   RO         2464    i.uart_event_handler  app_uart_fifo.o
    0x00022d64   0x0000011e   Code   RO         1727    i.uart_irq_handler  nrf_drv_uart.o
    0x00022e82   0x000000f0   Code   RO         1728    i.uarte_irq_handler  nrf_drv_uart.o
    0x00022f72   0x00000002   PAD
    0x00022f74   0x00000030   Code   RO         2322    i.user_op_alloc     app_timer.o
    0x00022fa4   0x00000030   Data   RO           19    .constdata          main.o
    0x00022fd4   0x00000019   Data   RO          327    .constdata          rc_saadc.o
    0x00022fed   0x00000008   Data   RO          487    .constdata          boards.o
    0x00022ff5   0x00000003   PAD
    0x00022ff8   0x0000002c   Data   RO          599    .constdata          bsp.o
    0x00023024   0x00000028   Data   RO         1151    .constdata          ble_nus_c.o
    0x0002304c   0x00000004   Data   RO         1491    .constdata          nrf_drv_gpiote.o
    0x00023050   0x00000004   Data   RO         1945    .constdata          nrf_drv_saadc.o
    0x00023054   0x00000008   Data   RO         2100    .constdata          app_button.o
    0x0002305c   0x00000020   Data   RO         2466    .constdata          app_uart_fifo.o
    0x0002307c   0x00000020   Data   RO         3366    Region$$Table       anon$$obj.o


    Execution Region RW_IRAM1 (Base: 0x20001fe8, Size: 0x000029c0, Max: 0x0000e018, ABSOLUTE)

    Base Addr    Size         Type   Attr      Idx    E Section Name        Object

    0x20001fe8   0x00000004   Data   RW          328    .data               rc_saadc.o
    0x20001fec   0x00000014   Data   RW          600    .data               bsp.o
    0x20002000   0x00000008   Data   RW          703    .data               bsp_btn_ble.o
    0x20002008   0x00000010   Data   RW          985    .data               ble_db_discovery.o
    0x20002018   0x00000014   Data   RW         2101    .data               app_button.o
    0x2000202c   0x00000020   Data   RW         2323    .data               app_timer.o
    0x2000204c   0x00000010   Data   RW         2467    .data               app_uart_fifo.o
    0x2000205c   0x00000004   Data   RW         2627    .data               retarget.o
    0x20002060   0x00000014   Data   RW         2883    .data               softdevice_handler.o
    0x20002074   0x00000004   Data   RW         3022    .data               system_nrf52.o
    0x20002078   0x0000051c   Zero   RW           18    .bss                main.o
    0x20002594   0x00000020   Zero   RW          595    .bss                bsp.o
    0x200025b4   0x00000020   Zero   RW          596    .bss                bsp.o
    0x200025d4   0x0000000c   Zero   RW          597    .bss                bsp.o
    0x200025e0   0x00000020   Zero   RW          598    .bss                bsp.o
    0x20002600   0x000002a0   Zero   RW          984    .bss                ble_db_discovery.o
    0x200028a0   0x00000014   Zero   RW         1238    .bss                nrf_drv_clock.o
    0x200028b4   0x00000058   Zero   RW         1490    .bss                nrf_drv_gpiote.o
    0x2000290c   0x00000020   Zero   RW         1729    .bss                nrf_drv_uart.o
    0x2000292c   0x00000030   Zero   RW         1944    .bss                nrf_drv_saadc.o
    0x2000295c   0x00000020   Zero   RW         2099    .bss                app_button.o
    0x2000297c   0x00000020   Zero   RW         2465    .bss                app_uart_fifo.o
    0x2000299c   0x0000000c   Zero   RW         2532    .bss                app_util_platform.o
    0x200029a8   0x00002000   Zero   RW         3010    STACK               arm_startup_nrf52.o


==============================================================================

Image component sizes


      Code (inc. data)   RO Data    RW Data    ZI Data      Debug   Object Name

       332         34          8         20         32      10114   app_button.o
        22          0          0          0          0       2229   app_error.o
        36         10          0          0          0      27349   app_error_weak.o
       118          0          0          0          0       4970   app_fifo.o
      1694        114          0         32          0      64371   app_timer.o
       400         32         32         16         32      11775   app_uart_fifo.o
       124         14          0          0         12       9474   app_util_platform.o
        36          8       1024          0       8192        920   arm_startup_nrf52.o
      1578         66          0         16        672      18003   ble_db_discovery.o
       460         16         40          0          0      17366   ble_nus_c.o
       318         42          8          0          0      13288   boards.o
       852         78         44         20        108      19287   bsp.o
       252         10          0          8          0      44417   bsp_btn_ble.o
      1536        304         48          0       1308      97862   main.o
       288         22          0          0         20      19484   nrf_drv_clock.o
        56          0          0          0          0      29283   nrf_drv_common.o
      1178         84          4          0         88      28492   nrf_drv_gpiote.o
       812         58          4          0         48      17832   nrf_drv_saadc.o
      2140         66          0          0         32      42221   nrf_drv_uart.o
       104          4          0          0          0       6645   nrf_saadc.o
       210         20         25          4          0      16272   rc_saadc.o
         0          0          0          0          0       1884   rc_unit_test.o
        14          0          0          4          0       2854   retarget.o
       542         46          0         20          0      43039   softdevice_handler.o
       668         58          0          4          0       2719   system_nrf52.o

    ----------------------------------------------------------------------
     13790       1086       1272        144      10544     552150   Object Totals
         0          0         32          0          0          0   (incl. Generated)
        20          0          3          0          0          0   (incl. Padding)

    ----------------------------------------------------------------------

      Code (inc. data)   RO Data    RW Data    ZI Data      Debug   Library Member Name

         0          0          0          0          0          0   entry.o
         0          0          0          0          0          0   entry10a.o
         0          0          0          0          0          0   entry11a.o
         8          4          0          0          0          0   entry2.o
         4          0          0          0          0          0   entry5.o
         0          0          0          0          0          0   entry7b.o
         0          0          0          0          0          0   entry8b.o
         8          4          0          0          0          0   entry9a.o
        30          0          0          0          0          0   handlers.o
        36          8          0          0          0         68   init.o
        30          0          0          0          0         68   llshl.o
        32          0          0          0          0         68   llushr.o
        36          0          0          0          0         68   memcpya.o
        36          0          0          0          0        108   memseta.o
      1154         54          0          0          0        352   printf8.o
        98          0          0          0          0         92   uldiv.o

    ----------------------------------------------------------------------
      1478         70          0          0          0        824   Library Totals
         6          0          0          0          0          0   (incl. Padding)

    ----------------------------------------------------------------------

      Code (inc. data)   RO Data    RW Data    ZI Data      Debug   Library Name

      1472         70          0          0          0        824   mc_w.l

    ----------------------------------------------------------------------
      1478         70          0          0          0        824   Library Totals

    ----------------------------------------------------------------------

==============================================================================


      Code (inc. data)   RO Data    RW Data    ZI Data      Debug   

     15268       1156       1272        144      10544     535614   Grand Totals
     15268       1156       1272        144      10544     535614   ELF Image Totals
     15268       1156       1272        144          0          0   ROM Totals

==============================================================================

    Total RO  Size (Code + RO Data)                16540 (  16.15kB)
    Total RW  Size (RW Data + ZI Data)             10688 (  10.44kB)
    Total ROM Size (Code + RO Data + RW Data)      16684 (  16.29kB)

==============================================================================

