Component: ARM Compiler 5.06 update 1 (build 61) Tool: armlink [4d35a8]

==============================================================================

Section Cross References

    main.o(i.assert_nrf_callback) refers to app_error.o(i.app_error_handler) for app_error_handler
    main.o(i.ble_evt_dispatch) refers to ble_conn_state.o(i.ble_conn_state_on_ble_evt) for ble_conn_state_on_ble_evt
    main.o(i.ble_evt_dispatch) refers to main.o(i.on_ble_evt) for on_ble_evt
    main.o(i.ble_evt_dispatch) refers to ble_db_discovery.o(i.ble_db_discovery_on_ble_evt) for ble_db_discovery_on_ble_evt
    main.o(i.ble_evt_dispatch) refers to ble_lbs_c.o(i.ble_lbs_c_on_ble_evt) for ble_lbs_c_on_ble_evt
    main.o(i.ble_evt_dispatch) refers to main.o(.bss) for .bss
    main.o(i.ble_stack_init) refers to softdevice_handler.o(i.softdevice_handler_init) for softdevice_handler_init
    main.o(i.ble_stack_init) refers to app_error.o(i.app_error_handler_bare) for app_error_handler_bare
    main.o(i.ble_stack_init) refers to softdevice_handler.o(i.softdevice_enable_get_default_config) for softdevice_enable_get_default_config
    main.o(i.ble_stack_init) refers to softdevice_handler.o(i.softdevice_enable) for softdevice_enable
    main.o(i.ble_stack_init) refers to softdevice_handler.o(i.softdevice_ble_evt_handler_set) for softdevice_ble_evt_handler_set
    main.o(i.ble_stack_init) refers to main.o(.constdata) for .constdata
    main.o(i.ble_stack_init) refers to main.o(.bss) for .bss
    main.o(i.ble_stack_init) refers to main.o(i.ble_evt_dispatch) for ble_evt_dispatch
    main.o(i.button_event_handler) refers to app_error.o(i.app_error_handler_bare) for app_error_handler_bare
    main.o(i.button_event_handler) refers to ble_lbs_c.o(i.ble_lbs_led_status_send) for ble_lbs_led_status_send
    main.o(i.button_event_handler) refers to main.o(.bss) for .bss
    main.o(i.db_disc_handler) refers to ble_lbs_c.o(i.ble_lbs_on_db_disc_evt) for ble_lbs_on_db_disc_evt
    main.o(i.db_disc_handler) refers to main.o(.bss) for .bss
    main.o(i.lbs_c_evt_handler) refers to boards.o(i.bsp_board_led_on) for bsp_board_led_on
    main.o(i.lbs_c_evt_handler) refers to app_button.o(i.app_button_enable) for app_button_enable
    main.o(i.lbs_c_evt_handler) refers to app_error.o(i.app_error_handler_bare) for app_error_handler_bare
    main.o(i.lbs_c_evt_handler) refers to ble_lbs_c.o(i.ble_lbs_c_button_notif_enable) for ble_lbs_c_button_notif_enable
    main.o(i.lbs_c_evt_handler) refers to boards.o(i.bsp_board_led_off) for bsp_board_led_off
    main.o(i.main) refers to boards.o(i.bsp_board_leds_init) for bsp_board_leds_init
    main.o(i.main) refers to app_timer.o(i.app_timer_init) for app_timer_init
    main.o(i.main) refers to app_error.o(i.app_error_handler_bare) for app_error_handler_bare
    main.o(i.main) refers to app_button.o(i.app_button_init) for app_button_init
    main.o(i.main) refers to main.o(i.ble_stack_init) for ble_stack_init
    main.o(i.main) refers to ble_db_discovery.o(i.ble_db_discovery_init) for ble_db_discovery_init
    main.o(i.main) refers to ble_lbs_c.o(i.ble_lbs_c_init) for ble_lbs_c_init
    main.o(i.main) refers to main.o(i.scan_start) for scan_start
    main.o(i.main) refers to boards.o(i.bsp_board_led_on) for bsp_board_led_on
    main.o(i.main) refers to main.o(.bss) for .bss
    main.o(i.main) refers to main.o(.data) for .data
    main.o(i.main) refers to main.o(i.db_disc_handler) for db_disc_handler
    main.o(i.main) refers to main.o(i.lbs_c_evt_handler) for lbs_c_evt_handler
    main.o(i.on_adv_report) refers to main.o(i.adv_report_parse) for adv_report_parse
    main.o(i.on_adv_report) refers to strlen.o(.text) for strlen
    main.o(i.on_adv_report) refers to memcmp.o(.text) for memcmp
    main.o(i.on_adv_report) refers to main.o(.constdata) for .constdata
    main.o(i.on_ble_evt) refers to main.o(i.on_adv_report) for on_adv_report
    main.o(i.on_ble_evt) refers to app_error.o(i.app_error_handler_bare) for app_error_handler_bare
    main.o(i.on_ble_evt) refers to ble_lbs_c.o(i.ble_lbs_c_handles_assign) for ble_lbs_c_handles_assign
    main.o(i.on_ble_evt) refers to ble_db_discovery.o(i.ble_db_discovery_start) for ble_db_discovery_start
    main.o(i.on_ble_evt) refers to boards.o(i.bsp_board_led_on) for bsp_board_led_on
    main.o(i.on_ble_evt) refers to ble_conn_state.o(i.ble_conn_state_n_centrals) for ble_conn_state_n_centrals
    main.o(i.on_ble_evt) refers to main.o(i.scan_start) for scan_start
    main.o(i.on_ble_evt) refers to app_button.o(i.app_button_disable) for app_button_disable
    main.o(i.on_ble_evt) refers to boards.o(i.bsp_board_led_off) for bsp_board_led_off
    main.o(i.on_ble_evt) refers to main.o(.bss) for .bss
    main.o(i.scan_start) refers to app_error.o(i.app_error_handler_bare) for app_error_handler_bare
    main.o(i.scan_start) refers to bsp.o(i.bsp_indication_set) for bsp_indication_set
    main.o(i.scan_start) refers to main.o(.constdata) for .constdata
[...]
    Removing ble_lbs_c.o(.revsh_text), (4 bytes).
    Removing ble_lbs_c.o(.rrx_text), (6 bytes).
    Removing nrf_drv_clock.o(.rev16_text), (4 bytes).
    Removing nrf_drv_clock.o(.revsh_text), (4 bytes).
    Removing nrf_drv_clock.o(.rrx_text), (6 bytes).
    Removing nrf_drv_clock.o(i.hfclk_stop), (44 bytes).
    Removing nrf_drv_clock.o(i.item_enqueue), (22 bytes).
    Removing nrf_drv_clock.o(i.lfclk_stop), (40 bytes).
    Removing nrf_drv_clock.o(i.nrf_clock_hf_is_running), (28 bytes).
    Removing nrf_drv_clock.o(i.nrf_drv_clock_calibration_abort), (4 bytes).
    Removing nrf_drv_clock.o(i.nrf_drv_clock_calibration_start), (4 bytes).
    Removing nrf_drv_clock.o(i.nrf_drv_clock_hfclk_is_running), (32 bytes).
    Removing nrf_drv_clock.o(i.nrf_drv_clock_hfclk_release), (44 bytes).
    Removing nrf_drv_clock.o(i.nrf_drv_clock_hfclk_request), (108 bytes).
    Removing nrf_drv_clock.o(i.nrf_drv_clock_init_check), (12 bytes).
    Removing nrf_drv_clock.o(i.nrf_drv_clock_is_calibrating), (4 bytes).
    Removing nrf_drv_clock.o(i.nrf_drv_clock_lfclk_is_running), (28 bytes).
    Removing nrf_drv_clock.o(i.nrf_drv_clock_lfclk_release), (44 bytes).
    Removing nrf_drv_clock.o(i.nrf_drv_clock_lfclk_request), (104 bytes).
    Removing nrf_drv_clock.o(i.nrf_drv_clock_on_sd_disable), (18 bytes).
    Removing nrf_drv_clock.o(i.nrf_drv_clock_uninit), (40 bytes).
    Removing nrf_drv_clock.o(.constdata), (19 bytes).
    Removing nrf_drv_clock.o(.constdata), (32 bytes).
    Removing nrf_drv_clock.o(.constdata), (32 bytes).
    Removing nrf_drv_clock.o(.constdata), (29 bytes).
    Removing nrf_drv_common.o(.rev16_text), (4 bytes).
    Removing nrf_drv_common.o(.revsh_text), (4 bytes).
    Removing nrf_drv_common.o(.rrx_text), (6 bytes).
    Removing nrf_drv_common.o(i.nrf_drv_common_clock_irq_disable), (12 bytes).
    Removing nrf_drv_gpiote.o(.rev16_text), (4 bytes).
    Removing nrf_drv_gpiote.o(.revsh_text), (4 bytes).
    Removing nrf_drv_gpiote.o(.rrx_text), (6 bytes).
    Removing nrf_drv_gpiote.o(i.nrf_drv_gpiote_clr_task_addr_get), (24 bytes).
    Removing nrf_drv_gpiote.o(i.nrf_drv_gpiote_clr_task_trigger), (28 bytes).
    Removing nrf_drv_gpiote.o(i.nrf_drv_gpiote_in_event_addr_get), (40 bytes).
    Removing nrf_drv_gpiote.o(i.nrf_drv_gpiote_in_uninit), (72 bytes).
    Removing nrf_drv_gpiote.o(i.nrf_drv_gpiote_out_clear), (14 bytes).
    Removing nrf_drv_gpiote.o(i.nrf_drv_gpiote_out_init), (184 bytes).
    Removing nrf_drv_gpiote.o(i.nrf_drv_gpiote_out_set), (14 bytes).
    Removing nrf_drv_gpiote.o(i.nrf_drv_gpiote_out_task_addr_get), (20 bytes).
    Removing nrf_drv_gpiote.o(i.nrf_drv_gpiote_out_task_disable), (36 bytes).
    Removing nrf_drv_gpiote.o(i.nrf_drv_gpiote_out_task_enable), (36 bytes).
    Removing nrf_drv_gpiote.o(i.nrf_drv_gpiote_out_task_force), (40 bytes).
    Removing nrf_drv_gpiote.o(i.nrf_drv_gpiote_out_task_trigger), (24 bytes).
    Removing nrf_drv_gpiote.o(i.nrf_drv_gpiote_out_toggle), (28 bytes).
    Removing nrf_drv_gpiote.o(i.nrf_drv_gpiote_out_uninit), (68 bytes).
    Removing nrf_drv_gpiote.o(i.nrf_drv_gpiote_set_task_addr_get), (24 bytes).
    Removing nrf_drv_gpiote.o(i.nrf_drv_gpiote_set_task_trigger), (28 bytes).
    Removing nrf_drv_gpiote.o(i.nrf_drv_gpiote_uninit), (56 bytes).
    Removing nrf_drv_gpiote.o(i.nrf_gpio_cfg_default), (18 bytes).
    Removing nrf_drv_gpiote.o(.constdata), (20 bytes).
    Removing nrf_drv_gpiote.o(.constdata), (24 bytes).
    Removing nrf_drv_gpiote.o(.constdata), (23 bytes).
    Removing nrf_drv_uart.o(.rev16_text), (4 bytes).
    Removing nrf_drv_uart.o(.revsh_text), (4 bytes).
    Removing nrf_drv_uart.o(.rrx_text), (6 bytes).
    Removing nrf_drv_uart.o(i.apply_config), (184 bytes).
    Removing nrf_drv_uart.o(i.interrupts_enable), (120 bytes).
    Removing nrf_drv_uart.o(i.nrf_drv_common_irq_disable), (22 bytes).
    Removing nrf_drv_uart.o(i.nrf_drv_get_IRQn), (6 bytes).
    Removing nrf_drv_uart.o(i.nrf_drv_is_in_RAM), (16 bytes).
    Removing nrf_drv_uart.o(i.nrf_drv_uart_errorsrc_get), (48 bytes).
    Removing nrf_drv_uart.o(i.nrf_drv_uart_init), (104 bytes).
    Removing nrf_drv_uart.o(i.nrf_drv_uart_rx), (176 bytes).
    Removing nrf_drv_uart.o(i.nrf_drv_uart_rx_abort), (40 bytes).
    Removing nrf_drv_uart.o(i.nrf_drv_uart_rx_disable), (36 bytes).
    Removing nrf_drv_uart.o(i.nrf_drv_uart_rx_enable), (48 bytes).
    Removing nrf_drv_uart.o(i.nrf_drv_uart_rx_for_uart), (168 bytes).
    Removing nrf_drv_uart.o(i.nrf_drv_uart_rx_for_uarte), (176 bytes).
    Removing nrf_drv_uart.o(i.nrf_drv_uart_tx), (268 bytes).
    Removing nrf_drv_uart.o(i.nrf_drv_uart_tx_abort), (88 bytes).
    Removing nrf_drv_uart.o(i.nrf_drv_uart_tx_in_progress), (24 bytes).
    Removing nrf_drv_uart.o(i.nrf_drv_uart_uninit), (84 bytes).
    Removing nrf_drv_uart.o(i.nrf_gpio_cfg), (36 bytes).
    Removing nrf_drv_uart.o(i.nrf_gpio_cfg_default), (18 bytes).
    Removing nrf_drv_uart.o(i.nrf_gpio_cfg_input), (18 bytes).
    Removing nrf_drv_uart.o(i.nrf_gpio_cfg_output), (20 bytes).
    Removing nrf_drv_uart.o(i.pins_to_default), (120 bytes).
    Removing nrf_drv_uart.o(i.rx_enable), (32 bytes).
    Removing nrf_drv_uart.o(.constdata), (18 bytes).
    Removing nrf_drv_uart.o(.constdata), (25 bytes).
    Removing nrf_drv_uart.o(.constdata), (26 bytes).
    Removing nrf_drv_uart.o(.constdata), (16 bytes).
    Removing nrf_drv_uart.o(.constdata), (25 bytes).
    Removing nrf_drv_uart.o(.constdata), (26 bytes).
    Removing nrf_drv_uart.o(.constdata), (16 bytes).
    Removing app_button.o(.rev16_text), (4 bytes).
    Removing app_button.o(.revsh_text), (4 bytes).
    Removing app_button.o(.rrx_text), (6 bytes).
    Removing app_button.o(i.app_button_is_pushed), (36 bytes).
    Removing app_error.o(.rev16_text), (4 bytes).
    Removing app_error.o(.revsh_text), (4 bytes).
    Removing app_error.o(.rrx_text), (6 bytes).
    Removing app_error.o(i.app_error_handler), (24 bytes).
    Removing app_error.o(i.app_error_save_and_stop), (100 bytes).
    Removing app_error.o(.bss), (32 bytes).
    Removing app_error_weak.o(.rev16_text), (4 bytes).
    Removing app_error_weak.o(.revsh_text), (4 bytes).
    Removing app_error_weak.o(.rrx_text), (6 bytes).
    Removing app_timer.o(.rev16_text), (4 bytes).
    Removing app_timer.o(.revsh_text), (4 bytes).
    Removing app_timer.o(.rrx_text), (6 bytes).
    Removing app_timer.o(i.app_timer_cnt_diff_compute), (12 bytes).
    Removing app_timer.o(i.app_timer_cnt_get), (12 bytes).
    Removing app_timer.o(i.app_timer_stop_all), (24 bytes).
    Removing app_util_platform.o(.rev16_text), (4 bytes).
    Removing app_util_platform.o(.revsh_text), (4 bytes).
    Removing app_util_platform.o(.rrx_text), (6 bytes).
    Removing app_util_platform.o(i.app_util_disable_irq), (16 bytes).
    Removing app_util_platform.o(i.app_util_enable_irq), (20 bytes).
    Removing app_util_platform.o(.data), (4 bytes).
    Removing fstorage.o(.rev16_text), (4 bytes).
    Removing fstorage.o(.revsh_text), (4 bytes).
    Removing fstorage.o(.rrx_text), (6 bytes).
    Removing fstorage.o(i.check_config), (32 bytes).
    Removing fstorage.o(i.fs_erase), (116 bytes).
    Removing fstorage.o(i.fs_fake_init), (20 bytes).
    Removing fstorage.o(i.fs_init), (176 bytes).
    Removing fstorage.o(i.fs_queue_is_empty), (20 bytes).
    Removing fstorage.o(i.fs_queue_is_full), (20 bytes).
    Removing fstorage.o(i.fs_queued_op_count_get), (20 bytes).
    Removing fstorage.o(i.fs_store), (128 bytes).
    Removing fstorage.o(i.fs_sys_event_handler), (104 bytes).
    Removing fstorage.o(i.on_operation_success), (84 bytes).
    Removing fstorage.o(i.queue_advance), (44 bytes).
    Removing fstorage.o(i.queue_get_next_free), (56 bytes).
    Removing fstorage.o(i.queue_process), (112 bytes).
    Removing fstorage.o(i.queue_start), (28 bytes).
    Removing fstorage.o(i.send_event), (76 bytes).
    Removing fstorage.o(.bss), (104 bytes).
    Removing fstorage.o(.data), (2 bytes).
    Removing hardfault_implementation.o(.rev16_text), (4 bytes).
    Removing hardfault_implementation.o(.revsh_text), (4 bytes).
    Removing hardfault_implementation.o(.rrx_text), (6 bytes).
    Removing nrf_assert.o(.rev16_text), (4 bytes).
    Removing nrf_assert.o(.revsh_text), (4 bytes).
    Removing nrf_assert.o(.rrx_text), (6 bytes).
    Removing nrf_assert.o(i.assert_nrf_callback), (22 bytes).
    Removing sdk_mapped_flags.o(.rev16_text), (4 bytes).
    Removing sdk_mapped_flags.o(.revsh_text), (4 bytes).
    Removing sdk_mapped_flags.o(.rrx_text), (6 bytes).
    Removing sdk_mapped_flags.o(i.sdk_mapped_flags_get_by_key), (38 bytes).
    Removing nrf_log_backend_serial.o(.rev16_text), (4 bytes).
    Removing nrf_log_backend_serial.o(.revsh_text), (4 bytes).
    Removing nrf_log_backend_serial.o(.rrx_text), (6 bytes).
    Removing nrf_log_frontend.o(.rev16_text), (4 bytes).
    Removing nrf_log_frontend.o(.revsh_text), (4 bytes).
    Removing nrf_log_frontend.o(.rrx_text), (6 bytes).
    Removing segger_rtt.o(.rev16_text), (4 bytes).
    Removing segger_rtt.o(.revsh_text), (4 bytes).
    Removing segger_rtt.o(.rrx_text), (6 bytes).
    Removing segger_rtt.o(i.SEGGER_RTT_ConfigDownBuffer), (100 bytes).
    Removing segger_rtt.o(i.SEGGER_RTT_ConfigUpBuffer), (100 bytes).
    Removing segger_rtt.o(i.SEGGER_RTT_GetKey), (28 bytes).
    Removing segger_rtt.o(i.SEGGER_RTT_HasData), (24 bytes).
    Removing segger_rtt.o(i.SEGGER_RTT_HasKey), (32 bytes).
    Removing segger_rtt.o(i.SEGGER_RTT_Init), (20 bytes).
    Removing segger_rtt.o(i.SEGGER_RTT_Read), (46 bytes).
    Removing segger_rtt.o(i.SEGGER_RTT_ReadNoLock), (124 bytes).
    Removing segger_rtt.o(i.SEGGER_RTT_SetNameDownBuffer), (68 bytes).
    Removing segger_rtt.o(i.SEGGER_RTT_SetNameUpBuffer), (68 bytes).
    Removing segger_rtt.o(i.SEGGER_RTT_SetTerminal), (140 bytes).
    Removing segger_rtt.o(i.SEGGER_RTT_TerminalOut), (180 bytes).
    Removing segger_rtt.o(i.SEGGER_RTT_WaitKey), (14 bytes).
    Removing segger_rtt.o(i.SEGGER_RTT_Write), (60 bytes).
    Removing segger_rtt.o(i.SEGGER_RTT_WriteNoLock), (92 bytes).
    Removing segger_rtt.o(i.SEGGER_RTT_WriteSkipNoLock), (116 bytes).
    Removing segger_rtt.o(i.SEGGER_RTT_WriteString), (26 bytes).
    Removing segger_rtt.o(i._DoInit), (104 bytes).
    Removing segger_rtt.o(i._GetAvailWriteSpace), (22 bytes).
    Removing segger_rtt.o(i._PostTerminalSwitch), (32 bytes).
    Removing segger_rtt.o(i._WriteBlocking), (90 bytes).
    Removing segger_rtt.o(i._WriteNoCheck), (62 bytes).
    Removing segger_rtt.o(.bss), (200 bytes).
    Removing segger_rtt.o(.data), (17 bytes).
    Removing softdevice_handler.o(.rev16_text), (4 bytes).
    Removing softdevice_handler.o(.revsh_text), (4 bytes).
    Removing softdevice_handler.o(.rrx_text), (6 bytes).
    Removing softdevice_handler.o(i.sd_check_ram_start), (16 bytes).
    Removing softdevice_handler.o(i.softdevice_handler_is_suspended), (12 bytes).
    Removing softdevice_handler.o(i.softdevice_handler_resume), (68 bytes).
    Removing softdevice_handler.o(i.softdevice_handler_sd_disable), (24 bytes).
    Removing softdevice_handler.o(i.softdevice_handler_suspend), (60 bytes).
    Removing softdevice_handler.o(i.softdevice_sys_evt_handler_set), (20 bytes).
    Removing arm_startup_nrf52.o(HEAP), (0 bytes).
    Removing system_nrf52.o(.rev16_text), (4 bytes).
    Removing system_nrf52.o(.revsh_text), (4 bytes).
    Removing system_nrf52.o(.rrx_text), (6 bytes).
    Removing system_nrf52.o(i.SystemCoreClockUpdate), (16 bytes).

306 unused section(s) (total 12476 bytes) removed from the image.

==============================================================================

Image Symbol Table

    Local Symbols

    Symbol Name                              Value     Ov Type        Size  Object(Section)

    ../clib/microlib/init/entry.s            0x00000000   Number         0  entry8a.o ABSOLUTE
    ../clib/microlib/init/entry.s            0x00000000   Number         0  entry7b.o ABSOLUTE
    ../clib/microlib/init/entry.s            0x00000000   Number         0  entry7a.o ABSOLUTE
    ../clib/microlib/init/entry.s            0x00000000   Number         0  entry5.o ABSOLUTE
    ../clib/microlib/init/entry.s            0x00000000   Number         0  entry10a.o ABSOLUTE
    ../clib/microlib/init/entry.s            0x00000000   Number         0  entry9b.o ABSOLUTE
    ../clib/microlib/init/entry.s            0x00000000   Number         0  entry9a.o ABSOLUTE
    ../clib/microlib/init/entry.s            0x00000000   Number         0  entry10b.o ABSOLUTE
    ../clib/microlib/init/entry.s            0x00000000   Number         0  entry2.o ABSOLUTE
    ../clib/microlib/init/entry.s            0x00000000   Number         0  entry.o ABSOLUTE
    ../clib/microlib/init/entry.s            0x00000000   Number         0  entry8b.o ABSOLUTE
    ../clib/microlib/init/entry.s            0x00000000   Number         0  entry11a.o ABSOLUTE
    ../clib/microlib/init/entry.s            0x00000000   Number         0  entry11b.o ABSOLUTE
    ../clib/microlib/string/memcmp.c         0x00000000   Number         0  memcmp.o ABSOLUTE
    ../clib/microlib/string/memcpy.c         0x00000000   Number         0  memcpya.o ABSOLUTE
    ../clib/microlib/string/memcpy.c         0x00000000   Number         0  memcpyb.o ABSOLUTE
    ../clib/microlib/string/memset.c         0x00000000   Number         0  memseta.o ABSOLUTE
    ../clib/microlib/string/strcpy.c         0x00000000   Number         0  strcpy.o ABSOLUTE
    ../clib/microlib/string/strlen.c         0x00000000   Number         0  strlen.o ABSOLUTE
    ..\..\..\..\..\..\components\ble\ble_advertising\ble_advertising.c 0x00000000   Number         0  ble_advertising.o ABSOLUTE
    ..\..\..\..\..\..\components\ble\ble_db_discovery\ble_db_discovery.c 0x00000000   Number         0  ble_db_discovery.o ABSOLUTE
    ..\..\..\..\..\..\components\ble\ble_services\ble_lbs_c\ble_lbs_c.c 0x00000000   Number         0  ble_lbs_c.o ABSOLUTE
    ..\..\..\..\..\..\components\ble\common\ble_advdata.c 0x00000000   Number         0  ble_advdata.o ABSOLUTE
    ..\..\..\..\..\..\components\ble\common\ble_conn_params.c 0x00000000   Number         0  ble_conn_params.o ABSOLUTE
    ..\..\..\..\..\..\components\ble\common\ble_conn_state.c 0x00000000   Number         0  ble_conn_state.o ABSOLUTE
    ..\..\..\..\..\..\components\ble\common\ble_srv_common.c 0x00000000   Number         0  ble_srv_common.o ABSOLUTE
    ..\..\..\..\..\..\components\boards\boards.c 0x00000000   Number         0  boards.o ABSOLUTE
    ..\..\..\..\..\..\components\drivers_nrf\clock\nrf_drv_clock.c 0x00000000   Number         0  nrf_drv_clock.o ABSOLUTE
    ..\..\..\..\..\..\components\drivers_nrf\common\nrf_drv_common.c 0x00000000   Number         0  nrf_drv_common.o ABSOLUTE
    ..\..\..\..\..\..\components\drivers_nrf\gpiote\nrf_drv_gpiote.c 0x00000000   Number         0  nrf_drv_gpiote.o ABSOLUTE
    ..\..\..\..\..\..\components\drivers_nrf\uart\nrf_drv_uart.c 0x00000000   Number         0  nrf_drv_uart.o ABSOLUTE
    ..\..\..\..\..\..\components\libraries\bsp\bsp.c 0x00000000   Number         0  bsp.o ABSOLUTE
    ..\..\..\..\..\..\components\libraries\bsp\bsp_btn_ble.c 0x00000000   Number         0  bsp_btn_ble.o ABSOLUTE
    ..\..\..\..\..\..\components\libraries\bsp\bsp_nfc.c 0x00000000   Number         0  bsp_nfc.o ABSOLUTE
    ..\..\..\..\..\..\components\libraries\button\app_button.c 0x00000000   Number         0  app_button.o ABSOLUTE
    ..\..\..\..\..\..\components\libraries\fstorage\fstorage.c 0x00000000   Number         0  fstorage.o ABSOLUTE
    ..\..\..\..\..\..\components\libraries\hardfault\hardfault_implementation.c 0x00000000   Number         0  hardfault_implementation.o ABSOLUTE
    ..\..\..\..\..\..\components\libraries\log\src\nrf_log_backend_serial.c 0x00000000   Number         0  nrf_log_backend_serial.o ABSOLUTE
    ..\..\..\..\..\..\components\libraries\log\src\nrf_log_frontend.c 0x00000000   Number         0  nrf_log_frontend.o ABSOLUTE
    ..\..\..\..\..\..\components\libraries\timer\app_timer.c 0x00000000   Number         0  app_timer.o ABSOLUTE
    ..\..\..\..\..\..\components\libraries\util\app_error.c 0x00000000   Number         0  app_error.o ABSOLUTE
    ..\..\..\..\..\..\components\libraries\util\app_error_weak.c 0x00000000   Number         0  app_error_weak.o ABSOLUTE
    ..\..\..\..\..\..\components\libraries\util\app_util_platform.c 0x00000000   Number         0  app_util_platform.o ABSOLUTE
    ..\..\..\..\..\..\components\libraries\util\nrf_assert.c 0x00000000   Number         0  nrf_assert.o ABSOLUTE
    ..\..\..\..\..\..\components\libraries\util\sdk_errors.c 0x00000000   Number         0  sdk_errors.o ABSOLUTE
    ..\..\..\..\..\..\components\libraries\util\sdk_mapped_flags.c 0x00000000   Number         0  sdk_mapped_flags.o ABSOLUTE
    ..\..\..\..\..\..\components\softdevice\common\softdevice_handler\softdevice_handler.c 0x00000000   Number         0  softdevice_handler.o ABSOLUTE
    ..\..\..\..\..\..\external\segger_rtt\RTT_Syscalls_KEIL.c 0x00000000   Number         0  rtt_syscalls_keil.o ABSOLUTE
    ..\..\..\..\..\..\external\segger_rtt\SEGGER_RTT.c 0x00000000   Number         0  segger_rtt.o ABSOLUTE
    ..\..\..\..\..\..\external\segger_rtt\SEGGER_RTT_printf.c 0x00000000   Number         0  segger_rtt_printf.o ABSOLUTE
    ..\..\..\main.c                          0x00000000   Number         0  main.o ABSOLUTE
    ..\\..\\..\\..\\..\\..\\components\\ble\\ble_advertising\\ble_advertising.c 0x00000000   Number         0  ble_advertising.o ABSOLUTE
    ..\\..\\..\\..\\..\\..\\components\\ble\\ble_db_discovery\\ble_db_discovery.c 0x00000000   Number         0  ble_db_discovery.o ABSOLUTE
    ..\\..\\..\\..\\..\\..\\components\\ble\\ble_services\\ble_lbs_c\\ble_lbs_c.c 0x00000000   Number         0  ble_lbs_c.o ABSOLUTE
    ..\\..\\..\\..\\..\\..\\components\\ble\\common\\ble_advdata.c 0x00000000   Number         0  ble_advdata.o ABSOLUTE
    ..\\..\\..\\..\\..\\..\\components\\ble\\common\\ble_conn_params.c 0x00000000   Number         0  ble_conn_params.o ABSOLUTE
    ..\\..\\..\\..\\..\\..\\components\\ble\\common\\ble_conn_state.c 0x00000000   Number         0  ble_conn_state.o ABSOLUTE
    ..\\..\\..\\..\\..\\..\\components\\ble\\common\\ble_srv_common.c 0x00000000   Number         0  ble_srv_common.o ABSOLUTE
    ..\\..\\..\\..\\..\\..\\components\\boards\\boards.c 0x00000000   Number         0  boards.o ABSOLUTE
    ..\\..\\..\\..\\..\\..\\components\\drivers_nrf\\clock\\nrf_drv_clock.c 0x00000000   Number         0  nrf_drv_clock.o ABSOLUTE
    ..\\..\\..\\..\\..\\..\\components\\drivers_nrf\\common\\nrf_drv_common.c 0x00000000   Number         0  nrf_drv_common.o ABSOLUTE
    ..\\..\\..\\..\\..\\..\\components\\drivers_nrf\\gpiote\\nrf_drv_gpiote.c 0x00000000   Number         0  nrf_drv_gpiote.o ABSOLUTE
    ..\\..\\..\\..\\..\\..\\components\\drivers_nrf\\uart\\nrf_drv_uart.c 0x00000000   Number         0  nrf_drv_uart.o ABSOLUTE
    ..\\..\\..\\..\\..\\..\\components\\libraries\\bsp\\bsp.c 0x00000000   Number         0  bsp.o ABSOLUTE
    ..\\..\\..\\..\\..\\..\\components\\libraries\\bsp\\bsp_btn_ble.c 0x00000000   Number         0  bsp_btn_ble.o ABSOLUTE
    ..\\..\\..\\..\\..\\..\\components\\libraries\\bsp\\bsp_nfc.c 0x00000000   Number         0  bsp_nfc.o ABSOLUTE
    ..\\..\\..\\..\\..\\..\\components\\libraries\\button\\app_button.c 0x00000000   Number         0  app_button.o ABSOLUTE
    ..\\..\\..\\..\\..\\..\\components\\libraries\\fstorage\\fstorage.c 0x00000000   Number         0  fstorage.o ABSOLUTE
    ..\\..\\..\\..\\..\\..\\components\\libraries\\hardfault\\hardfault_implementation.c 0x00000000   Number         0  hardfault_implementation.o ABSOLUTE
    ..\\..\\..\\..\\..\\..\\components\\libraries\\log\\src\\nrf_log_backend_serial.c 0x00000000   Number         0  nrf_log_backend_serial.o ABSOLUTE
    ..\\..\\..\\..\\..\\..\\components\\libraries\\log\\src\\nrf_log_frontend.c 0x00000000   Number         0  nrf_log_frontend.o ABSOLUTE
    ..\\..\\..\\..\\..\\..\\components\\libraries\\timer\\app_timer.c 0x00000000   Number         0  app_timer.o ABSOLUTE
    ..\\..\\..\\..\\..\\..\\components\\libraries\\util\\app_error.c 0x00000000   Number         0  app_error.o ABSOLUTE
    ..\\..\\..\\..\\..\\..\\components\\libraries\\util\\app_error_weak.c 0x00000000   Number         0  app_error_weak.o ABSOLUTE
    ..\\..\\..\\..\\..\\..\\components\\libraries\\util\\app_util_platform.c 0x00000000   Number         0  app_util_platform.o ABSOLUTE
    ..\\..\\..\\..\\..\\..\\components\\libraries\\util\\nrf_assert.c 0x00000000   Number         0  nrf_assert.o ABSOLUTE
    ..\\..\\..\\..\\..\\..\\components\\libraries\\util\\sdk_mapped_flags.c 0x00000000   Number         0  sdk_mapped_flags.o ABSOLUTE
    ..\\..\\..\\..\\..\\..\\components\\softdevice\\common\\softdevice_handler\\softdevice_handler.c 0x00000000   Number         0  softdevice_handler.o ABSOLUTE
    ..\\..\\..\\..\\..\\..\\external\\segger_rtt\\SEGGER_RTT.c 0x00000000   Number         0  segger_rtt.o ABSOLUTE
    ..\\..\\..\\main.c                       0x00000000   Number         0  main.o ABSOLUTE
    RTE\Device\nRF52832_xxAA\arm_startup_nrf52.s 0x00000000   Number         0  arm_startup_nrf52.o ABSOLUTE
    RTE\Device\nRF52832_xxAA\system_nrf52.c  0x00000000   Number         0  system_nrf52.o ABSOLUTE
    RTE\\Device\\nRF52832_xxAA\\system_nrf52.c 0x00000000   Number         0  system_nrf52.o ABSOLUTE
    dc.s                                     0x00000000   Number         0  dc.o ABSOLUTE
    handlers.s                               0x00000000   Number         0  handlers.o ABSOLUTE
    init.s                                   0x00000000   Number         0  init.o ABSOLUTE
    RESET                                    0x0001f000   Section     1024  arm_startup_nrf52.o(RESET)
    .ARM.Collect$$$$00000000                 0x0001f400   Section        0  entry.o(.ARM.Collect$$$$00000000)
    .ARM.Collect$$$$00000001                 0x0001f400   Section        4  entry2.o(.ARM.Collect$$$$00000001)
    .ARM.Collect$$$$00000004                 0x0001f404   Section        4  entry5.o(.ARM.Collect$$$$00000004)
    .ARM.Collect$$$$00000008                 0x0001f408   Section        0  entry7b.o(.ARM.Collect$$$$00000008)
    .ARM.Collect$$$$0000000A                 0x0001f408   Section        0  entry8b.o(.ARM.Collect$$$$0000000A)
    .ARM.Collect$$$$0000000B                 0x0001f408   Section        8  entry9a.o(.ARM.Collect$$$$0000000B)
    .ARM.Collect$$$$0000000D                 0x0001f410   Section        0  entry10a.o(.ARM.Collect$$$$0000000D)
    .ARM.Collect$$$$0000000F                 0x0001f410   Section        0  entry11a.o(.ARM.Collect$$$$0000000F)
    .ARM.Collect$$$$00002712                 0x0001f410   Section        4  entry2.o(.ARM.Collect$$$$00002712)
    __lit__00000000                          0x0001f410   Data           4  entry2.o(.ARM.Collect$$$$00002712)
    .text                                    0x0001f414   Section       36  arm_startup_nrf52.o(.text)
    $v0                                      0x0001f414   Number         0  arm_startup_nrf52.o(.text)
    .text                                    0x0001f438   Section        0  memcpya.o(.text)
    .text                                    0x0001f45c   Section        0  memseta.o(.text)
    .text                                    0x0001f480   Section        0  strlen.o(.text)
    .text                                    0x0001f48e   Section        0  memcmp.o(.text)
    .text                                    0x0001f4a8   Section       36  init.o(.text)
    i.GPIOTE_IRQHandler                      0x0001f4cc   Section        0  nrf_drv_gpiote.o(i.GPIOTE_IRQHandler)
    i.NVIC_ClearPendingIRQ                   0x0001f640   Section        0  app_timer.o(i.NVIC_ClearPendingIRQ)
    NVIC_ClearPendingIRQ                     0x0001f641   Thumb Code    22  app_timer.o(i.NVIC_ClearPendingIRQ)
    i.NVIC_DisableIRQ                        0x0001f656   Section        0  softdevice_handler.o(i.NVIC_DisableIRQ)
    NVIC_DisableIRQ                          0x0001f657   Thumb Code    22  softdevice_handler.o(i.NVIC_DisableIRQ)
    i.NVIC_EnableIRQ                         0x0001f66c   Section        0  app_timer.o(i.NVIC_EnableIRQ)
    NVIC_EnableIRQ                           0x0001f66d   Thumb Code    22  app_timer.o(i.NVIC_EnableIRQ)
    i.NVIC_EnableIRQ                         0x0001f682   Section        0  softdevice_handler.o(i.NVIC_EnableIRQ)
    NVIC_EnableIRQ                           0x0001f683   Thumb Code    22  softdevice_handler.o(i.NVIC_EnableIRQ)
    i.NVIC_SetPendingIRQ                     0x0001f698   Section        0  app_timer.o(i.NVIC_SetPendingIRQ)
    NVIC_SetPendingIRQ                       0x0001f699   Thumb Code    22  app_timer.o(i.NVIC_SetPendingIRQ)
    i.NVIC_SetPriority                       0x0001f6ae   Section        0  app_timer.o(i.NVIC_SetPriority)
    NVIC_SetPriority                         0x0001f6af   Thumb Code    32  app_timer.o(i.NVIC_SetPriority)
    i.POWER_CLOCK_IRQHandler                 0x0001f6d0   Section        0  nrf_drv_clock.o(i.POWER_CLOCK_IRQHandler)
    i.RTC1_IRQHandler                        0x0001f728   Section        0  app_timer.o(i.RTC1_IRQHandler)
    i.SWI0_EGU0_IRQHandler                   0x0001f74c   Section        0  app_timer.o(i.SWI0_EGU0_IRQHandler)
    i.SWI2_EGU2_IRQHandler                   0x0001f750   Section        0  softdevice_handler.o(i.SWI2_EGU2_IRQHandler)
    i.SystemInit                             0x0001f774   Section        0  system_nrf52.o(i.SystemInit)
    i.UARTE0_UART0_IRQHandler                0x0001fa10   Section        0  nrf_drv_uart.o(i.UARTE0_UART0_IRQHandler)
    i.__scatterload_copy                     0x0001fa2c   Section       14  handlers.o(i.__scatterload_copy)
    i.__scatterload_null                     0x0001fa3a   Section        2  handlers.o(i.__scatterload_null)
    i.__scatterload_zeroinit                 0x0001fa3c   Section       14  handlers.o(i.__scatterload_zeroinit)
    i.__sd_nvic_app_accessible_irq           0x0001fa4c   Section        0  softdevice_handler.o(i.__sd_nvic_app_accessible_irq)
    __sd_nvic_app_accessible_irq             0x0001fa4d   Thumb Code    32  softdevice_handler.o(i.__sd_nvic_app_accessible_irq)
    i.adv_report_parse                       0x0001fa70   Section        0  main.o(i.adv_report_parse)
    adv_report_parse                         0x0001fa71   Thumb Code    46  main.o(i.adv_report_parse)
    i.app_button_disable                     0x0001faa0   Section        0  app_button.o(i.app_button_disable)
    i.app_button_enable                      0x0001fad0   Section        0  app_button.o(i.app_button_enable)
    i.app_button_init                        0x0001faf4   Section        0  app_button.o(i.app_button_init)
    i.app_error_fault_handler                0x0001fb64   Section        0  app_error_weak.o(i.app_error_fault_handler)
    i.app_error_handler_bare                 0x0001fb88   Section        0  app_error.o(i.app_error_handler_bare)
    i.app_timer_create                       0x0001fba0   Section        0  app_timer.o(i.app_timer_create)
    i.app_timer_init                         0x0001fbc4   Section        0  app_timer.o(i.app_timer_init)
    i.app_timer_start                        0x0001fc34   Section        0  app_timer.o(i.app_timer_start)
    i.app_timer_stop                         0x0001fcbc   Section        0  app_timer.o(i.app_timer_stop)
    i.app_util_critical_region_enter         0x0001fcdc   Section        0  app_util_platform.o(i.app_util_critical_region_enter)
    i.app_util_critical_region_exit          0x0001fd24   Section        0  app_util_platform.o(i.app_util_critical_region_exit)
    i.ble_conn_state_n_centrals              0x0001fd58   Section        0  ble_conn_state.o(i.ble_conn_state_n_centrals)
    i.ble_conn_state_on_ble_evt              0x0001fd68   Section        0  ble_conn_state.o(i.ble_conn_state_on_ble_evt)
    i.ble_db_discovery_evt_register          0x0001fe74   Section        0  ble_db_discovery.o(i.ble_db_discovery_evt_register)
    i.ble_db_discovery_init                  0x0001feb4   Section        0  ble_db_discovery.o(i.ble_db_discovery_init)
    i.ble_db_discovery_on_ble_evt            0x0001fed0   Section        0  ble_db_discovery.o(i.ble_db_discovery_on_ble_evt)
    i.ble_db_discovery_start                 0x0001ff1c   Section        0  ble_db_discovery.o(i.ble_db_discovery_start)
    i.ble_evt_dispatch                       0x0001ff78   Section        0  main.o(i.ble_evt_dispatch)
    ble_evt_dispatch                         0x0001ff79   Thumb Code    60  main.o(i.ble_evt_dispatch)
    i.ble_lbs_c_button_notif_enable          0x0001ffb8   Section        0  ble_lbs_c.o(i.ble_lbs_c_button_notif_enable)
    i.ble_lbs_c_handles_assign               0x00020010   Section        0  ble_lbs_c.o(i.ble_lbs_c_handles_assign)
    i.ble_lbs_c_init                         0x00020028   Section        0  ble_lbs_c.o(i.ble_lbs_c_init)
    i.ble_lbs_c_on_ble_evt                   0x0002007c   Section        0  ble_lbs_c.o(i.ble_lbs_c_on_ble_evt)
    i.ble_lbs_led_status_send                0x000200ec   Section        0  ble_lbs_c.o(i.ble_lbs_led_status_send)
    i.ble_lbs_on_db_disc_evt                 0x00020144   Section        0  ble_lbs_c.o(i.ble_lbs_on_db_disc_evt)
    i.ble_stack_init                         0x000201d0   Section        0  main.o(i.ble_stack_init)
    ble_stack_init                           0x000201d1   Thumb Code    86  main.o(i.ble_stack_init)
    i.bsp_board_led_invert                   0x00020234   Section        0  boards.o(i.bsp_board_led_invert)
    i.bsp_board_led_off                      0x00020258   Section        0  boards.o(i.bsp_board_led_off)
    i.bsp_board_led_on                       0x00020268   Section        0  boards.o(i.bsp_board_led_on)
    i.bsp_board_led_state_get                0x00020278   Section        0  boards.o(i.bsp_board_led_state_get)
    i.bsp_board_leds_init                    0x00020298   Section        0  boards.o(i.bsp_board_leds_init)
    i.bsp_board_leds_off                     0x000202c4   Section        0  boards.o(i.bsp_board_leds_off)
    i.bsp_board_leds_on                      0x000202d6   Section        0  boards.o(i.bsp_board_leds_on)
    i.bsp_board_pin_to_button_idx            0x000202e8   Section        0  boards.o(i.bsp_board_pin_to_button_idx)
    i.bsp_button_event_handler               0x0002030c   Section        0  bsp.o(i.bsp_button_event_handler)
    bsp_button_event_handler                 0x0002030d   Thumb Code   136  bsp.o(i.bsp_button_event_handler)
    i.bsp_indication_set                     0x000203a0   Section        0  bsp.o(i.bsp_indication_set)
    i.bsp_led_indication                     0x000203b8   Section        0  bsp.o(i.bsp_led_indication)
    bsp_led_indication                       0x000203b9   Thumb Code   362  bsp.o(i.bsp_led_indication)
    i.button_event_handler                   0x0002052c   Section        0  main.o(i.button_event_handler)
    button_event_handler                     0x0002052d   Thumb Code    58  main.o(i.button_event_handler)
    i.channel_free                           0x0002056c   Section        0  nrf_drv_gpiote.o(i.channel_free)
    channel_free                             0x0002056d   Thumb Code    22  nrf_drv_gpiote.o(i.channel_free)
    i.channel_port_alloc                     0x00020588   Section        0  nrf_drv_gpiote.o(i.channel_port_alloc)
    channel_port_alloc                       0x00020589   Thumb Code    66  nrf_drv_gpiote.o(i.channel_port_alloc)
    i.channel_port_get                       0x000205d0   Section        0  nrf_drv_gpiote.o(i.channel_port_get)
    channel_port_get                         0x000205d1   Thumb Code    10  nrf_drv_gpiote.o(i.channel_port_get)
    i.characteristics_discover               0x000205e0   Section        0  ble_db_discovery.o(i.characteristics_discover)
    characteristics_discover                 0x000205e1   Thumb Code    66  ble_db_discovery.o(i.characteristics_discover)
    i.clock_clk_started_notify               0x00020624   Section        0  nrf_drv_clock.o(i.clock_clk_started_notify)
    clock_clk_started_notify                 0x00020625   Thumb Code    34  nrf_drv_clock.o(i.clock_clk_started_notify)
    i.compare_reg_update                     0x0002064c   Section        0  app_timer.o(i.compare_reg_update)
    compare_reg_update                       0x0002064d   Thumb Code   160  app_timer.o(i.compare_reg_update)
    i.db_disc_handler                        0x000206f8   Section        0  main.o(i.db_disc_handler)
    db_disc_handler                          0x000206f9   Thumb Code    16  main.o(i.db_disc_handler)
    i.descriptors_discover                   0x0002070c   Section        0  ble_db_discovery.o(i.descriptors_discover)
    descriptors_discover                     0x0002070d   Thumb Code   140  ble_db_discovery.o(i.descriptors_discover)
    i.detection_delay_timeout_handler        0x00020798   Section        0  app_button.o(i.detection_delay_timeout_handler)
    detection_delay_timeout_handler          0x00020799   Thumb Code    92  app_button.o(i.detection_delay_timeout_handler)
    i.discovery_complete_evt_trigger         0x000207f8   Section        0  ble_db_discovery.o(i.discovery_complete_evt_trigger)
    discovery_complete_evt_trigger           0x000207f9   Thumb Code   170  ble_db_discovery.o(i.discovery_complete_evt_trigger)
    i.discovery_error_evt_trigger            0x000208ac   Section        0  ble_db_discovery.o(i.discovery_error_evt_trigger)
    discovery_error_evt_trigger              0x000208ad   Thumb Code    52  ble_db_discovery.o(i.discovery_error_evt_trigger)
    i.elapsed_ticks_acquire                  0x000208e0   Section        0  app_timer.o(i.elapsed_ticks_acquire)
    elapsed_ticks_acquire                    0x000208e1   Thumb Code    58  app_timer.o(i.elapsed_ticks_acquire)
    i.gpiote_event_handler                   0x00020920   Section        0  app_button.o(i.gpiote_event_handler)
    gpiote_event_handler                     0x00020921   Thumb Code    78  app_button.o(i.gpiote_event_handler)
    i.intern_softdevice_events_execute       0x00020978   Section        0  softdevice_handler.o(i.intern_softdevice_events_execute)
    i.is_desc_discovery_reqd                 0x000209f0   Section        0  ble_db_discovery.o(i.is_desc_discovery_reqd)
    is_desc_discovery_reqd                   0x000209f1   Thumb Code    76  ble_db_discovery.o(i.is_desc_discovery_reqd)
    i.lbs_c_evt_handler                      0x00020a3c   Section        0  main.o(i.lbs_c_evt_handler)
    lbs_c_evt_handler                        0x00020a3d   Thumb Code    70  main.o(i.lbs_c_evt_handler)
    i.list_deletions_handler                 0x00020a84   Section        0  app_timer.o(i.list_deletions_handler)
    list_deletions_handler                   0x00020a85   Thumb Code   158  app_timer.o(i.list_deletions_handler)
    i.list_insertions_handler                0x00020b2c   Section        0  app_timer.o(i.list_insertions_handler)
    list_insertions_handler                  0x00020b2d   Thumb Code   174  app_timer.o(i.list_insertions_handler)
    i.main                                   0x00020be4   Section        0  main.o(i.main)
    i.nrf_bitmask_bit_is_set                 0x00020c74   Section        0  nrf_drv_gpiote.o(i.nrf_bitmask_bit_is_set)
    nrf_bitmask_bit_is_set                   0x00020c75   Thumb Code    16  nrf_drv_gpiote.o(i.nrf_bitmask_bit_is_set)
    i.nrf_clock_event_check                  0x00020c84   Section        0  nrf_drv_clock.o(i.nrf_clock_event_check)
    nrf_clock_event_check                    0x00020c85   Thumb Code    14  nrf_drv_clock.o(i.nrf_clock_event_check)
    i.nrf_clock_event_clear                  0x00020c92   Section        0  nrf_drv_clock.o(i.nrf_clock_event_clear)
    nrf_clock_event_clear                    0x00020c93   Thumb Code    16  nrf_drv_clock.o(i.nrf_clock_event_clear)
    i.nrf_delay_us                           0x00020ca4   Section        0  app_timer.o(i.nrf_delay_us)
    nrf_delay_us                             0x00020ca5   Thumb Code   132  app_timer.o(i.nrf_delay_us)
    i.nrf_drv_clock_init                     0x00020d30   Section        0  nrf_drv_clock.o(i.nrf_drv_clock_init)
    i.nrf_drv_clock_on_sd_enable             0x00020d78   Section        0  nrf_drv_clock.o(i.nrf_drv_clock_on_sd_enable)
    i.nrf_drv_clock_on_soc_event             0x00020da8   Section        0  nrf_drv_clock.o(i.nrf_drv_clock_on_soc_event)
    i.nrf_drv_common_irq_enable              0x00020db2   Section        0  nrf_drv_common.o(i.nrf_drv_common_irq_enable)
    i.nrf_drv_gpiote_in_event_disable        0x00020dec   Section        0  nrf_drv_gpiote.o(i.nrf_drv_gpiote_in_event_disable)
    i.nrf_drv_gpiote_in_event_enable         0x00020e34   Section        0  nrf_drv_gpiote.o(i.nrf_drv_gpiote_in_event_enable)
    i.nrf_drv_gpiote_in_init                 0x00020ed8   Section        0  nrf_drv_gpiote.o(i.nrf_drv_gpiote_in_init)
    i.nrf_drv_gpiote_in_is_set               0x00020f90   Section        0  nrf_drv_gpiote.o(i.nrf_drv_gpiote_in_is_set)
    i.nrf_drv_gpiote_init                    0x00020fa4   Section        0  nrf_drv_gpiote.o(i.nrf_drv_gpiote_init)
    i.nrf_drv_gpiote_is_init                 0x00021000   Section        0  nrf_drv_gpiote.o(i.nrf_drv_gpiote_is_init)
    i.nrf_gpio_cfg                           0x00021014   Section        0  boards.o(i.nrf_gpio_cfg)
    nrf_gpio_cfg                             0x00021015   Thumb Code    36  boards.o(i.nrf_gpio_cfg)
    i.nrf_gpio_cfg                           0x00021038   Section        0  nrf_drv_gpiote.o(i.nrf_gpio_cfg)
    nrf_gpio_cfg                             0x00021039   Thumb Code    36  nrf_drv_gpiote.o(i.nrf_gpio_cfg)
    i.nrf_gpio_cfg_sense_set                 0x0002105c   Section        0  nrf_drv_gpiote.o(i.nrf_gpio_cfg_sense_set)
    nrf_gpio_cfg_sense_set                   0x0002105d   Thumb Code    34  nrf_drv_gpiote.o(i.nrf_gpio_cfg_sense_set)
    i.nrf_gpio_pin_write                     0x0002107e   Section        0  boards.o(i.nrf_gpio_pin_write)
    nrf_gpio_pin_write                       0x0002107f   Thumb Code    22  boards.o(i.nrf_gpio_pin_write)
    i.nrf_gpio_ports_read                    0x00021094   Section        0  nrf_drv_gpiote.o(i.nrf_gpio_ports_read)
    nrf_gpio_ports_read                      0x00021095   Thumb Code    34  nrf_drv_gpiote.o(i.nrf_gpio_ports_read)
    i.nrf_gpiote_event_clear                 0x000210bc   Section        0  nrf_drv_gpiote.o(i.nrf_gpiote_event_clear)
    nrf_gpiote_event_clear                   0x000210bd   Thumb Code    16  nrf_drv_gpiote.o(i.nrf_gpiote_event_clear)
    i.nrf_gpiote_event_is_set                0x000210d0   Section        0  nrf_drv_gpiote.o(i.nrf_gpiote_event_is_set)
    nrf_gpiote_event_is_set                  0x000210d1   Thumb Code    12  nrf_drv_gpiote.o(i.nrf_gpiote_event_is_set)
    i.nrf_uart_event_check                   0x000210e0   Section        0  nrf_drv_uart.o(i.nrf_uart_event_check)
    nrf_uart_event_check                     0x000210e1   Thumb Code    10  nrf_drv_uart.o(i.nrf_uart_event_check)
    i.nrf_uart_event_clear                   0x000210ea   Section        0  nrf_drv_uart.o(i.nrf_uart_event_clear)
    nrf_uart_event_clear                     0x000210eb   Thumb Code    12  nrf_drv_uart.o(i.nrf_uart_event_clear)
    i.nrf_uart_int_enable_check              0x000210f6   Section        0  nrf_drv_uart.o(i.nrf_uart_int_enable_check)
    nrf_uart_int_enable_check                0x000210f7   Thumb Code    12  nrf_drv_uart.o(i.nrf_uart_int_enable_check)
    i.nrf_uarte_event_check                  0x00021102   Section        0  nrf_drv_uart.o(i.nrf_uarte_event_check)
    nrf_uarte_event_check                    0x00021103   Thumb Code    10  nrf_drv_uart.o(i.nrf_uarte_event_check)
    i.nrf_uarte_event_clear                  0x0002110c   Section        0  nrf_drv_uart.o(i.nrf_uarte_event_clear)
    nrf_uarte_event_clear                    0x0002110d   Thumb Code    12  nrf_drv_uart.o(i.nrf_uarte_event_clear)
    i.on_adv_report                          0x00021118   Section        0  main.o(i.on_adv_report)
    on_adv_report                            0x00021119   Thumb Code    90  main.o(i.on_adv_report)
    i.on_ble_evt                             0x00021178   Section        0  main.o(i.on_ble_evt)
    on_ble_evt                               0x00021179   Thumb Code   224  main.o(i.on_ble_evt)
    i.on_characteristic_discovery_rsp        0x0002125c   Section        0  ble_db_discovery.o(i.on_characteristic_discovery_rsp)
    on_characteristic_discovery_rsp          0x0002125d   Thumb Code   272  ble_db_discovery.o(i.on_characteristic_discovery_rsp)
    i.on_descriptor_discovery_rsp            0x00021370   Section        0  ble_db_discovery.o(i.on_descriptor_discovery_rsp)
    on_descriptor_discovery_rsp              0x00021371   Thumb Code   234  ble_db_discovery.o(i.on_descriptor_discovery_rsp)
    i.on_primary_srv_discovery_rsp           0x00021460   Section        0  ble_db_discovery.o(i.on_primary_srv_discovery_rsp)
    on_primary_srv_discovery_rsp             0x00021461   Thumb Code   104  ble_db_discovery.o(i.on_primary_srv_discovery_rsp)
    i.on_srv_disc_completion                 0x000214cc   Section        0  ble_db_discovery.o(i.on_srv_disc_completion)
    on_srv_disc_completion                   0x000214cd   Thumb Code   116  ble_db_discovery.o(i.on_srv_disc_completion)
    i.pin_in_use_by_port                     0x00021548   Section        0  nrf_drv_gpiote.o(i.pin_in_use_by_port)
    pin_in_use_by_port                       0x00021549   Thumb Code    20  nrf_drv_gpiote.o(i.pin_in_use_by_port)
    i.pin_in_use_by_te                       0x00021560   Section        0  nrf_drv_gpiote.o(i.pin_in_use_by_te)
    pin_in_use_by_te                         0x00021561   Thumb Code    20  nrf_drv_gpiote.o(i.pin_in_use_by_te)
    i.registered_handler_get                 0x00021578   Section        0  ble_db_discovery.o(i.registered_handler_get)
    registered_handler_get                   0x00021579   Thumb Code    48  ble_db_discovery.o(i.registered_handler_get)
    i.rtc1_stop                              0x000215b0   Section        0  app_timer.o(i.rtc1_stop)
    rtc1_stop                                0x000215b1   Thumb Code    52  app_timer.o(i.rtc1_stop)
    i.rx_byte                                0x000215ec   Section        0  nrf_drv_uart.o(i.rx_byte)
    rx_byte                                  0x000215ed   Thumb Code    50  nrf_drv_uart.o(i.rx_byte)
    i.rx_done_event                          0x0002161e   Section        0  nrf_drv_uart.o(i.rx_done_event)
    rx_done_event                            0x0002161f   Thumb Code    24  nrf_drv_uart.o(i.rx_done_event)
    i.scan_start                             0x00021638   Section        0  main.o(i.scan_start)
    scan_start                               0x00021639   Thumb Code    34  main.o(i.scan_start)
    i.sd_nvic_EnableIRQ                      0x00021660   Section        0  softdevice_handler.o(i.sd_nvic_EnableIRQ)
    sd_nvic_EnableIRQ                        0x00021661   Thumb Code   106  softdevice_handler.o(i.sd_nvic_EnableIRQ)
    i.sdk_mapped_flags_bulk_update_by_key    0x000216d0   Section        0  sdk_mapped_flags.o(i.sdk_mapped_flags_bulk_update_by_key)
    i.sdk_mapped_flags_first_key_index_get   0x00021714   Section        0  sdk_mapped_flags.o(i.sdk_mapped_flags_first_key_index_get)
    i.sdk_mapped_flags_get_by_index          0x00021736   Section        0  sdk_mapped_flags.o(i.sdk_mapped_flags_get_by_index)
    sdk_mapped_flags_get_by_index            0x00021737   Thumb Code    16  sdk_mapped_flags.o(i.sdk_mapped_flags_get_by_index)
    i.sdk_mapped_flags_key_list_get          0x00021746   Section        0  sdk_mapped_flags.o(i.sdk_mapped_flags_key_list_get)
    i.sdk_mapped_flags_n_flags_set           0x00021790   Section        0  sdk_mapped_flags.o(i.sdk_mapped_flags_n_flags_set)
    i.sdk_mapped_flags_update_by_key         0x000217ae   Section        0  sdk_mapped_flags.o(i.sdk_mapped_flags_update_by_key)
    i.softdevice_ble_evt_handler_set         0x000217bc   Section        0  softdevice_handler.o(i.softdevice_ble_evt_handler_set)
    i.softdevice_enable                      0x000217d0   Section        0  softdevice_handler.o(i.softdevice_enable)
    i.softdevice_enable_get_default_config   0x000217e4   Section        0  softdevice_handler.o(i.softdevice_enable_get_default_config)
    i.softdevice_fault_handler               0x0002180a   Section        0  softdevice_handler.o(i.softdevice_fault_handler)
    i.softdevice_handler_init                0x00021810   Section        0  softdevice_handler.o(i.softdevice_handler_init)
    i.softdevice_handler_is_enabled          0x00021874   Section        0  softdevice_handler.o(i.softdevice_handler_is_enabled)
    i.timer_list_handler                     0x00021880   Section        0  app_timer.o(i.timer_list_handler)
    timer_list_handler                       0x00021881   Thumb Code   134  app_timer.o(i.timer_list_handler)
    i.timer_list_insert                      0x0002190c   Section        0  app_timer.o(i.timer_list_insert)
    timer_list_insert                        0x0002190d   Thumb Code    56  app_timer.o(i.timer_list_insert)
    i.timer_stop_op_schedule                 0x00021948   Section        0  app_timer.o(i.timer_stop_op_schedule)
    timer_stop_op_schedule                   0x00021949   Thumb Code    68  app_timer.o(i.timer_stop_op_schedule)
    i.timer_timeouts_check                   0x00021990   Section        0  app_timer.o(i.timer_timeouts_check)
    timer_timeouts_check                     0x00021991   Thumb Code   124  app_timer.o(i.timer_timeouts_check)
    i.tx_buffer_process                      0x00021a14   Section        0  ble_lbs_c.o(i.tx_buffer_process)
    tx_buffer_process                        0x00021a15   Thumb Code    62  ble_lbs_c.o(i.tx_buffer_process)
    i.tx_byte                                0x00021a5c   Section        0  nrf_drv_uart.o(i.tx_byte)
    tx_byte                                  0x00021a5d   Thumb Code    32  nrf_drv_uart.o(i.tx_byte)
    i.tx_done_event                          0x00021a7c   Section        0  nrf_drv_uart.o(i.tx_done_event)
    tx_done_event                            0x00021a7d   Thumb Code    28  nrf_drv_uart.o(i.tx_done_event)
    i.uart_irq_handler                       0x00021a98   Section        0  nrf_drv_uart.o(i.uart_irq_handler)
    uart_irq_handler                         0x00021a99   Thumb Code   286  nrf_drv_uart.o(i.uart_irq_handler)
    i.uarte_irq_handler                      0x00021bb6   Section        0  nrf_drv_uart.o(i.uarte_irq_handler)
    uarte_irq_handler                        0x00021bb7   Thumb Code   240  nrf_drv_uart.o(i.uarte_irq_handler)
    i.user_op_alloc                          0x00021ca8   Section        0  app_timer.o(i.user_op_alloc)
    user_op_alloc                            0x00021ca9   Thumb Code    42  app_timer.o(i.user_op_alloc)
    .constdata                               0x00021cd8   Section       32  main.o(.constdata)
    m_scan_params                            0x00021cdc   Data           8  main.o(.constdata)
    m_connection_param                       0x00021ce4   Data           8  main.o(.constdata)
    m_target_periph_name                     0x00021cec   Data          12  main.o(.constdata)
    .constdata                               0x00021cf8   Section        8  boards.o(.constdata)
    m_board_led_list                         0x00021cf8   Data           4  boards.o(.constdata)
    m_board_btn_list                         0x00021cfc   Data           4  boards.o(.constdata)
    .constdata                               0x00021d00   Section       44  bsp.o(.constdata)
    m_leds_timer_id                          0x00021d00   Data           4  bsp.o(.constdata)
    m_alert_timer_id                         0x00021d04   Data           4  bsp.o(.constdata)
    m_button_timer_id                        0x00021d08   Data           4  bsp.o(.constdata)
    app_buttons                              0x00021d0c   Data          32  bsp.o(.constdata)
    .constdata                               0x00021d2c   Section       16  ble_lbs_c.o(.constdata)
    .constdata                               0x00021d3c   Section        4  nrf_drv_gpiote.o(.constdata)
    .constdata                               0x00021d40   Section        8  app_button.o(.constdata)
    m_detection_delay_timer_id               0x00021d40   Data           4  app_button.o(.constdata)
    .data                                    0x20004110   Section       12  main.o(.data)
    m_ble_lbs_c_count                        0x20004110   Data           1  main.o(.data)
    buttons                                  0x20004114   Data           8  main.o(.data)
    .data                                    0x2000411c   Section       20  bsp.o(.data)
    m_stable_state                           0x2000411c   Data           1  bsp.o(.data)
    m_leds_clear                             0x2000411d   Data           1  bsp.o(.data)
    current_long_push_pin_no                 0x2000411e   Data           1  bsp.o(.data)
    m_app_ticks_per_100ms                    0x20004120   Data           4  bsp.o(.data)
    m_indication_type                        0x20004124   Data           4  bsp.o(.data)
    m_registered_callback                    0x20004128   Data           4  bsp.o(.data)
    release_event_at_push                    0x2000412c   Data           4  bsp.o(.data)
    .data                                    0x20004130   Section       16  ble_db_discovery.o(.data)
    m_initialized                            0x20004130   Data           1  ble_db_discovery.o(.data)
    m_evt_handler                            0x20004134   Data           4  ble_db_discovery.o(.data)
    m_pending_usr_evt_index                  0x20004138   Data           4  ble_db_discovery.o(.data)
    m_num_of_handlers_reg                    0x2000413c   Data           4  ble_db_discovery.o(.data)
    .data                                    0x20004140   Section        8  ble_lbs_c.o(.data)
    m_tx_insert_index                        0x20004140   Data           4  ble_lbs_c.o(.data)
    m_tx_index                               0x20004144   Data           4  ble_lbs_c.o(.data)
    .data                                    0x20004148   Section       20  app_button.o(.data)
    m_button_count                           0x20004148   Data           1  app_button.o(.data)
    mp_buttons                               0x2000414c   Data           4  app_button.o(.data)
    m_detection_delay                        0x20004150   Data           4  app_button.o(.data)
    m_pin_state                              0x20004154   Data           4  app_button.o(.data)
    m_pin_transition                         0x20004158   Data           4  app_button.o(.data)
    .data                                    0x2000415c   Section       32  app_timer.o(.data)
    m_ticks_elapsed_q_read_ind               0x2000415c   Data           1  app_timer.o(.data)
    m_ticks_elapsed_q_write_ind              0x2000415d   Data           1  app_timer.o(.data)
    m_rtc1_running                           0x2000415e   Data           1  app_timer.o(.data)
    m_rtc1_reset                             0x2000415f   Data           1  app_timer.o(.data)
    mp_timer_id_head                         0x20004160   Data           4  app_timer.o(.data)
    m_ticks_latest                           0x20004164   Data           4  app_timer.o(.data)
    m_evt_schedule_func                      0x20004168   Data           4  app_timer.o(.data)
    m_op_queue                               0x2000416c   Data           8  app_timer.o(.data)
    m_ticks_elapsed                          0x20004174   Data           8  app_timer.o(.data)
    .data                                    0x2000417c   Section       20  softdevice_handler.o(.data)
    m_softdevice_enabled                     0x2000417c   Data           1  softdevice_handler.o(.data)
    m_suspended                              0x2000417d   Data           1  softdevice_handler.o(.data)
    m_ble_evt_buffer_size                    0x2000417e   Data           2  softdevice_handler.o(.data)
    m_evt_schedule_func                      0x20004180   Data           4  softdevice_handler.o(.data)
    mp_ble_evt_buffer                        0x20004184   Data           4  softdevice_handler.o(.data)
    m_ble_evt_handler                        0x20004188   Data           4  softdevice_handler.o(.data)
    m_sys_evt_handler                        0x2000418c   Data           4  softdevice_handler.o(.data)
    .data                                    0x20004190   Section        4  system_nrf52.o(.data)
    __tagsym$$used                           0x20004190   Number         0  system_nrf52.o(.data)
    .bss                                     0x20004194   Section     5144  main.o(.bss)
    BLE_EVT_BUFFER                           0x20004194   Data          80  main.o(.bss)
    APP_TIMER_BUF                            0x200041e4   Data          72  main.o(.bss)
    m_ble_lbs_c                              0x2000422c   Data         128  main.o(.bss)
    m_ble_db_discovery                       0x200042ac   Data        4864  main.o(.bss)
    .bss                                     0x200055ac   Section       32  bsp.o(.bss)
    m_leds_timer_id_data                     0x200055ac   Data          32  bsp.o(.bss)
    .bss                                     0x200055cc   Section       32  bsp.o(.bss)
    m_alert_timer_id_data                    0x200055cc   Data          32  bsp.o(.bss)
    .bss                                     0x200055ec   Section       12  bsp.o(.bss)
    m_events_list                            0x200055ec   Data          12  bsp.o(.bss)
    .bss                                     0x200055f8   Section       32  bsp.o(.bss)
    m_button_timer_id_data                   0x200055f8   Data          32  bsp.o(.bss)
    .bss                                     0x20005618   Section       52  ble_conn_state.o(.bss)
    m_bcs                                    0x20005618   Data          52  ble_conn_state.o(.bss)
    .bss                                     0x2000564c   Section      672  ble_db_discovery.o(.bss)
    m_registered_handlers                    0x2000564c   Data          24  ble_db_discovery.o(.bss)
    m_pending_user_evts                      0x20005664   Data         648  ble_db_discovery.o(.bss)
    .bss                                     0x200058ec   Section      160  ble_lbs_c.o(.bss)
    m_tx_buffer                              0x200058ec   Data         160  ble_lbs_c.o(.bss)
    .bss                                     0x2000598c   Section       20  nrf_drv_clock.o(.bss)
    m_clock_cb                               0x2000598c   Data          20  nrf_drv_clock.o(.bss)
    .bss                                     0x200059a0   Section       88  nrf_drv_gpiote.o(.bss)
    m_cb                                     0x200059a0   Data          88  nrf_drv_gpiote.o(.bss)
    .bss                                     0x200059f8   Section       32  nrf_drv_uart.o(.bss)
    m_cb                                     0x200059f8   Data          32  nrf_drv_uart.o(.bss)
    .bss                                     0x20005a18   Section       32  app_button.o(.bss)
    m_detection_delay_timer_id_data          0x20005a18   Data          32  app_button.o(.bss)
    .bss                                     0x20005a38   Section       12  app_util_platform.o(.bss)
    STACK                                    0x20005a48   Section     8192  arm_startup_nrf52.o(STACK)

    Global Symbols

    Symbol Name                              Value     Ov Type        Size  Object(Section)

    BuildAttributes$$THM_ISAv4$E$P$D$K$B$S$7EM$VFPi3$EXTD16$VFPS$VFMA$PE$A:L22UL41UL21$X:L11$S22US41US21$IEEE1$IW$USESV6$~STKCKD$USESV7$~SHL$OSPACE$EBA8$MICROLIB$REQ8$PRES8$EABIv2 0x00000000   Number         0  anon$$obj.o ABSOLUTE
    __ARM_use_no_argv                        0x00000000   Number         0  main.o ABSOLUTE
    __cpp_initialize__aeabi_                  - Undefined Weak Reference
    __cxa_finalize                            - Undefined Weak Reference
    __decompress                              - Undefined Weak Reference
    _clock_init                               - Undefined Weak Reference
    _microlib_exit                            - Undefined Weak Reference
    fs_data$$Base                             - Undefined Reference
    fs_data$$Limit                            - Undefined Reference
    __Vectors_Size                           0x00000400   Number         0  arm_startup_nrf52.o ABSOLUTE
    __Vectors                                0x0001f000   Data           4  arm_startup_nrf52.o(RESET)
    __Vectors_End                            0x0001f400   Data           0  arm_startup_nrf52.o(RESET)
    __main                                   0x0001f401   Thumb Code     0  entry.o(.ARM.Collect$$$$00000000)
    _main_stk                                0x0001f401   Thumb Code     0  entry2.o(.ARM.Collect$$$$00000001)
    _main_scatterload                        0x0001f405   Thumb Code     0  entry5.o(.ARM.Collect$$$$00000004)
    __main_after_scatterload                 0x0001f409   Thumb Code     0  entry5.o(.ARM.Collect$$$$00000004)
    _main_clock                              0x0001f409   Thumb Code     0  entry7b.o(.ARM.Collect$$$$00000008)
    _main_cpp_init                           0x0001f409   Thumb Code     0  entry8b.o(.ARM.Collect$$$$0000000A)
    _main_init                               0x0001f409   Thumb Code     0  entry9a.o(.ARM.Collect$$$$0000000B)
    __rt_final_cpp                           0x0001f411   Thumb Code     0  entry10a.o(.ARM.Collect$$$$0000000D)
    __rt_final_exit                          0x0001f411   Thumb Code     0  entry11a.o(.ARM.Collect$$$$0000000F)
    Reset_Handler                            0x0001f415   Thumb Code     8  arm_startup_nrf52.o(.text)
    NMI_Handler                              0x0001f41d   Thumb Code     2  arm_startup_nrf52.o(.text)
    HardFault_Handler                        0x0001f41f   Thumb Code     2  arm_startup_nrf52.o(.text)
    MemoryManagement_Handler                 0x0001f421   Thumb Code     2  arm_startup_nrf52.o(.text)
    BusFault_Handler                         0x0001f423   Thumb Code     2  arm_startup_nrf52.o(.text)
    UsageFault_Handler                       0x0001f425   Thumb Code     2  arm_startup_nrf52.o(.text)
    SVC_Handler                              0x0001f427   Thumb Code     2  arm_startup_nrf52.o(.text)
    DebugMon_Handler                         0x0001f429   Thumb Code     2  arm_startup_nrf52.o(.text)
    PendSV_Handler                           0x0001f42b   Thumb Code     2  arm_startup_nrf52.o(.text)
    SysTick_Handler                          0x0001f42d   Thumb Code     2  arm_startup_nrf52.o(.text)
    CCM_AAR_IRQHandler                       0x0001f42f   Thumb Code     0  arm_startup_nrf52.o(.text)
    COMP_LPCOMP_IRQHandler                   0x0001f42f   Thumb Code     0  arm_startup_nrf52.o(.text)
    ECB_IRQHandler                           0x0001f42f   Thumb Code     0  arm_startup_nrf52.o(.text)
    FPU_IRQHandler                           0x0001f42f   Thumb Code     0  arm_startup_nrf52.o(.text)
    I2S_IRQHandler                           0x0001f42f   Thumb Code     0  arm_startup_nrf52.o(.text)
    MWU_IRQHandler                           0x0001f42f   Thumb Code     0  arm_startup_nrf52.o(.text)
    NFCT_IRQHandler                          0x0001f42f   Thumb Code     0  arm_startup_nrf52.o(.text)
    PDM_IRQHandler                           0x0001f42f   Thumb Code     0  arm_startup_nrf52.o(.text)
    PWM0_IRQHandler                          0x0001f42f   Thumb Code     0  arm_startup_nrf52.o(.text)
    PWM1_IRQHandler                          0x0001f42f   Thumb Code     0  arm_startup_nrf52.o(.text)
    PWM2_IRQHandler                          0x0001f42f   Thumb Code     0  arm_startup_nrf52.o(.text)
    QDEC_IRQHandler                          0x0001f42f   Thumb Code     0  arm_startup_nrf52.o(.text)
    RADIO_IRQHandler                         0x0001f42f   Thumb Code     0  arm_startup_nrf52.o(.text)
    RNG_IRQHandler                           0x0001f42f   Thumb Code     0  arm_startup_nrf52.o(.text)
    RTC0_IRQHandler                          0x0001f42f   Thumb Code     0  arm_startup_nrf52.o(.text)
    RTC2_IRQHandler                          0x0001f42f   Thumb Code     0  arm_startup_nrf52.o(.text)
    SAADC_IRQHandler                         0x0001f42f   Thumb Code     0  arm_startup_nrf52.o(.text)
    SPIM0_SPIS0_TWIM0_TWIS0_SPI0_TWI0_IRQHandler 0x0001f42f   Thumb Code     0  arm_startup_nrf52.o(.text)
    SPIM1_SPIS1_TWIM1_TWIS1_SPI1_TWI1_IRQHandler 0x0001f42f   Thumb Code     0  arm_startup_nrf52.o(.text)
    SPIM2_SPIS2_SPI2_IRQHandler              0x0001f42f   Thumb Code     0  arm_startup_nrf52.o(.text)
    SWI1_EGU1_IRQHandler                     0x0001f42f   Thumb Code     0  arm_startup_nrf52.o(.text)
    SWI3_EGU3_IRQHandler                     0x0001f42f   Thumb Code     0  arm_startup_nrf52.o(.text)
    SWI4_EGU4_IRQHandler                     0x0001f42f   Thumb Code     0  arm_startup_nrf52.o(.text)
    SWI5_EGU5_IRQHandler                     0x0001f42f   Thumb Code     0  arm_startup_nrf52.o(.text)
    TEMP_IRQHandler                          0x0001f42f   Thumb Code     0  arm_startup_nrf52.o(.text)
    TIMER0_IRQHandler                        0x0001f42f   Thumb Code     0  arm_startup_nrf52.o(.text)
    TIMER1_IRQHandler                        0x0001f42f   Thumb Code     0  arm_startup_nrf52.o(.text)
    TIMER2_IRQHandler                        0x0001f42f   Thumb Code     0  arm_startup_nrf52.o(.text)
    TIMER3_IRQHandler                        0x0001f42f   Thumb Code     0  arm_startup_nrf52.o(.text)
    TIMER4_IRQHandler                        0x0001f42f   Thumb Code     0  arm_startup_nrf52.o(.text)
    WDT_IRQHandler                           0x0001f42f   Thumb Code     0  arm_startup_nrf52.o(.text)
    __aeabi_memcpy                           0x0001f439   Thumb Code    36  memcpya.o(.text)
    __aeabi_memcpy4                          0x0001f439   Thumb Code     0  memcpya.o(.text)
    __aeabi_memcpy8                          0x0001f439   Thumb Code     0  memcpya.o(.text)
    __aeabi_memset                           0x0001f45d   Thumb Code    14  memseta.o(.text)
    __aeabi_memset4                          0x0001f45d   Thumb Code     0  memseta.o(.text)
    __aeabi_memset8                          0x0001f45d   Thumb Code     0  memseta.o(.text)
    __aeabi_memclr                           0x0001f46b   Thumb Code     4  memseta.o(.text)
    __aeabi_memclr4                          0x0001f46b   Thumb Code     0  memseta.o(.text)
    __aeabi_memclr8                          0x0001f46b   Thumb Code     0  memseta.o(.text)
    _memset$wrapper                          0x0001f46f   Thumb Code    18  memseta.o(.text)
    strlen                                   0x0001f481   Thumb Code    14  strlen.o(.text)
    memcmp                                   0x0001f48f   Thumb Code    26  memcmp.o(.text)
    __scatterload                            0x0001f4a9   Thumb Code    28  init.o(.text)
    __scatterload_rt2                        0x0001f4a9   Thumb Code     0  init.o(.text)
    GPIOTE_IRQHandler                        0x0001f4cd   Thumb Code   362  nrf_drv_gpiote.o(i.GPIOTE_IRQHandler)
    POWER_CLOCK_IRQHandler                   0x0001f6d1   Thumb Code    84  nrf_drv_clock.o(i.POWER_CLOCK_IRQHandler)
    RTC1_IRQHandler                          0x0001f729   Thumb Code    32  app_timer.o(i.RTC1_IRQHandler)
    SWI0_EGU0_IRQHandler                     0x0001f74d   Thumb Code     4  app_timer.o(i.SWI0_EGU0_IRQHandler)
    SWI2_EGU2_IRQHandler                     0x0001f751   Thumb Code    32  softdevice_handler.o(i.SWI2_EGU2_IRQHandler)
    SystemInit                               0x0001f775   Thumb Code   610  system_nrf52.o(i.SystemInit)
    UARTE0_UART0_IRQHandler                  0x0001fa11   Thumb Code    20  nrf_drv_uart.o(i.UARTE0_UART0_IRQHandler)
    __scatterload_copy                       0x0001fa2d   Thumb Code    14  handlers.o(i.__scatterload_copy)
    __scatterload_null                       0x0001fa3b   Thumb Code     2  handlers.o(i.__scatterload_null)
    __scatterload_zeroinit                   0x0001fa3d   Thumb Code    14  handlers.o(i.__scatterload_zeroinit)
    app_button_disable                       0x0001faa1   Thumb Code    38  app_button.o(i.app_button_disable)
    app_button_enable                        0x0001fad1   Thumb Code    32  app_button.o(i.app_button_enable)
    app_button_init                          0x0001faf5   Thumb Code    96  app_button.o(i.app_button_init)
    app_error_fault_handler                  0x0001fb65   Thumb Code    26  app_error_weak.o(i.app_error_fault_handler)
    app_error_handler_bare                   0x0001fb89   Thumb Code    22  app_error.o(i.app_error_handler_bare)
    app_timer_create                         0x0001fba1   Thumb Code    32  app_timer.o(i.app_timer_create)
    app_timer_init                           0x0001fbc5   Thumb Code   102  app_timer.o(i.app_timer_init)
    app_timer_start                          0x0001fc35   Thumb Code   128  app_timer.o(i.app_timer_start)
    app_timer_stop                           0x0001fcbd   Thumb Code    26  app_timer.o(i.app_timer_stop)
    app_util_critical_region_enter           0x0001fcdd   Thumb Code    64  app_util_platform.o(i.app_util_critical_region_enter)
    app_util_critical_region_exit            0x0001fd25   Thumb Code    46  app_util_platform.o(i.app_util_critical_region_exit)
    ble_conn_state_n_centrals                0x0001fd59   Thumb Code    12  ble_conn_state.o(i.ble_conn_state_n_centrals)
    ble_conn_state_on_ble_evt                0x0001fd69   Thumb Code   264  ble_conn_state.o(i.ble_conn_state_on_ble_evt)
    ble_db_discovery_evt_register            0x0001fe75   Thumb Code    56  ble_db_discovery.o(i.ble_db_discovery_evt_register)
    ble_db_discovery_init                    0x0001feb5   Thumb Code    24  ble_db_discovery.o(i.ble_db_discovery_init)
    ble_db_discovery_on_ble_evt              0x0001fed1   Thumb Code    70  ble_db_discovery.o(i.ble_db_discovery_on_ble_evt)
    ble_db_discovery_start                   0x0001ff1d   Thumb Code    84  ble_db_discovery.o(i.ble_db_discovery_start)
    ble_lbs_c_button_notif_enable            0x0001ffb9   Thumb Code    80  ble_lbs_c.o(i.ble_lbs_c_button_notif_enable)
    ble_lbs_c_handles_assign                 0x00020011   Thumb Code    24  ble_lbs_c.o(i.ble_lbs_c_handles_assign)
    ble_lbs_c_init                           0x00020029   Thumb Code    80  ble_lbs_c.o(i.ble_lbs_c_init)
    ble_lbs_c_on_ble_evt                     0x0002007d   Thumb Code   112  ble_lbs_c.o(i.ble_lbs_c_on_ble_evt)
    ble_lbs_led_status_send                  0x000200ed   Thumb Code    80  ble_lbs_c.o(i.ble_lbs_led_status_send)
    ble_lbs_on_db_disc_evt                   0x00020145   Thumb Code   140  ble_lbs_c.o(i.ble_lbs_on_db_disc_evt)
    bsp_board_led_invert                     0x00020235   Thumb Code    32  boards.o(i.bsp_board_led_invert)
    bsp_board_led_off                        0x00020259   Thumb Code    10  boards.o(i.bsp_board_led_off)
    bsp_board_led_on                         0x00020269   Thumb Code    10  boards.o(i.bsp_board_led_on)
    bsp_board_led_state_get                  0x00020279   Thumb Code    28  boards.o(i.bsp_board_led_state_get)
    bsp_board_leds_init                      0x00020299   Thumb Code    38  boards.o(i.bsp_board_leds_init)
    bsp_board_leds_off                       0x000202c5   Thumb Code    18  boards.o(i.bsp_board_leds_off)
    bsp_board_leds_on                        0x000202d7   Thumb Code    18  boards.o(i.bsp_board_leds_on)
    bsp_board_pin_to_button_idx              0x000202e9   Thumb Code    30  boards.o(i.bsp_board_pin_to_button_idx)
    bsp_indication_set                       0x000203a1   Thumb Code    20  bsp.o(i.bsp_indication_set)
    intern_softdevice_events_execute         0x00020979   Thumb Code   114  softdevice_handler.o(i.intern_softdevice_events_execute)
    main                                     0x00020be5   Thumb Code   128  main.o(i.main)
    nrf_drv_clock_init                       0x00020d31   Thumb Code    64  nrf_drv_clock.o(i.nrf_drv_clock_init)
    nrf_drv_clock_on_sd_enable               0x00020d79   Thumb Code    44  nrf_drv_clock.o(i.nrf_drv_clock_on_sd_enable)
    nrf_drv_clock_on_soc_event               0x00020da9   Thumb Code    10  nrf_drv_clock.o(i.nrf_drv_clock_on_soc_event)
    nrf_drv_common_irq_enable                0x00020db3   Thumb Code    56  nrf_drv_common.o(i.nrf_drv_common_irq_enable)
    nrf_drv_gpiote_in_event_disable          0x00020ded   Thumb Code    66  nrf_drv_gpiote.o(i.nrf_drv_gpiote_in_event_disable)
    nrf_drv_gpiote_in_event_enable           0x00020e35   Thumb Code   156  nrf_drv_gpiote.o(i.nrf_drv_gpiote_in_event_enable)
    nrf_drv_gpiote_in_init                   0x00020ed9   Thumb Code   172  nrf_drv_gpiote.o(i.nrf_drv_gpiote_in_init)
    nrf_drv_gpiote_in_is_set                 0x00020f91   Thumb Code    20  nrf_drv_gpiote.o(i.nrf_drv_gpiote_in_is_set)
    nrf_drv_gpiote_init                      0x00020fa5   Thumb Code    84  nrf_drv_gpiote.o(i.nrf_drv_gpiote_init)
    nrf_drv_gpiote_is_init                   0x00021001   Thumb Code    14  nrf_drv_gpiote.o(i.nrf_drv_gpiote_is_init)
    sdk_mapped_flags_bulk_update_by_key      0x000216d1   Thumb Code    68  sdk_mapped_flags.o(i.sdk_mapped_flags_bulk_update_by_key)
    sdk_mapped_flags_first_key_index_get     0x00021715   Thumb Code    34  sdk_mapped_flags.o(i.sdk_mapped_flags_first_key_index_get)
    sdk_mapped_flags_key_list_get            0x00021747   Thumb Code    74  sdk_mapped_flags.o(i.sdk_mapped_flags_key_list_get)
    sdk_mapped_flags_n_flags_set             0x00021791   Thumb Code    30  sdk_mapped_flags.o(i.sdk_mapped_flags_n_flags_set)
    sdk_mapped_flags_update_by_key           0x000217af   Thumb Code    14  sdk_mapped_flags.o(i.sdk_mapped_flags_update_by_key)
    softdevice_ble_evt_handler_set           0x000217bd   Thumb Code    14  softdevice_handler.o(i.softdevice_ble_evt_handler_set)
    softdevice_enable                        0x000217d1   Thumb Code    14  softdevice_handler.o(i.softdevice_enable)
    softdevice_enable_get_default_config     0x000217e5   Thumb Code    38  softdevice_handler.o(i.softdevice_enable_get_default_config)
    softdevice_fault_handler                 0x0002180b   Thumb Code     4  softdevice_handler.o(i.softdevice_fault_handler)
    softdevice_handler_init                  0x00021811   Thumb Code    92  softdevice_handler.o(i.softdevice_handler_init)
    softdevice_handler_is_enabled            0x00021875   Thumb Code     6  softdevice_handler.o(i.softdevice_handler_is_enabled)
    Region$$Table$$Base                      0x00021d48   Number         0  anon$$obj.o(Region$$Table)
    Region$$Table$$Limit                     0x00021d68   Number         0  anon$$obj.o(Region$$Table)
    Image$$RW_IRAM1$$Base                    0x20004110   Number         0  anon$$obj.o ABSOLUTE
    SystemCoreClock                          0x20004190   Data           4  system_nrf52.o(.data)
    nrf_nvic_state                           0x20005a38   Data          12  app_util_platform.o(.bss)
    __initial_sp                             0x20007a48   Data           0  arm_startup_nrf52.o(STACK)



==============================================================================

Memory Map of the image

  Image Entry point : 0x0001f401

  Load Region LR_IROM1 (Base: 0x0001f000, Size: 0x00002dec, Max: 0x00061000, ABSOLUTE)

    Execution Region ER_IROM1 (Base: 0x0001f000, Size: 0x00002d68, Max: 0x00061000, ABSOLUTE)

    Base Addr    Size         Type   Attr      Idx    E Section Name        Object

    0x0001f000   0x00000400   Data   RO         2816    RESET               arm_startup_nrf52.o
    0x0001f400   0x00000000   Code   RO         2857  * .ARM.Collect$$$$00000000  mc_w.l(entry.o)
    0x0001f400   0x00000004   Code   RO         2872    .ARM.Collect$$$$00000001  mc_w.l(entry2.o)
    0x0001f404   0x00000004   Code   RO         2875    .ARM.Collect$$$$00000004  mc_w.l(entry5.o)
    0x0001f408   0x00000000   Code   RO         2877    .ARM.Collect$$$$00000008  mc_w.l(entry7b.o)
    0x0001f408   0x00000000   Code   RO         2879    .ARM.Collect$$$$0000000A  mc_w.l(entry8b.o)
    0x0001f408   0x00000008   Code   RO         2880    .ARM.Collect$$$$0000000B  mc_w.l(entry9a.o)
    0x0001f410   0x00000000   Code   RO         2882    .ARM.Collect$$$$0000000D  mc_w.l(entry10a.o)
    0x0001f410   0x00000000   Code   RO         2884    .ARM.Collect$$$$0000000F  mc_w.l(entry11a.o)
    0x0001f410   0x00000004   Code   RO         2873    .ARM.Collect$$$$00002712  mc_w.l(entry2.o)
    0x0001f414   0x00000024   Code   RO         2817    .text               arm_startup_nrf52.o
    0x0001f438   0x00000024   Code   RO         2860    .text               mc_w.l(memcpya.o)
    0x0001f45c   0x00000024   Code   RO         2862    .text               mc_w.l(memseta.o)
    0x0001f480   0x0000000e   Code   RO         2864    .text               mc_w.l(strlen.o)
    0x0001f48e   0x0000001a   Code   RO         2866    .text               mc_w.l(memcmp.o)
    0x0001f4a8   0x00000024   Code   RO         2886    .text               mc_w.l(init.o)
    0x0001f4cc   0x00000174   Code   RO         1435    i.GPIOTE_IRQHandler  nrf_drv_gpiote.o
    0x0001f640   0x00000016   Code   RO         2043    i.NVIC_ClearPendingIRQ  app_timer.o
    0x0001f656   0x00000016   Code   RO         2669    i.NVIC_DisableIRQ   softdevice_handler.o
    0x0001f66c   0x00000016   Code   RO         2044    i.NVIC_EnableIRQ    app_timer.o
    0x0001f682   0x00000016   Code   RO         2670    i.NVIC_EnableIRQ    softdevice_handler.o
    0x0001f698   0x00000016   Code   RO         2045    i.NVIC_SetPendingIRQ  app_timer.o
    0x0001f6ae   0x00000020   Code   RO         2046    i.NVIC_SetPriority  app_timer.o
    0x0001f6ce   0x00000002   PAD
    0x0001f6d0   0x00000058   Code   RO         1215    i.POWER_CLOCK_IRQHandler  nrf_drv_clock.o
    0x0001f728   0x00000024   Code   RO         2047    i.RTC1_IRQHandler   app_timer.o
    0x0001f74c   0x00000004   Code   RO         2048    i.SWI0_EGU0_IRQHandler  app_timer.o
    0x0001f750   0x00000024   Code   RO         2671    i.SWI2_EGU2_IRQHandler  softdevice_handler.o
    0x0001f774   0x0000029c   Code   RO         2825    i.SystemInit        system_nrf52.o
    0x0001fa10   0x0000001c   Code   RO         1678    i.UARTE0_UART0_IRQHandler  nrf_drv_uart.o
    0x0001fa2c   0x0000000e   Code   RO         2890    i.__scatterload_copy  mc_w.l(handlers.o)
    0x0001fa3a   0x00000002   Code   RO         2891    i.__scatterload_null  mc_w.l(handlers.o)
    0x0001fa3c   0x0000000e   Code   RO         2892    i.__scatterload_zeroinit  mc_w.l(handlers.o)
    0x0001fa4a   0x00000002   PAD
    0x0001fa4c   0x00000024   Code   RO         2672    i.__sd_nvic_app_accessible_irq  softdevice_handler.o
    0x0001fa70   0x0000002e   Code   RO            4    i.adv_report_parse  main.o
    0x0001fa9e   0x00000002   PAD
    0x0001faa0   0x00000030   Code   RO         1910    i.app_button_disable  app_button.o
    0x0001fad0   0x00000024   Code   RO         1911    i.app_button_enable  app_button.o
    0x0001faf4   0x00000070   Code   RO         1912    i.app_button_init   app_button.o
    0x0001fb64   0x00000024   Code   RO         2015    i.app_error_fault_handler  app_error_weak.o
    0x0001fb88   0x00000016   Code   RO         1976    i.app_error_handler_bare  app_error.o
    0x0001fb9e   0x00000002   PAD
    0x0001fba0   0x00000024   Code   RO         2051    i.app_timer_create  app_timer.o
    0x0001fbc4   0x00000070   Code   RO         2052    i.app_timer_init    app_timer.o
    0x0001fc34   0x00000088   Code   RO         2053    i.app_timer_start   app_timer.o
    0x0001fcbc   0x00000020   Code   RO         2054    i.app_timer_stop    app_timer.o
    0x0001fcdc   0x00000048   Code   RO         2203    i.app_util_critical_region_enter  app_util_platform.o
    0x0001fd24   0x00000034   Code   RO         2204    i.app_util_critical_region_exit  app_util_platform.o
    0x0001fd58   0x00000010   Code   RO          858    i.ble_conn_state_n_centrals  ble_conn_state.o
    0x0001fd68   0x0000010c   Code   RO          861    i.ble_conn_state_on_ble_evt  ble_conn_state.o
    0x0001fe74   0x00000040   Code   RO          990    i.ble_db_discovery_evt_register  ble_db_discovery.o
    0x0001feb4   0x0000001c   Code   RO          991    i.ble_db_discovery_init  ble_db_discovery.o
    0x0001fed0   0x0000004c   Code   RO          992    i.ble_db_discovery_on_ble_evt  ble_db_discovery.o
    0x0001ff1c   0x0000005c   Code   RO          993    i.ble_db_discovery_start  ble_db_discovery.o
    0x0001ff78   0x00000040   Code   RO            6    i.ble_evt_dispatch  main.o
    0x0001ffb8   0x00000058   Code   RO         1152    i.ble_lbs_c_button_notif_enable  ble_lbs_c.o
    0x00020010   0x00000018   Code   RO         1153    i.ble_lbs_c_handles_assign  ble_lbs_c.o
    0x00020028   0x00000054   Code   RO         1154    i.ble_lbs_c_init    ble_lbs_c.o
    0x0002007c   0x00000070   Code   RO         1155    i.ble_lbs_c_on_ble_evt  ble_lbs_c.o
    0x000200ec   0x00000058   Code   RO         1156    i.ble_lbs_led_status_send  ble_lbs_c.o
    0x00020144   0x0000008c   Code   RO         1157    i.ble_lbs_on_db_disc_evt  ble_lbs_c.o
    0x000201d0   0x00000064   Code   RO            7    i.ble_stack_init    main.o
    0x00020234   0x00000024   Code   RO          311    i.bsp_board_led_invert  boards.o
    0x00020258   0x00000010   Code   RO          312    i.bsp_board_led_off  boards.o
    0x00020268   0x00000010   Code   RO          313    i.bsp_board_led_on  boards.o
    0x00020278   0x00000020   Code   RO          314    i.bsp_board_led_state_get  boards.o
    0x00020298   0x0000002c   Code   RO          315    i.bsp_board_leds_init  boards.o
    0x000202c4   0x00000012   Code   RO          316    i.bsp_board_leds_off  boards.o
    0x000202d6   0x00000012   Code   RO          317    i.bsp_board_leds_on  boards.o
    0x000202e8   0x00000024   Code   RO          318    i.bsp_board_pin_to_button_idx  boards.o
    0x0002030c   0x00000094   Code   RO          417    i.bsp_button_event_handler  bsp.o
    0x000203a0   0x00000018   Code   RO          422    i.bsp_indication_set  bsp.o
    0x000203b8   0x00000174   Code   RO          424    i.bsp_led_indication  bsp.o
    0x0002052c   0x00000040   Code   RO            8    i.button_event_handler  main.o
    0x0002056c   0x0000001c   Code   RO         1436    i.channel_free      nrf_drv_gpiote.o
    0x00020588   0x00000048   Code   RO         1437    i.channel_port_alloc  nrf_drv_gpiote.o
    0x000205d0   0x00000010   Code   RO         1438    i.channel_port_get  nrf_drv_gpiote.o
    0x000205e0   0x00000042   Code   RO          994    i.characteristics_discover  ble_db_discovery.o
    0x00020622   0x00000002   PAD
    0x00020624   0x00000028   Code   RO         1216    i.clock_clk_started_notify  nrf_drv_clock.o
    0x0002064c   0x000000ac   Code   RO         2056    i.compare_reg_update  app_timer.o
    0x000206f8   0x00000014   Code   RO            9    i.db_disc_handler   main.o
    0x0002070c   0x0000008c   Code   RO          995    i.descriptors_discover  ble_db_discovery.o
    0x00020798   0x00000060   Code   RO         1914    i.detection_delay_timeout_handler  app_button.o
    0x000207f8   0x000000b4   Code   RO          996    i.discovery_complete_evt_trigger  ble_db_discovery.o
    0x000208ac   0x00000034   Code   RO          997    i.discovery_error_evt_trigger  ble_db_discovery.o
    0x000208e0   0x00000040   Code   RO         2057    i.elapsed_ticks_acquire  app_timer.o
    0x00020920   0x00000058   Code   RO         1915    i.gpiote_event_handler  app_button.o
    0x00020978   0x00000078   Code   RO         2673    i.intern_softdevice_events_execute  softdevice_handler.o
    0x000209f0   0x0000004c   Code   RO          998    i.is_desc_discovery_reqd  ble_db_discovery.o
    0x00020a3c   0x00000046   Code   RO           10    i.lbs_c_evt_handler  main.o
    0x00020a82   0x00000002   PAD
    0x00020a84   0x000000a8   Code   RO         2058    i.list_deletions_handler  app_timer.o
    0x00020b2c   0x000000b8   Code   RO         2059    i.list_insertions_handler  app_timer.o
    0x00020be4   0x00000090   Code   RO           11    i.main              main.o
    0x00020c74   0x00000010   Code   RO         1439    i.nrf_bitmask_bit_is_set  nrf_drv_gpiote.o
    0x00020c84   0x0000000e   Code   RO         1220    i.nrf_clock_event_check  nrf_drv_clock.o
    0x00020c92   0x00000010   Code   RO         1221    i.nrf_clock_event_clear  nrf_drv_clock.o
    0x00020ca2   0x00000002   PAD
    0x00020ca4   0x0000008c   Code   RO         2060    i.nrf_delay_us      app_timer.o
    0x00020d30   0x00000048   Code   RO         1228    i.nrf_drv_clock_init  nrf_drv_clock.o
    0x00020d78   0x00000030   Code   RO         1235    i.nrf_drv_clock_on_sd_enable  nrf_drv_clock.o
    0x00020da8   0x0000000a   Code   RO         1236    i.nrf_drv_clock_on_soc_event  nrf_drv_clock.o
    0x00020db2   0x00000038   Code   RO         1389    i.nrf_drv_common_irq_enable  nrf_drv_common.o
    0x00020dea   0x00000002   PAD
    0x00020dec   0x00000048   Code   RO         1443    i.nrf_drv_gpiote_in_event_disable  nrf_drv_gpiote.o
    0x00020e34   0x000000a4   Code   RO         1444    i.nrf_drv_gpiote_in_event_enable  nrf_drv_gpiote.o
    0x00020ed8   0x000000b8   Code   RO         1445    i.nrf_drv_gpiote_in_init  nrf_drv_gpiote.o
    0x00020f90   0x00000014   Code   RO         1446    i.nrf_drv_gpiote_in_is_set  nrf_drv_gpiote.o
    0x00020fa4   0x0000005c   Code   RO         1448    i.nrf_drv_gpiote_init  nrf_drv_gpiote.o
    0x00021000   0x00000014   Code   RO         1449    i.nrf_drv_gpiote_is_init  nrf_drv_gpiote.o
    0x00021014   0x00000024   Code   RO          320    i.nrf_gpio_cfg      boards.o
    0x00021038   0x00000024   Code   RO         1463    i.nrf_gpio_cfg      nrf_drv_gpiote.o
    0x0002105c   0x00000022   Code   RO         1465    i.nrf_gpio_cfg_sense_set  nrf_drv_gpiote.o
    0x0002107e   0x00000016   Code   RO          321    i.nrf_gpio_pin_write  boards.o
    0x00021094   0x00000028   Code   RO         1466    i.nrf_gpio_ports_read  nrf_drv_gpiote.o
    0x000210bc   0x00000014   Code   RO         1467    i.nrf_gpiote_event_clear  nrf_drv_gpiote.o
    0x000210d0   0x00000010   Code   RO         1468    i.nrf_gpiote_event_is_set  nrf_drv_gpiote.o
    0x000210e0   0x0000000a   Code   RO         1700    i.nrf_uart_event_check  nrf_drv_uart.o
    0x000210ea   0x0000000c   Code   RO         1701    i.nrf_uart_event_clear  nrf_drv_uart.o
    0x000210f6   0x0000000c   Code   RO         1702    i.nrf_uart_int_enable_check  nrf_drv_uart.o
    0x00021102   0x0000000a   Code   RO         1703    i.nrf_uarte_event_check  nrf_drv_uart.o
    0x0002110c   0x0000000c   Code   RO         1704    i.nrf_uarte_event_clear  nrf_drv_uart.o
    0x00021118   0x00000060   Code   RO           12    i.on_adv_report     main.o
    0x00021178   0x000000e4   Code   RO           13    i.on_ble_evt        main.o
    0x0002125c   0x00000114   Code   RO          999    i.on_characteristic_discovery_rsp  ble_db_discovery.o
    0x00021370   0x000000f0   Code   RO         1000    i.on_descriptor_discovery_rsp  ble_db_discovery.o
    0x00021460   0x0000006c   Code   RO         1001    i.on_primary_srv_discovery_rsp  ble_db_discovery.o
    0x000214cc   0x0000007c   Code   RO         1002    i.on_srv_disc_completion  ble_db_discovery.o
    0x00021548   0x00000018   Code   RO         1469    i.pin_in_use_by_port  nrf_drv_gpiote.o
    0x00021560   0x00000018   Code   RO         1470    i.pin_in_use_by_te  nrf_drv_gpiote.o
    0x00021578   0x00000038   Code   RO         1003    i.registered_handler_get  ble_db_discovery.o
    0x000215b0   0x0000003c   Code   RO         2061    i.rtc1_stop         app_timer.o
    0x000215ec   0x00000032   Code   RO         1706    i.rx_byte           nrf_drv_uart.o
    0x0002161e   0x00000018   Code   RO         1707    i.rx_done_event     nrf_drv_uart.o
    0x00021636   0x00000002   PAD
    0x00021638   0x00000028   Code   RO           14    i.scan_start        main.o
    0x00021660   0x00000070   Code   RO         2675    i.sd_nvic_EnableIRQ  softdevice_handler.o
    0x000216d0   0x00000044   Code   RO         2414    i.sdk_mapped_flags_bulk_update_by_key  sdk_mapped_flags.o
    0x00021714   0x00000022   Code   RO         2415    i.sdk_mapped_flags_first_key_index_get  sdk_mapped_flags.o
    0x00021736   0x00000010   Code   RO         2416    i.sdk_mapped_flags_get_by_index  sdk_mapped_flags.o
    0x00021746   0x0000004a   Code   RO         2418    i.sdk_mapped_flags_key_list_get  sdk_mapped_flags.o
    0x00021790   0x0000001e   Code   RO         2419    i.sdk_mapped_flags_n_flags_set  sdk_mapped_flags.o
    0x000217ae   0x0000000e   Code   RO         2420    i.sdk_mapped_flags_update_by_key  sdk_mapped_flags.o
    0x000217bc   0x00000014   Code   RO         2676    i.softdevice_ble_evt_handler_set  softdevice_handler.o
    0x000217d0   0x00000014   Code   RO         2677    i.softdevice_enable  softdevice_handler.o
    0x000217e4   0x00000026   Code   RO         2678    i.softdevice_enable_get_default_config  softdevice_handler.o
    0x0002180a   0x00000004   Code   RO         2679    i.softdevice_fault_handler  softdevice_handler.o
    0x0002180e   0x00000002   PAD
    0x00021810   0x00000064   Code   RO         2680    i.softdevice_handler_init  softdevice_handler.o
    0x00021874   0x0000000c   Code   RO         2681    i.softdevice_handler_is_enabled  softdevice_handler.o
    0x00021880   0x0000008c   Code   RO         2062    i.timer_list_handler  app_timer.o
    0x0002190c   0x0000003c   Code   RO         2063    i.timer_list_insert  app_timer.o
    0x00021948   0x00000048   Code   RO         2064    i.timer_stop_op_schedule  app_timer.o
    0x00021990   0x00000084   Code   RO         2065    i.timer_timeouts_check  app_timer.o
    0x00021a14   0x00000048   Code   RO         1158    i.tx_buffer_process  ble_lbs_c.o
    0x00021a5c   0x00000020   Code   RO         1709    i.tx_byte           nrf_drv_uart.o
    0x00021a7c   0x0000001c   Code   RO         1710    i.tx_done_event     nrf_drv_uart.o
    0x00021a98   0x0000011e   Code   RO         1711    i.uart_irq_handler  nrf_drv_uart.o
    0x00021bb6   0x000000f0   Code   RO         1712    i.uarte_irq_handler  nrf_drv_uart.o
    0x00021ca6   0x00000002   PAD
    0x00021ca8   0x00000030   Code   RO         2066    i.user_op_alloc     app_timer.o
    0x00021cd8   0x00000020   Data   RO           16    .constdata          main.o
    0x00021cf8   0x00000008   Data   RO          322    .constdata          boards.o
    0x00021d00   0x0000002c   Data   RO          434    .constdata          bsp.o
    0x00021d2c   0x00000010   Data   RO         1160    .constdata          ble_lbs_c.o
    0x00021d3c   0x00000004   Data   RO         1472    .constdata          nrf_drv_gpiote.o
    0x00021d40   0x00000008   Data   RO         1917    .constdata          app_button.o
    0x00021d48   0x00000020   Data   RO         2888    Region$$Table       anon$$obj.o


    Execution Region RW_IRAM1 (Base: 0x20004110, Size: 0x00003938, Max: 0x0000bef0, ABSOLUTE)

    Base Addr    Size         Type   Attr      Idx    E Section Name        Object

    0x20004110   0x0000000c   Data   RW           17    .data               main.o
    0x2000411c   0x00000014   Data   RW          435    .data               bsp.o
    0x20004130   0x00000010   Data   RW         1005    .data               ble_db_discovery.o
    0x20004140   0x00000008   Data   RW         1161    .data               ble_lbs_c.o
    0x20004148   0x00000014   Data   RW         1918    .data               app_button.o
    0x2000415c   0x00000020   Data   RW         2067    .data               app_timer.o
    0x2000417c   0x00000014   Data   RW         2687    .data               softdevice_handler.o
    0x20004190   0x00000004   Data   RW         2826    .data               system_nrf52.o
    0x20004194   0x00001418   Zero   RW           15    .bss                main.o
    0x200055ac   0x00000020   Zero   RW          430    .bss                bsp.o
    0x200055cc   0x00000020   Zero   RW          431    .bss                bsp.o
    0x200055ec   0x0000000c   Zero   RW          432    .bss                bsp.o
    0x200055f8   0x00000020   Zero   RW          433    .bss                bsp.o
    0x20005618   0x00000034   Zero   RW          871    .bss                ble_conn_state.o
    0x2000564c   0x000002a0   Zero   RW         1004    .bss                ble_db_discovery.o
    0x200058ec   0x000000a0   Zero   RW         1159    .bss                ble_lbs_c.o
    0x2000598c   0x00000014   Zero   RW         1238    .bss                nrf_drv_clock.o
    0x200059a0   0x00000058   Zero   RW         1471    .bss                nrf_drv_gpiote.o
    0x200059f8   0x00000020   Zero   RW         1713    .bss                nrf_drv_uart.o
    0x20005a18   0x00000020   Zero   RW         1916    .bss                app_button.o
    0x20005a38   0x0000000c   Zero   RW         2207    .bss                app_util_platform.o
    0x20005a44   0x00000004   PAD
    0x20005a48   0x00002000   Zero   RW         2814    STACK               arm_startup_nrf52.o


==============================================================================

Image component sizes


      Code (inc. data)   RO Data    RW Data    ZI Data      Debug   Object Name

       380         44          8         20         32      10863   app_button.o
        22          0          0          0          0       2241   app_error.o
        36         10          0          0          0      27353   app_error_weak.o
      1694        114          0         32          0      64487   app_timer.o
       124         14          0          0         12       9498   app_util_platform.o
        36          8       1024          0       8192        928   arm_startup_nrf52.o
       284          8          0          0         52       3943   ble_conn_state.o
      1578         66          0         16        672      16023   ble_db_discovery.o
       608         30         16          8        160       8286   ble_lbs_c.o
       274         32          8          0          0      11797   boards.o
       544         50         44         20        108       9217   bsp.o
       872         60         32         12       5144     117579   main.o
       288         22          0          0         20      12792   nrf_drv_clock.o
        56          0          0          0          0      27555   nrf_drv_common.o
      1250         90          4          0         88      31306   nrf_drv_gpiote.o
       744          8          0          0         32      24384   nrf_drv_uart.o
       236          0          0          0          0       6273   sdk_mapped_flags.o
       542         46          0         20          0      43115   softdevice_handler.o
       668         58          0          4          0       2735   system_nrf52.o

    ----------------------------------------------------------------------
     10256        660       1168        132      14516     430375   Object Totals
         0          0         32          0          0          0   (incl. Generated)
        20          0          0          0          4          0   (incl. Padding)

    ----------------------------------------------------------------------

      Code (inc. data)   RO Data    RW Data    ZI Data      Debug   Library Member Name

         0          0          0          0          0          0   entry.o
         0          0          0          0          0          0   entry10a.o
         0          0          0          0          0          0   entry11a.o
         8          4          0          0          0          0   entry2.o
         4          0          0          0          0          0   entry5.o
         0          0          0          0          0          0   entry7b.o
         0          0          0          0          0          0   entry8b.o
         8          4          0          0          0          0   entry9a.o
        30          0          0          0          0          0   handlers.o
        36          8          0          0          0         68   init.o
        26          0          0          0          0         80   memcmp.o
        36          0          0          0          0         68   memcpya.o
        36          0          0          0          0        108   memseta.o
        14          0          0          0          0         68   strlen.o

    ----------------------------------------------------------------------
       200         16          0          0          0        392   Library Totals
         2          0          0          0          0          0   (incl. Padding)

    ----------------------------------------------------------------------

      Code (inc. data)   RO Data    RW Data    ZI Data      Debug   Library Name

       198         16          0          0          0        392   mc_w.l

    ----------------------------------------------------------------------
       200         16          0          0          0        392   Library Totals

    ----------------------------------------------------------------------

==============================================================================


      Code (inc. data)   RO Data    RW Data    ZI Data      Debug   

     10456        676       1168        132      14516     418167   Grand Totals
     10456        676       1168        132      14516     418167   ELF Image Totals
     10456        676       1168        132          0          0   ROM Totals

==============================================================================

    Total RO  Size (Code + RO Data)                11624 (  11.35kB)
    Total RW  Size (RW Data + ZI Data)             14648 (  14.30kB)
    Total ROM Size (Code + RO Data + RW Data)      11756 (  11.48kB)

==============================================================================

