Component: ARM Compiler 5.06 update 1 (build 61) Tool: armlink [4d35a8]

==============================================================================

Section Cross References

    main.o(i.assert_nrf_callback) refers to app_error.o(i.app_error_handler) for app_error_handler
    main.o(i.ble_evt_dispatch) refers to ble_conn_params.o(i.ble_conn_params_on_ble_evt) for ble_conn_params_on_ble_evt
    main.o(i.ble_evt_dispatch) refers to ble_nus.o(i.ble_nus_on_ble_evt) for ble_nus_on_ble_evt
    main.o(i.ble_evt_dispatch) refers to main.o(i.on_ble_evt) for on_ble_evt
    main.o(i.ble_evt_dispatch) refers to ble_advertising.o(i.ble_advertising_on_ble_evt) for ble_advertising_on_ble_evt
    main.o(i.ble_evt_dispatch) refers to bsp_btn_ble.o(i.bsp_btn_ble_on_ble_evt) for bsp_btn_ble_on_ble_evt
    main.o(i.ble_evt_dispatch) refers to main.o(.bss) for .bss
    main.o(i.ble_stack_init) refers to softdevice_handler.o(i.softdevice_handler_init) for softdevice_handler_init
    main.o(i.ble_stack_init) refers to app_error.o(i.app_error_handler_bare) for app_error_handler_bare
    main.o(i.ble_stack_init) refers to softdevice_handler.o(i.softdevice_enable_get_default_config) for softdevice_enable_get_default_config
    main.o(i.ble_stack_init) refers to softdevice_handler.o(i.softdevice_enable) for softdevice_enable
    main.o(i.ble_stack_init) refers to softdevice_handler.o(i.softdevice_ble_evt_handler_set) for softdevice_ble_evt_handler_set
    main.o(i.ble_stack_init) refers to main.o(.constdata) for .constdata
    main.o(i.ble_stack_init) refers to main.o(.bss) for .bss
    main.o(i.ble_stack_init) refers to main.o(i.ble_evt_dispatch) for ble_evt_dispatch
    main.o(i.bsp_event_handler) refers to main.o(i.sleep_mode_enter) for sleep_mode_enter
    main.o(i.bsp_event_handler) refers to app_error.o(i.app_error_handler_bare) for app_error_handler_bare
    main.o(i.bsp_event_handler) refers to ble_advertising.o(i.ble_advertising_restart_without_whitelist) for ble_advertising_restart_without_whitelist
    main.o(i.bsp_event_handler) refers to main.o(.data) for .data
    main.o(i.conn_params_error_handler) refers to app_error.o(i.app_error_handler_bare) for app_error_handler_bare
    main.o(i.main) refers to app_timer.o(i.app_timer_init) for app_timer_init
    main.o(i.main) refers to app_error.o(i.app_error_handler_bare) for app_error_handler_bare
    main.o(i.main) refers to memcpya.o(.text) for __aeabi_memcpy4
    main.o(i.main) refers to app_uart_fifo.o(i.app_uart_init) for app_uart_init
    main.o(i.main) refers to bsp.o(i.bsp_init) for bsp_init
    main.o(i.main) refers to bsp_btn_ble.o(i.bsp_btn_ble_init) for bsp_btn_ble_init
    main.o(i.main) refers to main.o(i.ble_stack_init) for ble_stack_init
    main.o(i.main) refers to ble_nus.o(i.ble_nus_init) for ble_nus_init
    main.o(i.main) refers to memseta.o(.text) for __aeabi_memclr4
    main.o(i.main) refers to ble_advertising.o(i.ble_advertising_init) for ble_advertising_init
    main.o(i.main) refers to ble_conn_params.o(i.ble_conn_params_init) for ble_conn_params_init
    main.o(i.main) refers to printf1.o(i.__0printf$1) for __2printf
    main.o(i.main) refers to ble_advertising.o(i.ble_advertising_start) for ble_advertising_start
    main.o(i.main) refers to main.o(.bss) for .bss
    main.o(i.main) refers to main.o(.constdata) for .constdata
    main.o(i.main) refers to main.o(i.uart_event_handle) for uart_event_handle
    main.o(i.main) refers to main.o(i.bsp_event_handler) for bsp_event_handler
    main.o(i.main) refers to main.o(i.nus_data_handler) for nus_data_handler
    main.o(i.main) refers to main.o(.data) for .data
    main.o(i.main) refers to main.o(i.on_adv_evt) for on_adv_evt
    main.o(i.main) refers to main.o(i.on_conn_params_evt) for on_conn_params_evt
    main.o(i.main) refers to main.o(i.conn_params_error_handler) for conn_params_error_handler
    main.o(i.nus_data_handler) refers to printf1.o(i.__0printf$1) for __2printf
    main.o(i.nus_data_handler) refers to app_uart_fifo.o(i.app_uart_put) for app_uart_put
    main.o(i.on_adv_evt) refers to bsp.o(i.bsp_indication_set) for bsp_indication_set
    main.o(i.on_adv_evt) refers to app_error.o(i.app_error_handler_bare) for app_error_handler_bare
    main.o(i.on_adv_evt) refers to main.o(i.sleep_mode_enter) for sleep_mode_enter
    main.o(i.on_ble_evt) refers to bsp.o(i.bsp_indication_set) for bsp_indication_set
    main.o(i.on_ble_evt) refers to app_error.o(i.app_error_handler_bare) for app_error_handler_bare
    main.o(i.on_ble_evt) refers to memcpya.o(.text) for __aeabi_memcpy
    main.o(i.on_ble_evt) refers to main.o(.data) for .data
    main.o(i.on_conn_params_evt) refers to app_error.o(i.app_error_handler_bare) for app_error_handler_bare
    main.o(i.on_conn_params_evt) refers to main.o(.data) for .data
    main.o(i.sleep_mode_enter) refers to bsp.o(i.bsp_indication_set) for bsp_indication_set
[...]
    ..\\..\\..\\..\\..\\..\\components\\libraries\\util\\app_error_weak.c 0x00000000   Number         0  app_error_weak.o ABSOLUTE
    ..\\..\\..\\..\\..\\..\\components\\libraries\\util\\app_util_platform.c 0x00000000   Number         0  app_util_platform.o ABSOLUTE
    ..\\..\\..\\..\\..\\..\\components\\libraries\\util\\nrf_assert.c 0x00000000   Number         0  nrf_assert.o ABSOLUTE
    ..\\..\\..\\..\\..\\..\\components\\softdevice\\common\\softdevice_handler\\softdevice_handler.c 0x00000000   Number         0  softdevice_handler.o ABSOLUTE
    ..\\..\\..\\..\\..\\..\\external\\segger_rtt\\SEGGER_RTT.c 0x00000000   Number         0  segger_rtt.o ABSOLUTE
    ..\\..\\..\\main.c                       0x00000000   Number         0  main.o ABSOLUTE
    RTE\Device\nRF52832_xxAA\arm_startup_nrf52.s 0x00000000   Number         0  arm_startup_nrf52.o ABSOLUTE
    RTE\Device\nRF52832_xxAA\system_nrf52.c  0x00000000   Number         0  system_nrf52.o ABSOLUTE
    RTE\\Device\\nRF52832_xxAA\\system_nrf52.c 0x00000000   Number         0  system_nrf52.o ABSOLUTE
    cdrcmple.s                               0x00000000   Number         0  cdrcmple.o ABSOLUTE
    dc.s                                     0x00000000   Number         0  dc.o ABSOLUTE
    handlers.s                               0x00000000   Number         0  handlers.o ABSOLUTE
    init.s                                   0x00000000   Number         0  init.o ABSOLUTE
    RESET                                    0x0001f000   Section     1024  arm_startup_nrf52.o(RESET)
    .ARM.Collect$$$$00000000                 0x0001f400   Section        0  entry.o(.ARM.Collect$$$$00000000)
    .ARM.Collect$$$$00000001                 0x0001f400   Section        4  entry2.o(.ARM.Collect$$$$00000001)
    .ARM.Collect$$$$00000004                 0x0001f404   Section        4  entry5.o(.ARM.Collect$$$$00000004)
    .ARM.Collect$$$$00000008                 0x0001f408   Section        0  entry7b.o(.ARM.Collect$$$$00000008)
    .ARM.Collect$$$$0000000A                 0x0001f408   Section        0  entry8b.o(.ARM.Collect$$$$0000000A)
    .ARM.Collect$$$$0000000B                 0x0001f408   Section        8  entry9a.o(.ARM.Collect$$$$0000000B)
    .ARM.Collect$$$$0000000D                 0x0001f410   Section        0  entry10a.o(.ARM.Collect$$$$0000000D)
    .ARM.Collect$$$$0000000F                 0x0001f410   Section        0  entry11a.o(.ARM.Collect$$$$0000000F)
    .ARM.Collect$$$$00002712                 0x0001f410   Section        4  entry2.o(.ARM.Collect$$$$00002712)
    __lit__00000000                          0x0001f410   Data           4  entry2.o(.ARM.Collect$$$$00002712)
    .text                                    0x0001f414   Section       36  arm_startup_nrf52.o(.text)
    $v0                                      0x0001f414   Number         0  arm_startup_nrf52.o(.text)
    .text                                    0x0001f438   Section        0  memcpya.o(.text)
    .text                                    0x0001f45c   Section        0  memseta.o(.text)
    .text                                    0x0001f480   Section        0  uidiv.o(.text)
    .text                                    0x0001f4ac   Section       36  init.o(.text)
    i.GPIOTE_IRQHandler                      0x0001f4d0   Section        0  nrf_drv_gpiote.o(i.GPIOTE_IRQHandler)
    i.NVIC_ClearPendingIRQ                   0x0001f644   Section        0  app_timer.o(i.NVIC_ClearPendingIRQ)
    NVIC_ClearPendingIRQ                     0x0001f645   Thumb Code    22  app_timer.o(i.NVIC_ClearPendingIRQ)
    i.NVIC_DisableIRQ                        0x0001f65a   Section        0  softdevice_handler.o(i.NVIC_DisableIRQ)
    NVIC_DisableIRQ                          0x0001f65b   Thumb Code    22  softdevice_handler.o(i.NVIC_DisableIRQ)
    i.NVIC_EnableIRQ                         0x0001f670   Section        0  app_timer.o(i.NVIC_EnableIRQ)
    NVIC_EnableIRQ                           0x0001f671   Thumb Code    22  app_timer.o(i.NVIC_EnableIRQ)
    i.NVIC_EnableIRQ                         0x0001f686   Section        0  softdevice_handler.o(i.NVIC_EnableIRQ)
    NVIC_EnableIRQ                           0x0001f687   Thumb Code    22  softdevice_handler.o(i.NVIC_EnableIRQ)
    i.NVIC_SetPendingIRQ                     0x0001f69c   Section        0  app_timer.o(i.NVIC_SetPendingIRQ)
    NVIC_SetPendingIRQ                       0x0001f69d   Thumb Code    22  app_timer.o(i.NVIC_SetPendingIRQ)
    i.NVIC_SetPriority                       0x0001f6b2   Section        0  app_timer.o(i.NVIC_SetPriority)
    NVIC_SetPriority                         0x0001f6b3   Thumb Code    32  app_timer.o(i.NVIC_SetPriority)
    i.POWER_CLOCK_IRQHandler                 0x0001f6d4   Section        0  nrf_drv_clock.o(i.POWER_CLOCK_IRQHandler)
    i.RTC1_IRQHandler                        0x0001f72c   Section        0  app_timer.o(i.RTC1_IRQHandler)
    i.SWI0_EGU0_IRQHandler                   0x0001f750   Section        0  app_timer.o(i.SWI0_EGU0_IRQHandler)
    i.SWI2_EGU2_IRQHandler                   0x0001f754   Section        0  softdevice_handler.o(i.SWI2_EGU2_IRQHandler)
    i.SystemInit                             0x0001f778   Section        0  system_nrf52.o(i.SystemInit)
    i.UARTE0_UART0_IRQHandler                0x0001fa14   Section        0  nrf_drv_uart.o(i.UARTE0_UART0_IRQHandler)
    i.__0printf$1                            0x0001fa30   Section        0  printf1.o(i.__0printf$1)
    i.__scatterload_copy                     0x0001fa50   Section       14  handlers.o(i.__scatterload_copy)
    i.__scatterload_null                     0x0001fa5e   Section        2  handlers.o(i.__scatterload_null)
    i.__scatterload_zeroinit                 0x0001fa60   Section       14  handlers.o(i.__scatterload_zeroinit)
    i.__sd_nvic_app_accessible_irq           0x0001fa70   Section        0  softdevice_handler.o(i.__sd_nvic_app_accessible_irq)
    __sd_nvic_app_accessible_irq             0x0001fa71   Thumb Code    32  softdevice_handler.o(i.__sd_nvic_app_accessible_irq)
    i._printf_core                           0x0001fa94   Section        0  printf1.o(i._printf_core)
    _printf_core                             0x0001fa95   Thumb Code   336  printf1.o(i._printf_core)
    i.adv_data_encode                        0x0001fbe8   Section        0  ble_advdata.o(i.adv_data_encode)
    i.adv_mode_next_avail_get                0x0001fd6c   Section        0  ble_advertising.o(i.adv_mode_next_avail_get)
    adv_mode_next_avail_get                  0x0001fd6d   Thumb Code    80  ble_advertising.o(i.adv_mode_next_avail_get)
    i.advertising_buttons_configure          0x0001fdc4   Section        0  bsp_btn_ble.o(i.advertising_buttons_configure)
    advertising_buttons_configure            0x0001fdc5   Thumb Code    54  bsp_btn_ble.o(i.advertising_buttons_configure)
    i.alert_timer_handler                    0x0001fdfa   Section        0  bsp.o(i.alert_timer_handler)
    alert_timer_handler                      0x0001fdfb   Thumb Code     6  bsp.o(i.alert_timer_handler)
    i.app_button_enable                      0x0001fe00   Section        0  app_button.o(i.app_button_enable)
    i.app_button_init                        0x0001fe24   Section        0  app_button.o(i.app_button_init)
    i.app_error_fault_handler                0x0001fe94   Section        0  app_error_weak.o(i.app_error_fault_handler)
    i.app_error_handler_bare                 0x0001feb8   Section        0  app_error.o(i.app_error_handler_bare)
    i.app_fifo_get                           0x0001fece   Section        0  app_fifo.o(i.app_fifo_get)
    i.app_fifo_init                          0x0001fee4   Section        0  app_fifo.o(i.app_fifo_init)
    i.app_fifo_put                           0x0001ff04   Section        0  app_fifo.o(i.app_fifo_put)
    i.app_timer_create                       0x0001ff20   Section        0  app_timer.o(i.app_timer_create)
    i.app_timer_init                         0x0001ff44   Section        0  app_timer.o(i.app_timer_init)
    i.app_timer_start                        0x0001ffb4   Section        0  app_timer.o(i.app_timer_start)
    i.app_timer_stop                         0x0002003c   Section        0  app_timer.o(i.app_timer_stop)
    i.app_uart_get                           0x0002005c   Section        0  app_uart_fifo.o(i.app_uart_get)
    i.app_uart_init                          0x00020090   Section        0  app_uart_fifo.o(i.app_uart_init)
    i.app_uart_put                           0x00020144   Section        0  app_uart_fifo.o(i.app_uart_put)
    i.app_util_critical_region_enter         0x00020180   Section        0  app_util_platform.o(i.app_util_critical_region_enter)
    i.app_util_critical_region_exit          0x000201c8   Section        0  app_util_platform.o(i.app_util_critical_region_exit)
    i.apply_config                           0x000201fc   Section        0  nrf_drv_uart.o(i.apply_config)
    apply_config                             0x000201fd   Thumb Code   180  nrf_drv_uart.o(i.apply_config)
    i.ble_advdata_set                        0x000202b4   Section        0  ble_advdata.o(i.ble_advdata_set)
    i.ble_advertising_init                   0x0002031c   Section        0  ble_advertising.o(i.ble_advertising_init)
    i.ble_advertising_on_ble_evt             0x0002043c   Section        0  ble_advertising.o(i.ble_advertising_on_ble_evt)
    i.ble_advertising_restart_without_whitelist 0x00020498   Section        0  ble_advertising.o(i.ble_advertising_restart_without_whitelist)
    i.ble_advertising_start                  0x000204d4   Section        0  ble_advertising.o(i.ble_advertising_start)
    i.ble_conn_params_init                   0x000205d8   Section        0  ble_conn_params.o(i.ble_conn_params_init)
    i.ble_conn_params_on_ble_evt             0x00020630   Section        0  ble_conn_params.o(i.ble_conn_params_on_ble_evt)
    i.ble_device_addr_encode                 0x000206b4   Section        0  ble_advdata.o(i.ble_device_addr_encode)
    ble_device_addr_encode                   0x000206b5   Thumb Code    96  ble_advdata.o(i.ble_device_addr_encode)
    i.ble_evt_dispatch                       0x00020714   Section        0  main.o(i.ble_evt_dispatch)
    ble_evt_dispatch                         0x00020715   Thumb Code    38  main.o(i.ble_evt_dispatch)
    i.ble_nus_init                           0x00020740   Section        0  ble_nus.o(i.ble_nus_init)
    i.ble_nus_on_ble_evt                     0x000207a4   Section        0  ble_nus.o(i.ble_nus_on_ble_evt)
    i.ble_nus_string_send                    0x00020800   Section        0  ble_nus.o(i.ble_nus_string_send)
    i.ble_srv_is_notification_enabled        0x0002084e   Section        0  ble_srv_common.o(i.ble_srv_is_notification_enabled)
    i.ble_stack_init                         0x00020858   Section        0  main.o(i.ble_stack_init)
    ble_stack_init                           0x00020859   Thumb Code    80  main.o(i.ble_stack_init)
    i.bsp_board_button_idx_to_pin            0x000208b4   Section        0  boards.o(i.bsp_board_button_idx_to_pin)
    i.bsp_board_button_state_get             0x000208c0   Section        0  boards.o(i.bsp_board_button_state_get)
    i.bsp_board_led_invert                   0x000208e0   Section        0  boards.o(i.bsp_board_led_invert)
    i.bsp_board_led_off                      0x00020904   Section        0  boards.o(i.bsp_board_led_off)
    i.bsp_board_led_on                       0x00020914   Section        0  boards.o(i.bsp_board_led_on)
    i.bsp_board_led_state_get                0x00020924   Section        0  boards.o(i.bsp_board_led_state_get)
    i.bsp_board_leds_init                    0x00020944   Section        0  boards.o(i.bsp_board_leds_init)
    i.bsp_board_leds_off                     0x00020970   Section        0  boards.o(i.bsp_board_leds_off)
    i.bsp_board_leds_on                      0x00020982   Section        0  boards.o(i.bsp_board_leds_on)
    i.bsp_board_pin_to_button_idx            0x00020994   Section        0  boards.o(i.bsp_board_pin_to_button_idx)
    i.bsp_btn_ble_init                       0x000209b8   Section        0  bsp_btn_ble.o(i.bsp_btn_ble_init)
    i.bsp_btn_ble_on_ble_evt                 0x000209f0   Section        0  bsp_btn_ble.o(i.bsp_btn_ble_on_ble_evt)
    i.bsp_btn_ble_sleep_mode_prepare         0x00020a60   Section        0  bsp_btn_ble.o(i.bsp_btn_ble_sleep_mode_prepare)
    i.bsp_button_event_handler               0x00020a80   Section        0  bsp.o(i.bsp_button_event_handler)
    bsp_button_event_handler                 0x00020a81   Thumb Code   136  bsp.o(i.bsp_button_event_handler)
    i.bsp_button_is_pressed                  0x00020b14   Section        0  bsp.o(i.bsp_button_is_pressed)
    i.bsp_event_handler                      0x00020b18   Section        0  main.o(i.bsp_event_handler)
    i.bsp_event_to_button_action_assign      0x00020b5c   Section        0  bsp.o(i.bsp_event_to_button_action_assign)
    i.bsp_indication_set                     0x00020ba0   Section        0  bsp.o(i.bsp_indication_set)
    i.bsp_init                               0x00020bb8   Section        0  bsp.o(i.bsp_init)
    i.bsp_led_indication                     0x00020c50   Section        0  bsp.o(i.bsp_led_indication)
    bsp_led_indication                       0x00020c51   Thumb Code   362  bsp.o(i.bsp_led_indication)
    i.bsp_wakeup_button_enable               0x00020dc4   Section        0  bsp.o(i.bsp_wakeup_button_enable)
    i.button_timer_handler                   0x00020dd4   Section        0  bsp.o(i.button_timer_handler)
    button_timer_handler                     0x00020dd5   Thumb Code     8  bsp.o(i.button_timer_handler)
    i.channel_free                           0x00020ddc   Section        0  nrf_drv_gpiote.o(i.channel_free)
    channel_free                             0x00020ddd   Thumb Code    22  nrf_drv_gpiote.o(i.channel_free)
    i.channel_port_alloc                     0x00020df8   Section        0  nrf_drv_gpiote.o(i.channel_port_alloc)
    channel_port_alloc                       0x00020df9   Thumb Code    66  nrf_drv_gpiote.o(i.channel_port_alloc)
    i.channel_port_get                       0x00020e40   Section        0  nrf_drv_gpiote.o(i.channel_port_get)
    channel_port_get                         0x00020e41   Thumb Code    10  nrf_drv_gpiote.o(i.channel_port_get)
    i.clock_clk_started_notify               0x00020e50   Section        0  nrf_drv_clock.o(i.clock_clk_started_notify)
    clock_clk_started_notify                 0x00020e51   Thumb Code    34  nrf_drv_clock.o(i.clock_clk_started_notify)
    i.compare_reg_update                     0x00020e78   Section        0  app_timer.o(i.compare_reg_update)
    compare_reg_update                       0x00020e79   Thumb Code   160  app_timer.o(i.compare_reg_update)
    i.conn_int_encode                        0x00020f24   Section        0  ble_advdata.o(i.conn_int_encode)
    conn_int_encode                          0x00020f25   Thumb Code   136  ble_advdata.o(i.conn_int_encode)
    i.conn_params_error_handler              0x00020fac   Section        0  main.o(i.conn_params_error_handler)
    conn_params_error_handler                0x00020fad   Thumb Code     4  main.o(i.conn_params_error_handler)
    i.conn_params_negotiation                0x00020fb0   Section        0  ble_conn_params.o(i.conn_params_negotiation)
    conn_params_negotiation                  0x00020fb1   Thumb Code    78  ble_conn_params.o(i.conn_params_negotiation)
    i.detection_delay_timeout_handler        0x0002100c   Section        0  app_button.o(i.detection_delay_timeout_handler)
    detection_delay_timeout_handler          0x0002100d   Thumb Code    92  app_button.o(i.detection_delay_timeout_handler)
    i.elapsed_ticks_acquire                  0x0002106c   Section        0  app_timer.o(i.elapsed_ticks_acquire)
    elapsed_ticks_acquire                    0x0002106d   Thumb Code    58  app_timer.o(i.elapsed_ticks_acquire)
    i.fifo_get                               0x000210ac   Section        0  app_fifo.o(i.fifo_get)
    fifo_get                                 0x000210ad   Thumb Code    20  app_fifo.o(i.fifo_get)
    i.fifo_put                               0x000210c0   Section        0  app_fifo.o(i.fifo_put)
    fifo_put                                 0x000210c1   Thumb Code    18  app_fifo.o(i.fifo_put)
    i.fputc                                  0x000210d2   Section        0  retarget.o(i.fputc)
    i.fs_queued_op_count_get                 0x000210e0   Section        0  fstorage.o(i.fs_queued_op_count_get)
    i.gpiote_event_handler                   0x000210f4   Section        0  app_button.o(i.gpiote_event_handler)
    gpiote_event_handler                     0x000210f5   Thumb Code    78  app_button.o(i.gpiote_event_handler)
    i.intern_softdevice_events_execute       0x0002114c   Section        0  softdevice_handler.o(i.intern_softdevice_events_execute)
    i.interrupts_enable                      0x000211c4   Section        0  nrf_drv_uart.o(i.interrupts_enable)
    interrupts_enable                        0x000211c5   Thumb Code   106  nrf_drv_uart.o(i.interrupts_enable)
    i.is_conn_params_ok                      0x0002123c   Section        0  ble_conn_params.o(i.is_conn_params_ok)
    is_conn_params_ok                        0x0002123d   Thumb Code    24  ble_conn_params.o(i.is_conn_params_ok)
    i.leds_timer_handler                     0x00021258   Section        0  bsp.o(i.leds_timer_handler)
    leds_timer_handler                       0x00021259   Thumb Code    16  bsp.o(i.leds_timer_handler)
    i.list_deletions_handler                 0x0002126c   Section        0  app_timer.o(i.list_deletions_handler)
    list_deletions_handler                   0x0002126d   Thumb Code   158  app_timer.o(i.list_deletions_handler)
    i.list_insertions_handler                0x00021314   Section        0  app_timer.o(i.list_insertions_handler)
    list_insertions_handler                  0x00021315   Thumb Code   174  app_timer.o(i.list_insertions_handler)
    i.main                                   0x000213cc   Section        0  main.o(i.main)
    i.manuf_specific_data_encode             0x0002157c   Section        0  ble_advdata.o(i.manuf_specific_data_encode)
    manuf_specific_data_encode               0x0002157d   Thumb Code   100  ble_advdata.o(i.manuf_specific_data_encode)
    i.name_encode                            0x000215e0   Section        0  ble_advdata.o(i.name_encode)
    name_encode                              0x000215e1   Thumb Code   156  ble_advdata.o(i.name_encode)
    i.nrf_bitmask_bit_is_set                 0x0002167c   Section        0  nrf_drv_gpiote.o(i.nrf_bitmask_bit_is_set)
    nrf_bitmask_bit_is_set                   0x0002167d   Thumb Code    16  nrf_drv_gpiote.o(i.nrf_bitmask_bit_is_set)
    i.nrf_clock_event_check                  0x0002168c   Section        0  nrf_drv_clock.o(i.nrf_clock_event_check)
    nrf_clock_event_check                    0x0002168d   Thumb Code    14  nrf_drv_clock.o(i.nrf_clock_event_check)
    i.nrf_clock_event_clear                  0x0002169a   Section        0  nrf_drv_clock.o(i.nrf_clock_event_clear)
    nrf_clock_event_clear                    0x0002169b   Thumb Code    16  nrf_drv_clock.o(i.nrf_clock_event_clear)
    i.nrf_delay_us                           0x000216ac   Section        0  app_timer.o(i.nrf_delay_us)
    nrf_delay_us                             0x000216ad   Thumb Code   132  app_timer.o(i.nrf_delay_us)
    i.nrf_drv_clock_init                     0x00021738   Section        0  nrf_drv_clock.o(i.nrf_drv_clock_init)
    i.nrf_drv_clock_on_sd_enable             0x00021780   Section        0  nrf_drv_clock.o(i.nrf_drv_clock_on_sd_enable)
    i.nrf_drv_clock_on_soc_event             0x000217b0   Section        0  nrf_drv_clock.o(i.nrf_drv_clock_on_soc_event)
    i.nrf_drv_common_irq_enable              0x000217ba   Section        0  nrf_drv_common.o(i.nrf_drv_common_irq_enable)
    i.nrf_drv_get_IRQn                       0x000217f2   Section        0  nrf_drv_uart.o(i.nrf_drv_get_IRQn)
    nrf_drv_get_IRQn                         0x000217f3   Thumb Code     6  nrf_drv_uart.o(i.nrf_drv_get_IRQn)
    i.nrf_drv_gpiote_in_event_enable         0x000217f8   Section        0  nrf_drv_gpiote.o(i.nrf_drv_gpiote_in_event_enable)
    i.nrf_drv_gpiote_in_init                 0x0002189c   Section        0  nrf_drv_gpiote.o(i.nrf_drv_gpiote_in_init)
    i.nrf_drv_gpiote_in_is_set               0x00021954   Section        0  nrf_drv_gpiote.o(i.nrf_drv_gpiote_in_is_set)
    i.nrf_drv_gpiote_init                    0x00021968   Section        0  nrf_drv_gpiote.o(i.nrf_drv_gpiote_init)
    i.nrf_drv_gpiote_is_init                 0x000219c4   Section        0  nrf_drv_gpiote.o(i.nrf_drv_gpiote_is_init)
    i.nrf_drv_is_in_RAM                      0x000219d8   Section        0  nrf_drv_uart.o(i.nrf_drv_is_in_RAM)
    nrf_drv_is_in_RAM                        0x000219d9   Thumb Code    16  nrf_drv_uart.o(i.nrf_drv_is_in_RAM)
    i.nrf_drv_uart_init                      0x000219e8   Section        0  nrf_drv_uart.o(i.nrf_drv_uart_init)
    i.nrf_drv_uart_rx                        0x00021a50   Section        0  nrf_drv_uart.o(i.nrf_drv_uart_rx)
    i.nrf_drv_uart_rx_enable                 0x00021b00   Section        0  nrf_drv_uart.o(i.nrf_drv_uart_rx_enable)
    i.nrf_drv_uart_rx_for_uart               0x00021b30   Section        0  nrf_drv_uart.o(i.nrf_drv_uart_rx_for_uart)
    nrf_drv_uart_rx_for_uart                 0x00021b31   Thumb Code   162  nrf_drv_uart.o(i.nrf_drv_uart_rx_for_uart)
    i.nrf_drv_uart_rx_for_uarte              0x00021bd8   Section        0  nrf_drv_uart.o(i.nrf_drv_uart_rx_for_uarte)
    nrf_drv_uart_rx_for_uarte                0x00021bd9   Thumb Code   172  nrf_drv_uart.o(i.nrf_drv_uart_rx_for_uarte)
    i.nrf_drv_uart_tx                        0x00021c88   Section        0  nrf_drv_uart.o(i.nrf_drv_uart_tx)
    i.nrf_drv_uart_tx_in_progress            0x00021d94   Section        0  nrf_drv_uart.o(i.nrf_drv_uart_tx_in_progress)
    i.nrf_gpio_cfg                           0x00021dac   Section        0  boards.o(i.nrf_gpio_cfg)
    nrf_gpio_cfg                             0x00021dad   Thumb Code    36  boards.o(i.nrf_gpio_cfg)
    i.nrf_gpio_cfg                           0x00021dd0   Section        0  nrf_drv_gpiote.o(i.nrf_gpio_cfg)
    nrf_gpio_cfg                             0x00021dd1   Thumb Code    36  nrf_drv_gpiote.o(i.nrf_gpio_cfg)
    i.nrf_gpio_cfg                           0x00021df4   Section        0  nrf_drv_uart.o(i.nrf_gpio_cfg)
    nrf_gpio_cfg                             0x00021df5   Thumb Code    36  nrf_drv_uart.o(i.nrf_gpio_cfg)
    i.nrf_gpio_cfg_input                     0x00021e18   Section        0  nrf_drv_uart.o(i.nrf_gpio_cfg_input)
    nrf_gpio_cfg_input                       0x00021e19   Thumb Code    18  nrf_drv_uart.o(i.nrf_gpio_cfg_input)
    i.nrf_gpio_cfg_output                    0x00021e2a   Section        0  nrf_drv_uart.o(i.nrf_gpio_cfg_output)
    nrf_gpio_cfg_output                      0x00021e2b   Thumb Code    20  nrf_drv_uart.o(i.nrf_gpio_cfg_output)
    i.nrf_gpio_cfg_sense_set                 0x00021e3e   Section        0  bsp.o(i.nrf_gpio_cfg_sense_set)
    nrf_gpio_cfg_sense_set                   0x00021e3f   Thumb Code    34  bsp.o(i.nrf_gpio_cfg_sense_set)
    i.nrf_gpio_cfg_sense_set                 0x00021e60   Section        0  nrf_drv_gpiote.o(i.nrf_gpio_cfg_sense_set)
    nrf_gpio_cfg_sense_set                   0x00021e61   Thumb Code    34  nrf_drv_gpiote.o(i.nrf_gpio_cfg_sense_set)
    i.nrf_gpio_pin_write                     0x00021e82   Section        0  boards.o(i.nrf_gpio_pin_write)
    nrf_gpio_pin_write                       0x00021e83   Thumb Code    22  boards.o(i.nrf_gpio_pin_write)
    i.nrf_gpio_ports_read                    0x00021e98   Section        0  nrf_drv_gpiote.o(i.nrf_gpio_ports_read)
    nrf_gpio_ports_read                      0x00021e99   Thumb Code    34  nrf_drv_gpiote.o(i.nrf_gpio_ports_read)
    i.nrf_gpiote_event_clear                 0x00021ec0   Section        0  nrf_drv_gpiote.o(i.nrf_gpiote_event_clear)
    nrf_gpiote_event_clear                   0x00021ec1   Thumb Code    16  nrf_drv_gpiote.o(i.nrf_gpiote_event_clear)
    i.nrf_gpiote_event_is_set                0x00021ed4   Section        0  nrf_drv_gpiote.o(i.nrf_gpiote_event_is_set)
    nrf_gpiote_event_is_set                  0x00021ed5   Thumb Code    12  nrf_drv_gpiote.o(i.nrf_gpiote_event_is_set)
    i.nrf_uart_event_check                   0x00021ee4   Section        0  nrf_drv_uart.o(i.nrf_uart_event_check)
    nrf_uart_event_check                     0x00021ee5   Thumb Code    10  nrf_drv_uart.o(i.nrf_uart_event_check)
    i.nrf_uart_event_clear                   0x00021eee   Section        0  nrf_drv_uart.o(i.nrf_uart_event_clear)
    nrf_uart_event_clear                     0x00021eef   Thumb Code    12  nrf_drv_uart.o(i.nrf_uart_event_clear)
    i.nrf_uart_int_enable_check              0x00021efa   Section        0  nrf_drv_uart.o(i.nrf_uart_int_enable_check)
    nrf_uart_int_enable_check                0x00021efb   Thumb Code    12  nrf_drv_uart.o(i.nrf_uart_int_enable_check)
    i.nrf_uarte_event_check                  0x00021f06   Section        0  nrf_drv_uart.o(i.nrf_uarte_event_check)
    nrf_uarte_event_check                    0x00021f07   Thumb Code    10  nrf_drv_uart.o(i.nrf_uarte_event_check)
    i.nrf_uarte_event_clear                  0x00021f10   Section        0  nrf_drv_uart.o(i.nrf_uarte_event_clear)
    nrf_uarte_event_clear                    0x00021f11   Thumb Code    12  nrf_drv_uart.o(i.nrf_uarte_event_clear)
    i.nus_data_handler                       0x00021f1c   Section        0  main.o(i.nus_data_handler)
    nus_data_handler                         0x00021f1d   Thumb Code   128  main.o(i.nus_data_handler)
    i.on_adv_evt                             0x00021fd4   Section        0  main.o(i.on_adv_evt)
    on_adv_evt                               0x00021fd5   Thumb Code    36  main.o(i.on_adv_evt)
    i.on_ble_evt                             0x00021ff8   Section        0  main.o(i.on_ble_evt)
    on_ble_evt                               0x00021ff9   Thumb Code   228  main.o(i.on_ble_evt)
    i.on_conn_params_evt                     0x000220e0   Section        0  main.o(i.on_conn_params_evt)
    on_conn_params_evt                       0x000220e1   Thumb Code    24  main.o(i.on_conn_params_evt)
    i.pin_in_use_by_port                     0x000220fc   Section        0  nrf_drv_gpiote.o(i.pin_in_use_by_port)
    pin_in_use_by_port                       0x000220fd   Thumb Code    20  nrf_drv_gpiote.o(i.pin_in_use_by_port)
    i.pin_in_use_by_te                       0x00022114   Section        0  nrf_drv_gpiote.o(i.pin_in_use_by_te)
    pin_in_use_by_te                         0x00022115   Thumb Code    20  nrf_drv_gpiote.o(i.pin_in_use_by_te)
    i.rtc1_stop                              0x0002212c   Section        0  app_timer.o(i.rtc1_stop)
    rtc1_stop                                0x0002212d   Thumb Code    52  app_timer.o(i.rtc1_stop)
    i.rx_byte                                0x00022168   Section        0  nrf_drv_uart.o(i.rx_byte)
    rx_byte                                  0x00022169   Thumb Code    50  nrf_drv_uart.o(i.rx_byte)
    i.rx_char_add                            0x0002219a   Section        0  ble_nus.o(i.rx_char_add)
    rx_char_add                              0x0002219b   Thumb Code   220  ble_nus.o(i.rx_char_add)
    i.rx_done_event                          0x00022276   Section        0  nrf_drv_uart.o(i.rx_done_event)
    rx_done_event                            0x00022277   Thumb Code    24  nrf_drv_uart.o(i.rx_done_event)
    i.rx_enable                              0x0002228e   Section        0  nrf_drv_uart.o(i.rx_enable)
    rx_enable                                0x0002228f   Thumb Code    32  nrf_drv_uart.o(i.rx_enable)
    i.sd_nvic_EnableIRQ                      0x000222b0   Section        0  softdevice_handler.o(i.sd_nvic_EnableIRQ)
    sd_nvic_EnableIRQ                        0x000222b1   Thumb Code   106  softdevice_handler.o(i.sd_nvic_EnableIRQ)
    i.service_data_encode                    0x00022320   Section        0  ble_advdata.o(i.service_data_encode)
    service_data_encode                      0x00022321   Thumb Code   136  ble_advdata.o(i.service_data_encode)
    i.set_adv_mode_fast                      0x000223a8   Section        0  ble_advertising.o(i.set_adv_mode_fast)
    set_adv_mode_fast                        0x000223a9   Thumb Code    64  ble_advertising.o(i.set_adv_mode_fast)
    i.set_adv_mode_slow                      0x000223f0   Section        0  ble_advertising.o(i.set_adv_mode_slow)
    set_adv_mode_slow                        0x000223f1   Thumb Code    60  ble_advertising.o(i.set_adv_mode_slow)
    i.sleep_mode_enter                       0x00022434   Section        0  main.o(i.sleep_mode_enter)
    sleep_mode_enter                         0x00022435   Thumb Code    40  main.o(i.sleep_mode_enter)
    i.softdevice_ble_evt_handler_set         0x0002245c   Section        0  softdevice_handler.o(i.softdevice_ble_evt_handler_set)
    i.softdevice_enable                      0x00022470   Section        0  softdevice_handler.o(i.softdevice_enable)
    i.softdevice_enable_get_default_config   0x00022484   Section        0  softdevice_handler.o(i.softdevice_enable_get_default_config)
    i.softdevice_fault_handler               0x000224aa   Section        0  softdevice_handler.o(i.softdevice_fault_handler)
    i.softdevice_handler_init                0x000224b0   Section        0  softdevice_handler.o(i.softdevice_handler_init)
    i.softdevice_handler_is_enabled          0x00022514   Section        0  softdevice_handler.o(i.softdevice_handler_is_enabled)
    i.timer_list_handler                     0x00022520   Section        0  app_timer.o(i.timer_list_handler)
    timer_list_handler                       0x00022521   Thumb Code   134  app_timer.o(i.timer_list_handler)
    i.timer_list_insert                      0x000225ac   Section        0  app_timer.o(i.timer_list_insert)
    timer_list_insert                        0x000225ad   Thumb Code    56  app_timer.o(i.timer_list_insert)
    i.timer_stop_op_schedule                 0x000225e8   Section        0  app_timer.o(i.timer_stop_op_schedule)
    timer_stop_op_schedule                   0x000225e9   Thumb Code    68  app_timer.o(i.timer_stop_op_schedule)
    i.timer_timeouts_check                   0x00022630   Section        0  app_timer.o(i.timer_timeouts_check)
    timer_timeouts_check                     0x00022631   Thumb Code   124  app_timer.o(i.timer_timeouts_check)
    i.tx_byte                                0x000226b4   Section        0  nrf_drv_uart.o(i.tx_byte)
    tx_byte                                  0x000226b5   Thumb Code    32  nrf_drv_uart.o(i.tx_byte)
    i.tx_char_add                            0x000226d4   Section        0  ble_nus.o(i.tx_char_add)
    tx_char_add                              0x000226d5   Thumb Code   160  ble_nus.o(i.tx_char_add)
    i.tx_done_event                          0x00022774   Section        0  nrf_drv_uart.o(i.tx_done_event)
    tx_done_event                            0x00022775   Thumb Code    28  nrf_drv_uart.o(i.tx_done_event)
    i.uart_event_handle                      0x00022790   Section        0  main.o(i.uart_event_handle)
    i.uart_event_handler                     0x000227ec   Section        0  app_uart_fifo.o(i.uart_event_handler)
    uart_event_handler                       0x000227ed   Thumb Code   152  app_uart_fifo.o(i.uart_event_handler)
    i.uart_irq_handler                       0x0002288c   Section        0  nrf_drv_uart.o(i.uart_irq_handler)
    uart_irq_handler                         0x0002288d   Thumb Code   286  nrf_drv_uart.o(i.uart_irq_handler)
    i.uarte_irq_handler                      0x000229aa   Section        0  nrf_drv_uart.o(i.uarte_irq_handler)
    uarte_irq_handler                        0x000229ab   Thumb Code   240  nrf_drv_uart.o(i.uarte_irq_handler)
    i.uint16_encode                          0x00022a9a   Section        0  ble_advdata.o(i.uint16_encode)
    uint16_encode                            0x00022a9b   Thumb Code    10  ble_advdata.o(i.uint16_encode)
    i.update_timeout_handler                 0x00022aa4   Section        0  ble_conn_params.o(i.update_timeout_handler)
    update_timeout_handler                   0x00022aa5   Thumb Code    88  ble_conn_params.o(i.update_timeout_handler)
    i.user_op_alloc                          0x00022b04   Section        0  app_timer.o(i.user_op_alloc)
    user_op_alloc                            0x00022b05   Thumb Code    42  app_timer.o(i.user_op_alloc)
    i.uuid_list_encode                       0x00022b34   Section        0  ble_advdata.o(i.uuid_list_encode)
    uuid_list_encode                         0x00022b35   Thumb Code    48  ble_advdata.o(i.uuid_list_encode)
    i.uuid_list_sized_encode                 0x00022b64   Section        0  ble_advdata.o(i.uuid_list_sized_encode)
    uuid_list_sized_encode                   0x00022b65   Thumb Code   158  ble_advdata.o(i.uuid_list_sized_encode)
    .constdata                               0x00022c04   Section       28  main.o(.constdata)
    .constdata                               0x00022c20   Section        8  boards.o(.constdata)
    m_board_led_list                         0x00022c20   Data           4  boards.o(.constdata)
    m_board_btn_list                         0x00022c24   Data           4  boards.o(.constdata)
    .constdata                               0x00022c28   Section       44  bsp.o(.constdata)
    m_leds_timer_id                          0x00022c28   Data           4  bsp.o(.constdata)
    m_alert_timer_id                         0x00022c2c   Data           4  bsp.o(.constdata)
    m_button_timer_id                        0x00022c30   Data           4  bsp.o(.constdata)
    app_buttons                              0x00022c34   Data          32  bsp.o(.constdata)
    .constdata                               0x00022c54   Section        4  ble_conn_params.o(.constdata)
    m_conn_params_timer_id                   0x00022c54   Data           4  ble_conn_params.o(.constdata)
    .constdata                               0x00022c58   Section       16  ble_nus.o(.constdata)
    .constdata                               0x00022c68   Section        4  nrf_drv_gpiote.o(.constdata)
    .constdata                               0x00022c6c   Section        8  app_button.o(.constdata)
    m_detection_delay_timer_id               0x00022c6c   Data           4  app_button.o(.constdata)
    .constdata                               0x00022c74   Section       32  app_uart_fifo.o(.constdata)
    .data                                    0x20002128   Section        8  main.o(.data)
    index                                    0x20002128   Data           1  main.o(.data)
    m_conn_handle                            0x2000212a   Data           2  main.o(.data)
    m_adv_uuids                              0x2000212c   Data           4  main.o(.data)
    .data                                    0x20002130   Section       20  bsp.o(.data)
    m_stable_state                           0x20002130   Data           1  bsp.o(.data)
    m_leds_clear                             0x20002131   Data           1  bsp.o(.data)
    current_long_push_pin_no                 0x20002132   Data           1  bsp.o(.data)
    m_app_ticks_per_100ms                    0x20002134   Data           4  bsp.o(.data)
    m_indication_type                        0x20002138   Data           4  bsp.o(.data)
    m_registered_callback                    0x2000213c   Data           4  bsp.o(.data)
    release_event_at_push                    0x20002140   Data           4  bsp.o(.data)
    .data                                    0x20002144   Section        8  bsp_btn_ble.o(.data)
    m_error_handler                          0x20002144   Data           4  bsp_btn_ble.o(.data)
    m_num_connections                        0x20002148   Data           4  bsp_btn_ble.o(.data)
    .data                                    0x2000214c   Section       31  ble_advertising.o(.data)
    m_initialized                            0x2000214c   Data           1  ble_advertising.o(.data)
    m_advertising_start_pending              0x2000214d   Data           1  ble_advertising.o(.data)
    m_adv_evt                                0x2000214e   Data           1  ble_advertising.o(.data)
    m_adv_mode_current                       0x2000214f   Data           1  ble_advertising.o(.data)
    m_peer_addr_reply_expected               0x20002150   Data           1  ble_advertising.o(.data)
    m_whitelist_temporarily_disabled         0x20002151   Data           1  ble_advertising.o(.data)
    m_whitelist_reply_expected               0x20002152   Data           1  ble_advertising.o(.data)
    m_whitelist_in_use                       0x20002153   Data           1  ble_advertising.o(.data)
    m_current_slave_link_conn_handle         0x20002154   Data           2  ble_advertising.o(.data)
    m_slave_conn_int                         0x20002156   Data           4  ble_advertising.o(.data)
    m_evt_handler                            0x2000215c   Data           4  ble_advertising.o(.data)
    m_error_handler                          0x20002160   Data           4  ble_advertising.o(.data)
    m_peer_address                           0x20002164   Data           7  ble_advertising.o(.data)
    .data                                    0x2000216c   Section       20  ble_conn_params.o(.data)
    m_change_param                           0x2000216c   Data           1  ble_conn_params.o(.data)
    m_update_count                           0x2000216d   Data           1  ble_conn_params.o(.data)
    m_conn_handle                            0x2000216e   Data           2  ble_conn_params.o(.data)
    m_preferred_conn_params                  0x20002170   Data           8  ble_conn_params.o(.data)
    m_current_conn_params                    0x20002178   Data           8  ble_conn_params.o(.data)
    .data                                    0x20002180   Section       20  app_button.o(.data)
    m_button_count                           0x20002180   Data           1  app_button.o(.data)
    mp_buttons                               0x20002184   Data           4  app_button.o(.data)
    m_detection_delay                        0x20002188   Data           4  app_button.o(.data)
    m_pin_state                              0x2000218c   Data           4  app_button.o(.data)
    m_pin_transition                         0x20002190   Data           4  app_button.o(.data)
    .data                                    0x20002194   Section       32  app_timer.o(.data)
    m_ticks_elapsed_q_read_ind               0x20002194   Data           1  app_timer.o(.data)
    m_ticks_elapsed_q_write_ind              0x20002195   Data           1  app_timer.o(.data)
    m_rtc1_running                           0x20002196   Data           1  app_timer.o(.data)
    m_rtc1_reset                             0x20002197   Data           1  app_timer.o(.data)
    mp_timer_id_head                         0x20002198   Data           4  app_timer.o(.data)
    m_ticks_latest                           0x2000219c   Data           4  app_timer.o(.data)
    m_evt_schedule_func                      0x200021a0   Data           4  app_timer.o(.data)
    m_op_queue                               0x200021a4   Data           8  app_timer.o(.data)
    m_ticks_elapsed                          0x200021ac   Data           8  app_timer.o(.data)
    .data                                    0x200021b4   Section       16  app_uart_fifo.o(.data)
    tx_buffer                                0x200021b4   Data           1  app_uart_fifo.o(.data)
    rx_buffer                                0x200021b5   Data           1  app_uart_fifo.o(.data)
    m_rx_ovf                                 0x200021b6   Data           1  app_uart_fifo.o(.data)
    m_event_handler                          0x200021b8   Data           4  app_uart_fifo.o(.data)
    app_uart_inst                            0x200021bc   Data           8  app_uart_fifo.o(.data)
    .data                                    0x200021c4   Section        4  retarget.o(.data)
    .data                                    0x200021c8   Section       20  softdevice_handler.o(.data)
    m_softdevice_enabled                     0x200021c8   Data           1  softdevice_handler.o(.data)
    m_suspended                              0x200021c9   Data           1  softdevice_handler.o(.data)
    m_ble_evt_buffer_size                    0x200021ca   Data           2  softdevice_handler.o(.data)
    m_evt_schedule_func                      0x200021cc   Data           4  softdevice_handler.o(.data)
    mp_ble_evt_buffer                        0x200021d0   Data           4  softdevice_handler.o(.data)
    m_ble_evt_handler                        0x200021d4   Data           4  softdevice_handler.o(.data)
    m_sys_evt_handler                        0x200021d8   Data           4  softdevice_handler.o(.data)
    .data                                    0x200021dc   Section        4  system_nrf52.o(.data)
    __tagsym$$used                           0x200021dc   Number         0  system_nrf52.o(.data)
    .bss                                     0x200021e0   Section      760  main.o(.bss)
    BLE_EVT_BUFFER                           0x200021e0   Data          80  main.o(.bss)
    data_array                               0x20002230   Data          20  main.o(.bss)
    rx_buf                                   0x20002244   Data         256  main.o(.bss)
    tx_buf                                   0x20002344   Data         256  main.o(.bss)
    APP_TIMER_BUF                            0x20002444   Data         120  main.o(.bss)
    m_nus                                    0x200024bc   Data          28  main.o(.bss)
    .bss                                     0x200024d8   Section       32  bsp.o(.bss)
    m_leds_timer_id_data                     0x200024d8   Data          32  bsp.o(.bss)
    .bss                                     0x200024f8   Section       32  bsp.o(.bss)
    m_alert_timer_id_data                    0x200024f8   Data          32  bsp.o(.bss)
    .bss                                     0x20002518   Section       12  bsp.o(.bss)
    m_events_list                            0x20002518   Data          12  bsp.o(.bss)
    .bss                                     0x20002524   Section       32  bsp.o(.bss)
    m_button_timer_id_data                   0x20002524   Data          32  bsp.o(.bss)
    .bss                                     0x20002544   Section      179  ble_advertising.o(.bss)
    m_adv_modes_config                       0x20002544   Data          32  ble_advertising.o(.bss)
    m_advdata                                0x20002564   Data          60  ble_advertising.o(.bss)
    m_manuf_specific_data                    0x200025a0   Data          12  ble_advertising.o(.bss)
    m_manuf_data_array                       0x200025ac   Data          31  ble_advertising.o(.bss)
    m_service_data                           0x200025cc   Data          12  ble_advertising.o(.bss)
    m_service_data_array                     0x200025d8   Data          31  ble_advertising.o(.bss)
    .bss                                     0x200025f8   Section       32  ble_conn_params.o(.bss)
    m_conn_params_timer_id_data              0x200025f8   Data          32  ble_conn_params.o(.bss)
    .bss                                     0x20002618   Section       28  ble_conn_params.o(.bss)
    m_conn_params_config                     0x20002618   Data          28  ble_conn_params.o(.bss)
    .bss                                     0x20002634   Section       20  nrf_drv_clock.o(.bss)
    m_clock_cb                               0x20002634   Data          20  nrf_drv_clock.o(.bss)
    .bss                                     0x20002648   Section       88  nrf_drv_gpiote.o(.bss)
    m_cb                                     0x20002648   Data          88  nrf_drv_gpiote.o(.bss)
    .bss                                     0x200026a0   Section       32  nrf_drv_uart.o(.bss)
    m_cb                                     0x200026a0   Data          32  nrf_drv_uart.o(.bss)
    .bss                                     0x200026c0   Section       32  app_button.o(.bss)
    m_detection_delay_timer_id_data          0x200026c0   Data          32  app_button.o(.bss)
    .bss                                     0x200026e0   Section       32  app_uart_fifo.o(.bss)
    m_rx_fifo                                0x200026e0   Data          16  app_uart_fifo.o(.bss)
    m_tx_fifo                                0x200026f0   Data          16  app_uart_fifo.o(.bss)
    .bss                                     0x20002700   Section       12  app_util_platform.o(.bss)
    .bss                                     0x2000270c   Section      104  fstorage.o(.bss)
    m_queue                                  0x2000270c   Data         104  fstorage.o(.bss)
    STACK                                    0x20002778   Section     8192  arm_startup_nrf52.o(STACK)

    Global Symbols

    Symbol Name                              Value     Ov Type        Size  Object(Section)

    BuildAttributes$$THM_ISAv4$E$P$D$K$B$S$7EM$VFPi3$EXTD16$VFPS$VFMA$PE$A:L22UL41UL21$X:L11$S22US41US21$IEEE1$IW$USESV6$~STKCKD$USESV7$~SHL$OSPACE$ROPI$EBA8$MICROLIB$REQ8$PRES8$EABIv2 0x00000000   Number         0  anon$$obj.o ABSOLUTE
    __ARM_use_no_argv                        0x00000000   Number         0  main.o ABSOLUTE
    _printf_a                                0x00000000   Number         0  stubs.o ABSOLUTE
    _printf_c                                0x00000000   Number         0  stubs.o ABSOLUTE
    _printf_charcount                        0x00000000   Number         0  stubs.o ABSOLUTE
    _printf_d                                0x00000000   Number         0  stubs.o ABSOLUTE
    _printf_e                                0x00000000   Number         0  stubs.o ABSOLUTE
    _printf_f                                0x00000000   Number         0  stubs.o ABSOLUTE
    _printf_flags                            0x00000000   Number         0  stubs.o ABSOLUTE
    _printf_fp_dec                           0x00000000   Number         0  stubs.o ABSOLUTE
    _printf_fp_hex                           0x00000000   Number         0  stubs.o ABSOLUTE
    _printf_g                                0x00000000   Number         0  stubs.o ABSOLUTE
    _printf_i                                0x00000000   Number         0  stubs.o ABSOLUTE
    _printf_int_dec                          0x00000000   Number         0  stubs.o ABSOLUTE
    _printf_l                                0x00000000   Number         0  stubs.o ABSOLUTE
    _printf_lc                               0x00000000   Number         0  stubs.o ABSOLUTE
    _printf_ll                               0x00000000   Number         0  stubs.o ABSOLUTE
    _printf_lld                              0x00000000   Number         0  stubs.o ABSOLUTE
    _printf_lli                              0x00000000   Number         0  stubs.o ABSOLUTE
    _printf_llo                              0x00000000   Number         0  stubs.o ABSOLUTE
    _printf_llu                              0x00000000   Number         0  stubs.o ABSOLUTE
    _printf_llx                              0x00000000   Number         0  stubs.o ABSOLUTE
    _printf_longlong_dec                     0x00000000   Number         0  stubs.o ABSOLUTE
    _printf_longlong_hex                     0x00000000   Number         0  stubs.o ABSOLUTE
    _printf_longlong_oct                     0x00000000   Number         0  stubs.o ABSOLUTE
    _printf_ls                               0x00000000   Number         0  stubs.o ABSOLUTE
    _printf_mbtowc                           0x00000000   Number         0  stubs.o ABSOLUTE
    _printf_n                                0x00000000   Number         0  stubs.o ABSOLUTE
    _printf_o                                0x00000000   Number         0  stubs.o ABSOLUTE
    _printf_p                                0x00000000   Number         0  stubs.o ABSOLUTE
    _printf_percent                          0x00000000   Number         0  stubs.o ABSOLUTE
    _printf_pre_padding                      0x00000000   Number         0  stubs.o ABSOLUTE
    _printf_return_value                     0x00000000   Number         0  stubs.o ABSOLUTE
    _printf_s                                0x00000000   Number         0  stubs.o ABSOLUTE
    _printf_sizespec                         0x00000000   Number         0  stubs.o ABSOLUTE
    _printf_str                              0x00000000   Number         0  stubs.o ABSOLUTE
    _printf_truncate_signed                  0x00000000   Number         0  stubs.o ABSOLUTE
    _printf_truncate_unsigned                0x00000000   Number         0  stubs.o ABSOLUTE
    _printf_u                                0x00000000   Number         0  stubs.o ABSOLUTE
    _printf_wc                               0x00000000   Number         0  stubs.o ABSOLUTE
    _printf_wctomb                           0x00000000   Number         0  stubs.o ABSOLUTE
    _printf_widthprec                        0x00000000   Number         0  stubs.o ABSOLUTE
    _printf_x                                0x00000000   Number         0  stubs.o ABSOLUTE
    __cpp_initialize__aeabi_                  - Undefined Weak Reference
    __cxa_finalize                            - Undefined Weak Reference
    __decompress                              - Undefined Weak Reference
    _clock_init                               - Undefined Weak Reference
    _microlib_exit                            - Undefined Weak Reference
    fs_data$$Base                             - Undefined Reference
    fs_data$$Limit                            - Undefined Reference
    __Vectors_Size                           0x00000400   Number         0  arm_startup_nrf52.o ABSOLUTE
    __Vectors                                0x0001f000   Data           4  arm_startup_nrf52.o(RESET)
    __Vectors_End                            0x0001f400   Data           0  arm_startup_nrf52.o(RESET)
    __main                                   0x0001f401   Thumb Code     0  entry.o(.ARM.Collect$$$$00000000)
    _main_stk                                0x0001f401   Thumb Code     0  entry2.o(.ARM.Collect$$$$00000001)
    _main_scatterload                        0x0001f405   Thumb Code     0  entry5.o(.ARM.Collect$$$$00000004)
    __main_after_scatterload                 0x0001f409   Thumb Code     0  entry5.o(.ARM.Collect$$$$00000004)
    _main_clock                              0x0001f409   Thumb Code     0  entry7b.o(.ARM.Collect$$$$00000008)
    _main_cpp_init                           0x0001f409   Thumb Code     0  entry8b.o(.ARM.Collect$$$$0000000A)
    _main_init                               0x0001f409   Thumb Code     0  entry9a.o(.ARM.Collect$$$$0000000B)
    __rt_final_cpp                           0x0001f411   Thumb Code     0  entry10a.o(.ARM.Collect$$$$0000000D)
    __rt_final_exit                          0x0001f411   Thumb Code     0  entry11a.o(.ARM.Collect$$$$0000000F)
    Reset_Handler                            0x0001f415   Thumb Code     8  arm_startup_nrf52.o(.text)
    NMI_Handler                              0x0001f41d   Thumb Code     2  arm_startup_nrf52.o(.text)
    HardFault_Handler                        0x0001f41f   Thumb Code     2  arm_startup_nrf52.o(.text)
    MemoryManagement_Handler                 0x0001f421   Thumb Code     2  arm_startup_nrf52.o(.text)
    BusFault_Handler                         0x0001f423   Thumb Code     2  arm_startup_nrf52.o(.text)
    UsageFault_Handler                       0x0001f425   Thumb Code     2  arm_startup_nrf52.o(.text)
    SVC_Handler                              0x0001f427   Thumb Code     2  arm_startup_nrf52.o(.text)
    DebugMon_Handler                         0x0001f429   Thumb Code     2  arm_startup_nrf52.o(.text)
    PendSV_Handler                           0x0001f42b   Thumb Code     2  arm_startup_nrf52.o(.text)
    SysTick_Handler                          0x0001f42d   Thumb Code     2  arm_startup_nrf52.o(.text)
    CCM_AAR_IRQHandler                       0x0001f42f   Thumb Code     0  arm_startup_nrf52.o(.text)
    COMP_LPCOMP_IRQHandler                   0x0001f42f   Thumb Code     0  arm_startup_nrf52.o(.text)
    ECB_IRQHandler                           0x0001f42f   Thumb Code     0  arm_startup_nrf52.o(.text)
    FPU_IRQHandler                           0x0001f42f   Thumb Code     0  arm_startup_nrf52.o(.text)
    I2S_IRQHandler                           0x0001f42f   Thumb Code     0  arm_startup_nrf52.o(.text)
    MWU_IRQHandler                           0x0001f42f   Thumb Code     0  arm_startup_nrf52.o(.text)
    NFCT_IRQHandler                          0x0001f42f   Thumb Code     0  arm_startup_nrf52.o(.text)
    PDM_IRQHandler                           0x0001f42f   Thumb Code     0  arm_startup_nrf52.o(.text)
    PWM0_IRQHandler                          0x0001f42f   Thumb Code     0  arm_startup_nrf52.o(.text)
    PWM1_IRQHandler                          0x0001f42f   Thumb Code     0  arm_startup_nrf52.o(.text)
    PWM2_IRQHandler                          0x0001f42f   Thumb Code     0  arm_startup_nrf52.o(.text)
    QDEC_IRQHandler                          0x0001f42f   Thumb Code     0  arm_startup_nrf52.o(.text)
    RADIO_IRQHandler                         0x0001f42f   Thumb Code     0  arm_startup_nrf52.o(.text)
    RNG_IRQHandler                           0x0001f42f   Thumb Code     0  arm_startup_nrf52.o(.text)
    RTC0_IRQHandler                          0x0001f42f   Thumb Code     0  arm_startup_nrf52.o(.text)
    RTC2_IRQHandler                          0x0001f42f   Thumb Code     0  arm_startup_nrf52.o(.text)
    SAADC_IRQHandler                         0x0001f42f   Thumb Code     0  arm_startup_nrf52.o(.text)
    SPIM0_SPIS0_TWIM0_TWIS0_SPI0_TWI0_IRQHandler 0x0001f42f   Thumb Code     0  arm_startup_nrf52.o(.text)
    SPIM1_SPIS1_TWIM1_TWIS1_SPI1_TWI1_IRQHandler 0x0001f42f   Thumb Code     0  arm_startup_nrf52.o(.text)
    SPIM2_SPIS2_SPI2_IRQHandler              0x0001f42f   Thumb Code     0  arm_startup_nrf52.o(.text)
    SWI1_EGU1_IRQHandler                     0x0001f42f   Thumb Code     0  arm_startup_nrf52.o(.text)
    SWI3_EGU3_IRQHandler                     0x0001f42f   Thumb Code     0  arm_startup_nrf52.o(.text)
    SWI4_EGU4_IRQHandler                     0x0001f42f   Thumb Code     0  arm_startup_nrf52.o(.text)
    SWI5_EGU5_IRQHandler                     0x0001f42f   Thumb Code     0  arm_startup_nrf52.o(.text)
    TEMP_IRQHandler                          0x0001f42f   Thumb Code     0  arm_startup_nrf52.o(.text)
    TIMER0_IRQHandler                        0x0001f42f   Thumb Code     0  arm_startup_nrf52.o(.text)
    TIMER1_IRQHandler                        0x0001f42f   Thumb Code     0  arm_startup_nrf52.o(.text)
    TIMER2_IRQHandler                        0x0001f42f   Thumb Code     0  arm_startup_nrf52.o(.text)
    TIMER3_IRQHandler                        0x0001f42f   Thumb Code     0  arm_startup_nrf52.o(.text)
    TIMER4_IRQHandler                        0x0001f42f   Thumb Code     0  arm_startup_nrf52.o(.text)
    WDT_IRQHandler                           0x0001f42f   Thumb Code     0  arm_startup_nrf52.o(.text)
    __aeabi_memcpy                           0x0001f439   Thumb Code    36  memcpya.o(.text)
    __aeabi_memcpy4                          0x0001f439   Thumb Code     0  memcpya.o(.text)
    __aeabi_memcpy8                          0x0001f439   Thumb Code     0  memcpya.o(.text)
    __aeabi_memset                           0x0001f45d   Thumb Code    14  memseta.o(.text)
    __aeabi_memset4                          0x0001f45d   Thumb Code     0  memseta.o(.text)
    __aeabi_memset8                          0x0001f45d   Thumb Code     0  memseta.o(.text)
    __aeabi_memclr                           0x0001f46b   Thumb Code     4  memseta.o(.text)
    __aeabi_memclr4                          0x0001f46b   Thumb Code     0  memseta.o(.text)
    __aeabi_memclr8                          0x0001f46b   Thumb Code     0  memseta.o(.text)
    _memset$wrapper                          0x0001f46f   Thumb Code    18  memseta.o(.text)
    __aeabi_uidiv                            0x0001f481   Thumb Code     0  uidiv.o(.text)
    __aeabi_uidivmod                         0x0001f481   Thumb Code    44  uidiv.o(.text)
    __scatterload                            0x0001f4ad   Thumb Code    28  init.o(.text)
    __scatterload_rt2                        0x0001f4ad   Thumb Code     0  init.o(.text)
    GPIOTE_IRQHandler                        0x0001f4d1   Thumb Code   362  nrf_drv_gpiote.o(i.GPIOTE_IRQHandler)
    POWER_CLOCK_IRQHandler                   0x0001f6d5   Thumb Code    84  nrf_drv_clock.o(i.POWER_CLOCK_IRQHandler)
    RTC1_IRQHandler                          0x0001f72d   Thumb Code    32  app_timer.o(i.RTC1_IRQHandler)
    SWI0_EGU0_IRQHandler                     0x0001f751   Thumb Code     4  app_timer.o(i.SWI0_EGU0_IRQHandler)
    SWI2_EGU2_IRQHandler                     0x0001f755   Thumb Code    32  softdevice_handler.o(i.SWI2_EGU2_IRQHandler)
    SystemInit                               0x0001f779   Thumb Code   610  system_nrf52.o(i.SystemInit)
    UARTE0_UART0_IRQHandler                  0x0001fa15   Thumb Code    20  nrf_drv_uart.o(i.UARTE0_UART0_IRQHandler)
    __0printf$1                              0x0001fa31   Thumb Code    22  printf1.o(i.__0printf$1)
    __1printf$1                              0x0001fa31   Thumb Code     0  printf1.o(i.__0printf$1)
    __2printf                                0x0001fa31   Thumb Code     0  printf1.o(i.__0printf$1)
    __scatterload_copy                       0x0001fa51   Thumb Code    14  handlers.o(i.__scatterload_copy)
    __scatterload_null                       0x0001fa5f   Thumb Code     2  handlers.o(i.__scatterload_null)
    __scatterload_zeroinit                   0x0001fa61   Thumb Code    14  handlers.o(i.__scatterload_zeroinit)
    adv_data_encode                          0x0001fbe9   Thumb Code   386  ble_advdata.o(i.adv_data_encode)
    app_button_enable                        0x0001fe01   Thumb Code    32  app_button.o(i.app_button_enable)
    app_button_init                          0x0001fe25   Thumb Code    96  app_button.o(i.app_button_init)
    app_error_fault_handler                  0x0001fe95   Thumb Code    26  app_error_weak.o(i.app_error_fault_handler)
    app_error_handler_bare                   0x0001feb9   Thumb Code    22  app_error.o(i.app_error_handler_bare)
    app_fifo_get                             0x0001fecf   Thumb Code    22  app_fifo.o(i.app_fifo_get)
    app_fifo_init                            0x0001fee5   Thumb Code    32  app_fifo.o(i.app_fifo_init)
    app_fifo_put                             0x0001ff05   Thumb Code    26  app_fifo.o(i.app_fifo_put)
    app_timer_create                         0x0001ff21   Thumb Code    32  app_timer.o(i.app_timer_create)
    app_timer_init                           0x0001ff45   Thumb Code   102  app_timer.o(i.app_timer_init)
    app_timer_start                          0x0001ffb5   Thumb Code   128  app_timer.o(i.app_timer_start)
    app_timer_stop                           0x0002003d   Thumb Code    26  app_timer.o(i.app_timer_stop)
    app_uart_get                             0x0002005d   Thumb Code    42  app_uart_fifo.o(i.app_uart_get)
    app_uart_init                            0x00020091   Thumb Code   164  app_uart_fifo.o(i.app_uart_init)
    app_uart_put                             0x00020145   Thumb Code    52  app_uart_fifo.o(i.app_uart_put)
    app_util_critical_region_enter           0x00020181   Thumb Code    64  app_util_platform.o(i.app_util_critical_region_enter)
    app_util_critical_region_exit            0x000201c9   Thumb Code    46  app_util_platform.o(i.app_util_critical_region_exit)
    ble_advdata_set                          0x000202b5   Thumb Code   104  ble_advdata.o(i.ble_advdata_set)
    ble_advertising_init                     0x0002031d   Thumb Code   278  ble_advertising.o(i.ble_advertising_init)
    ble_advertising_on_ble_evt               0x0002043d   Thumb Code    88  ble_advertising.o(i.ble_advertising_on_ble_evt)
    ble_advertising_restart_without_whitelist 0x00020499   Thumb Code    50  ble_advertising.o(i.ble_advertising_restart_without_whitelist)
    ble_advertising_start                    0x000204d5   Thumb Code   250  ble_advertising.o(i.ble_advertising_start)
    ble_conn_params_init                     0x000205d9   Thumb Code    72  ble_conn_params.o(i.ble_conn_params_init)
    ble_conn_params_on_ble_evt               0x00020631   Thumb Code   120  ble_conn_params.o(i.ble_conn_params_on_ble_evt)
    ble_nus_init                             0x00020741   Thumb Code    94  ble_nus.o(i.ble_nus_init)
    ble_nus_on_ble_evt                       0x000207a5   Thumb Code    92  ble_nus.o(i.ble_nus_on_ble_evt)
    ble_nus_string_send                      0x00020801   Thumb Code    78  ble_nus.o(i.ble_nus_string_send)
    ble_srv_is_notification_enabled          0x0002084f   Thumb Code     8  ble_srv_common.o(i.ble_srv_is_notification_enabled)
    bsp_board_button_idx_to_pin              0x000208b5   Thumb Code     6  boards.o(i.bsp_board_button_idx_to_pin)
    bsp_board_button_state_get               0x000208c1   Thumb Code    28  boards.o(i.bsp_board_button_state_get)
    bsp_board_led_invert                     0x000208e1   Thumb Code    32  boards.o(i.bsp_board_led_invert)
    bsp_board_led_off                        0x00020905   Thumb Code    10  boards.o(i.bsp_board_led_off)
    bsp_board_led_on                         0x00020915   Thumb Code    10  boards.o(i.bsp_board_led_on)
    bsp_board_led_state_get                  0x00020925   Thumb Code    28  boards.o(i.bsp_board_led_state_get)
    bsp_board_leds_init                      0x00020945   Thumb Code    38  boards.o(i.bsp_board_leds_init)
    bsp_board_leds_off                       0x00020971   Thumb Code    18  boards.o(i.bsp_board_leds_off)
    bsp_board_leds_on                        0x00020983   Thumb Code    18  boards.o(i.bsp_board_leds_on)
    bsp_board_pin_to_button_idx              0x00020995   Thumb Code    30  boards.o(i.bsp_board_pin_to_button_idx)
    bsp_btn_ble_init                         0x000209b9   Thumb Code    52  bsp_btn_ble.o(i.bsp_btn_ble_init)
    bsp_btn_ble_on_ble_evt                   0x000209f1   Thumb Code   106  bsp_btn_ble.o(i.bsp_btn_ble_on_ble_evt)
    bsp_btn_ble_sleep_mode_prepare           0x00020a61   Thumb Code    30  bsp_btn_ble.o(i.bsp_btn_ble_sleep_mode_prepare)
    bsp_button_is_pressed                    0x00020b15   Thumb Code     4  bsp.o(i.bsp_button_is_pressed)
    bsp_event_handler                        0x00020b19   Thumb Code    64  main.o(i.bsp_event_handler)
    bsp_event_to_button_action_assign        0x00020b5d   Thumb Code    64  bsp.o(i.bsp_event_to_button_action_assign)
    bsp_indication_set                       0x00020ba1   Thumb Code    20  bsp.o(i.bsp_indication_set)
    bsp_init                                 0x00020bb9   Thumb Code   132  bsp.o(i.bsp_init)
    bsp_wakeup_button_enable                 0x00020dc5   Thumb Code    16  bsp.o(i.bsp_wakeup_button_enable)
    fputc                                    0x000210d3   Thumb Code    14  retarget.o(i.fputc)
    fs_queued_op_count_get                   0x000210e1   Thumb Code    16  fstorage.o(i.fs_queued_op_count_get)
    intern_softdevice_events_execute         0x0002114d   Thumb Code   114  softdevice_handler.o(i.intern_softdevice_events_execute)
    main                                     0x000213cd   Thumb Code   358  main.o(i.main)
    nrf_drv_clock_init                       0x00021739   Thumb Code    64  nrf_drv_clock.o(i.nrf_drv_clock_init)
    nrf_drv_clock_on_sd_enable               0x00021781   Thumb Code    44  nrf_drv_clock.o(i.nrf_drv_clock_on_sd_enable)
    nrf_drv_clock_on_soc_event               0x000217b1   Thumb Code    10  nrf_drv_clock.o(i.nrf_drv_clock_on_soc_event)
    nrf_drv_common_irq_enable                0x000217bb   Thumb Code    56  nrf_drv_common.o(i.nrf_drv_common_irq_enable)
    nrf_drv_gpiote_in_event_enable           0x000217f9   Thumb Code   156  nrf_drv_gpiote.o(i.nrf_drv_gpiote_in_event_enable)
    nrf_drv_gpiote_in_init                   0x0002189d   Thumb Code   172  nrf_drv_gpiote.o(i.nrf_drv_gpiote_in_init)
    nrf_drv_gpiote_in_is_set                 0x00021955   Thumb Code    20  nrf_drv_gpiote.o(i.nrf_drv_gpiote_in_is_set)
    nrf_drv_gpiote_init                      0x00021969   Thumb Code    84  nrf_drv_gpiote.o(i.nrf_drv_gpiote_init)
    nrf_drv_gpiote_is_init                   0x000219c5   Thumb Code    14  nrf_drv_gpiote.o(i.nrf_drv_gpiote_is_init)
    nrf_drv_uart_init                        0x000219e9   Thumb Code    98  nrf_drv_uart.o(i.nrf_drv_uart_init)
    nrf_drv_uart_rx                          0x00021a51   Thumb Code   170  nrf_drv_uart.o(i.nrf_drv_uart_rx)
    nrf_drv_uart_rx_enable                   0x00021b01   Thumb Code    42  nrf_drv_uart.o(i.nrf_drv_uart_rx_enable)
    nrf_drv_uart_tx                          0x00021c89   Thumb Code   262  nrf_drv_uart.o(i.nrf_drv_uart_tx)
    nrf_drv_uart_tx_in_progress              0x00021d95   Thumb Code    18  nrf_drv_uart.o(i.nrf_drv_uart_tx_in_progress)
    softdevice_ble_evt_handler_set           0x0002245d   Thumb Code    14  softdevice_handler.o(i.softdevice_ble_evt_handler_set)
    softdevice_enable                        0x00022471   Thumb Code    14  softdevice_handler.o(i.softdevice_enable)
    softdevice_enable_get_default_config     0x00022485   Thumb Code    38  softdevice_handler.o(i.softdevice_enable_get_default_config)
    softdevice_fault_handler                 0x000224ab   Thumb Code     4  softdevice_handler.o(i.softdevice_fault_handler)
    softdevice_handler_init                  0x000224b1   Thumb Code    92  softdevice_handler.o(i.softdevice_handler_init)
    softdevice_handler_is_enabled            0x00022515   Thumb Code     6  softdevice_handler.o(i.softdevice_handler_is_enabled)
    uart_event_handle                        0x00022791   Thumb Code    84  main.o(i.uart_event_handle)
    Region$$Table$$Base                      0x00022c94   Number         0  anon$$obj.o(Region$$Table)
    Region$$Table$$Limit                     0x00022cb4   Number         0  anon$$obj.o(Region$$Table)
    Image$$RW_IRAM1$$Base                    0x20002128   Number         0  anon$$obj.o ABSOLUTE
    __stdout                                 0x200021c4   Data           4  retarget.o(.data)
    SystemCoreClock                          0x200021dc   Data           4  system_nrf52.o(.data)
    nrf_nvic_state                           0x20002700   Data          12  app_util_platform.o(.bss)
    __initial_sp                             0x20004778   Data           0  arm_startup_nrf52.o(STACK)



==============================================================================

Memory Map of the image

  Image Entry point : 0x0001f401

  Load Region LR_IROM1 (Base: 0x0001f000, Size: 0x00003d6c, Max: 0x00061000, ABSOLUTE)

    Execution Region ER_IROM1 (Base: 0x0001f000, Size: 0x00003cb4, Max: 0x00061000, ABSOLUTE)

    Base Addr    Size         Type   Attr      Idx    E Section Name        Object

    0x0001f000   0x00000400   Data   RO         2679    RESET               arm_startup_nrf52.o
    0x0001f400   0x00000000   Code   RO         2720  * .ARM.Collect$$$$00000000  mc_w.l(entry.o)
    0x0001f400   0x00000004   Code   RO         2994    .ARM.Collect$$$$00000001  mc_w.l(entry2.o)
    0x0001f404   0x00000004   Code   RO         2997    .ARM.Collect$$$$00000004  mc_w.l(entry5.o)
    0x0001f408   0x00000000   Code   RO         2999    .ARM.Collect$$$$00000008  mc_w.l(entry7b.o)
    0x0001f408   0x00000000   Code   RO         3001    .ARM.Collect$$$$0000000A  mc_w.l(entry8b.o)
    0x0001f408   0x00000008   Code   RO         3002    .ARM.Collect$$$$0000000B  mc_w.l(entry9a.o)
    0x0001f410   0x00000000   Code   RO         3004    .ARM.Collect$$$$0000000D  mc_w.l(entry10a.o)
    0x0001f410   0x00000000   Code   RO         3006    .ARM.Collect$$$$0000000F  mc_w.l(entry11a.o)
    0x0001f410   0x00000004   Code   RO         2995    .ARM.Collect$$$$00002712  mc_w.l(entry2.o)
    0x0001f414   0x00000024   Code   RO         2680    .text               arm_startup_nrf52.o
    0x0001f438   0x00000024   Code   RO         2723    .text               mc_w.l(memcpya.o)
    0x0001f45c   0x00000024   Code   RO         2725    .text               mc_w.l(memseta.o)
    0x0001f480   0x0000002c   Code   RO         3008    .text               mc_w.l(uidiv.o)
    0x0001f4ac   0x00000024   Code   RO         3023    .text               mc_w.l(init.o)
    0x0001f4d0   0x00000174   Code   RO         1174    i.GPIOTE_IRQHandler  nrf_drv_gpiote.o
    0x0001f644   0x00000016   Code   RO         1861    i.NVIC_ClearPendingIRQ  app_timer.o
    0x0001f65a   0x00000016   Code   RO         2532    i.NVIC_DisableIRQ   softdevice_handler.o
    0x0001f670   0x00000016   Code   RO         1862    i.NVIC_EnableIRQ    app_timer.o
    0x0001f686   0x00000016   Code   RO         2533    i.NVIC_EnableIRQ    softdevice_handler.o
    0x0001f69c   0x00000016   Code   RO         1863    i.NVIC_SetPendingIRQ  app_timer.o
    0x0001f6b2   0x00000020   Code   RO         1864    i.NVIC_SetPriority  app_timer.o
    0x0001f6d2   0x00000002   PAD
    0x0001f6d4   0x00000058   Code   RO          948    i.POWER_CLOCK_IRQHandler  nrf_drv_clock.o
    0x0001f72c   0x00000024   Code   RO         1865    i.RTC1_IRQHandler   app_timer.o
    0x0001f750   0x00000004   Code   RO         1866    i.SWI0_EGU0_IRQHandler  app_timer.o
    0x0001f754   0x00000024   Code   RO         2534    i.SWI2_EGU2_IRQHandler  softdevice_handler.o
    0x0001f778   0x0000029c   Code   RO         2688    i.SystemInit        system_nrf52.o
    0x0001fa14   0x0000001c   Code   RO         1417    i.UARTE0_UART0_IRQHandler  nrf_drv_uart.o
    0x0001fa30   0x00000020   Code   RO         2778    i.__0printf$1       mc_w.l(printf1.o)
    0x0001fa50   0x0000000e   Code   RO         3035    i.__scatterload_copy  mc_w.l(handlers.o)
    0x0001fa5e   0x00000002   Code   RO         3036    i.__scatterload_null  mc_w.l(handlers.o)
    0x0001fa60   0x0000000e   Code   RO         3037    i.__scatterload_zeroinit  mc_w.l(handlers.o)
    0x0001fa6e   0x00000002   PAD
    0x0001fa70   0x00000024   Code   RO         2535    i.__sd_nvic_app_accessible_irq  softdevice_handler.o
    0x0001fa94   0x00000154   Code   RO         2785    i._printf_core      mc_w.l(printf1.o)
    0x0001fbe8   0x00000182   Code   RO          594    i.adv_data_encode   ble_advdata.o
    0x0001fd6a   0x00000002   PAD
    0x0001fd6c   0x00000058   Code   RO          683    i.adv_mode_next_avail_get  ble_advertising.o
    0x0001fdc4   0x00000036   Code   RO          512    i.advertising_buttons_configure  bsp_btn_ble.o
    0x0001fdfa   0x00000006   Code   RO          397    i.alert_timer_handler  bsp.o
    0x0001fe00   0x00000024   Code   RO         1650    i.app_button_enable  app_button.o
    0x0001fe24   0x00000070   Code   RO         1651    i.app_button_init   app_button.o
    0x0001fe94   0x00000024   Code   RO         1757    i.app_error_fault_handler  app_error_weak.o
    0x0001feb8   0x00000016   Code   RO         1715    i.app_error_handler_bare  app_error.o
    0x0001fece   0x00000016   Code   RO         1789    i.app_fifo_get      app_fifo.o
    0x0001fee4   0x00000020   Code   RO         1790    i.app_fifo_init     app_fifo.o
    0x0001ff04   0x0000001a   Code   RO         1792    i.app_fifo_put      app_fifo.o
    0x0001ff1e   0x00000002   PAD
    0x0001ff20   0x00000024   Code   RO         1869    i.app_timer_create  app_timer.o
    0x0001ff44   0x00000070   Code   RO         1870    i.app_timer_init    app_timer.o
    0x0001ffb4   0x00000088   Code   RO         1871    i.app_timer_start   app_timer.o
    0x0002003c   0x00000020   Code   RO         1872    i.app_timer_stop    app_timer.o
    0x0002005c   0x00000034   Code   RO         2023    i.app_uart_get      app_uart_fifo.o
    0x00020090   0x000000b4   Code   RO         2024    i.app_uart_init     app_uart_fifo.o
    0x00020144   0x0000003c   Code   RO         2025    i.app_uart_put      app_uart_fifo.o
    0x00020180   0x00000048   Code   RO         2087    i.app_util_critical_region_enter  app_util_platform.o
    0x000201c8   0x00000034   Code   RO         2088    i.app_util_critical_region_exit  app_util_platform.o
    0x000201fc   0x000000b8   Code   RO         1418    i.apply_config      nrf_drv_uart.o
    0x000202b4   0x00000068   Code   RO          595    i.ble_advdata_set   ble_advdata.o
    0x0002031c   0x00000120   Code   RO          684    i.ble_advertising_init  ble_advertising.o
    0x0002043c   0x0000005c   Code   RO          685    i.ble_advertising_on_ble_evt  ble_advertising.o
    0x00020498   0x0000003c   Code   RO          688    i.ble_advertising_restart_without_whitelist  ble_advertising.o
    0x000204d4   0x00000104   Code   RO          689    i.ble_advertising_start  ble_advertising.o
    0x000205d8   0x00000058   Code   RO          774    i.ble_conn_params_init  ble_conn_params.o
    0x00020630   0x00000084   Code   RO          775    i.ble_conn_params_on_ble_evt  ble_conn_params.o
    0x000206b4   0x00000060   Code   RO          596    i.ble_device_addr_encode  ble_advdata.o
    0x00020714   0x0000002c   Code   RO            5    i.ble_evt_dispatch  main.o
    0x00020740   0x00000064   Code   RO          901    i.ble_nus_init      ble_nus.o
    0x000207a4   0x0000005c   Code   RO          902    i.ble_nus_on_ble_evt  ble_nus.o
    0x00020800   0x0000004e   Code   RO          903    i.ble_nus_string_send  ble_nus.o
    0x0002084e   0x00000008   Code   RO          844    i.ble_srv_is_notification_enabled  ble_srv_common.o
    0x00020856   0x00000002   PAD
    0x00020858   0x0000005c   Code   RO            6    i.ble_stack_init    main.o
    0x000208b4   0x0000000c   Code   RO          281    i.bsp_board_button_idx_to_pin  boards.o
    0x000208c0   0x00000020   Code   RO          282    i.bsp_board_button_state_get  boards.o
    0x000208e0   0x00000024   Code   RO          285    i.bsp_board_led_invert  boards.o
    0x00020904   0x00000010   Code   RO          286    i.bsp_board_led_off  boards.o
    0x00020914   0x00000010   Code   RO          287    i.bsp_board_led_on  boards.o
    0x00020924   0x00000020   Code   RO          288    i.bsp_board_led_state_get  boards.o
    0x00020944   0x0000002c   Code   RO          289    i.bsp_board_leds_init  boards.o
    0x00020970   0x00000012   Code   RO          290    i.bsp_board_leds_off  boards.o
    0x00020982   0x00000012   Code   RO          291    i.bsp_board_leds_on  boards.o
    0x00020994   0x00000024   Code   RO          292    i.bsp_board_pin_to_button_idx  boards.o
    0x000209b8   0x00000038   Code   RO          513    i.bsp_btn_ble_init  bsp_btn_ble.o
    0x000209f0   0x00000070   Code   RO          514    i.bsp_btn_ble_on_ble_evt  bsp_btn_ble.o
    0x00020a60   0x0000001e   Code   RO          515    i.bsp_btn_ble_sleep_mode_prepare  bsp_btn_ble.o
    0x00020a7e   0x00000002   PAD
    0x00020a80   0x00000094   Code   RO          398    i.bsp_button_event_handler  bsp.o
    0x00020b14   0x00000004   Code   RO          399    i.bsp_button_is_pressed  bsp.o
    0x00020b18   0x00000044   Code   RO            7    i.bsp_event_handler  main.o
    0x00020b5c   0x00000044   Code   RO          402    i.bsp_event_to_button_action_assign  bsp.o
    0x00020ba0   0x00000018   Code   RO          403    i.bsp_indication_set  bsp.o
    0x00020bb8   0x00000098   Code   RO          404    i.bsp_init          bsp.o
    0x00020c50   0x00000174   Code   RO          405    i.bsp_led_indication  bsp.o
    0x00020dc4   0x00000010   Code   RO          407    i.bsp_wakeup_button_enable  bsp.o
    0x00020dd4   0x00000008   Code   RO          408    i.button_timer_handler  bsp.o
    0x00020ddc   0x0000001c   Code   RO         1175    i.channel_free      nrf_drv_gpiote.o
    0x00020df8   0x00000048   Code   RO         1176    i.channel_port_alloc  nrf_drv_gpiote.o
    0x00020e40   0x00000010   Code   RO         1177    i.channel_port_get  nrf_drv_gpiote.o
    0x00020e50   0x00000028   Code   RO          949    i.clock_clk_started_notify  nrf_drv_clock.o
    0x00020e78   0x000000ac   Code   RO         1874    i.compare_reg_update  app_timer.o
    0x00020f24   0x00000088   Code   RO          597    i.conn_int_encode   ble_advdata.o
    0x00020fac   0x00000004   Code   RO            8    i.conn_params_error_handler  main.o
    0x00020fb0   0x0000005c   Code   RO          777    i.conn_params_negotiation  ble_conn_params.o
    0x0002100c   0x00000060   Code   RO         1653    i.detection_delay_timeout_handler  app_button.o
    0x0002106c   0x00000040   Code   RO         1875    i.elapsed_ticks_acquire  app_timer.o
    0x000210ac   0x00000014   Code   RO         1795    i.fifo_get          app_fifo.o
    0x000210c0   0x00000012   Code   RO         1796    i.fifo_put          app_fifo.o
    0x000210d2   0x0000000e   Code   RO         2293    i.fputc             retarget.o
    0x000210e0   0x00000014   Code   RO         2145    i.fs_queued_op_count_get  fstorage.o
    0x000210f4   0x00000058   Code   RO         1654    i.gpiote_event_handler  app_button.o
    0x0002114c   0x00000078   Code   RO         2536    i.intern_softdevice_events_execute  softdevice_handler.o
    0x000211c4   0x00000078   Code   RO         1419    i.interrupts_enable  nrf_drv_uart.o
    0x0002123c   0x0000001c   Code   RO          778    i.is_conn_params_ok  ble_conn_params.o
    0x00021258   0x00000014   Code   RO          409    i.leds_timer_handler  bsp.o
    0x0002126c   0x000000a8   Code   RO         1876    i.list_deletions_handler  app_timer.o
    0x00021314   0x000000b8   Code   RO         1877    i.list_insertions_handler  app_timer.o
    0x000213cc   0x000001b0   Code   RO            9    i.main              main.o
    0x0002157c   0x00000064   Code   RO          598    i.manuf_specific_data_encode  ble_advdata.o
    0x000215e0   0x0000009c   Code   RO          599    i.name_encode       ble_advdata.o
    0x0002167c   0x00000010   Code   RO         1178    i.nrf_bitmask_bit_is_set  nrf_drv_gpiote.o
    0x0002168c   0x0000000e   Code   RO          953    i.nrf_clock_event_check  nrf_drv_clock.o
    0x0002169a   0x00000010   Code   RO          954    i.nrf_clock_event_clear  nrf_drv_clock.o
    0x000216aa   0x00000002   PAD
    0x000216ac   0x0000008c   Code   RO         1878    i.nrf_delay_us      app_timer.o
    0x00021738   0x00000048   Code   RO          961    i.nrf_drv_clock_init  nrf_drv_clock.o
    0x00021780   0x00000030   Code   RO          968    i.nrf_drv_clock_on_sd_enable  nrf_drv_clock.o
    0x000217b0   0x0000000a   Code   RO          969    i.nrf_drv_clock_on_soc_event  nrf_drv_clock.o
    0x000217ba   0x00000038   Code   RO         1128    i.nrf_drv_common_irq_enable  nrf_drv_common.o
    0x000217f2   0x00000006   Code   RO         1421    i.nrf_drv_get_IRQn  nrf_drv_uart.o
    0x000217f8   0x000000a4   Code   RO         1183    i.nrf_drv_gpiote_in_event_enable  nrf_drv_gpiote.o
    0x0002189c   0x000000b8   Code   RO         1184    i.nrf_drv_gpiote_in_init  nrf_drv_gpiote.o
    0x00021954   0x00000014   Code   RO         1185    i.nrf_drv_gpiote_in_is_set  nrf_drv_gpiote.o
    0x00021968   0x0000005c   Code   RO         1187    i.nrf_drv_gpiote_init  nrf_drv_gpiote.o
    0x000219c4   0x00000014   Code   RO         1188    i.nrf_drv_gpiote_is_init  nrf_drv_gpiote.o
    0x000219d8   0x00000010   Code   RO         1422    i.nrf_drv_is_in_RAM  nrf_drv_uart.o
    0x000219e8   0x00000068   Code   RO         1424    i.nrf_drv_uart_init  nrf_drv_uart.o
    0x00021a50   0x000000b0   Code   RO         1425    i.nrf_drv_uart_rx   nrf_drv_uart.o
    0x00021b00   0x00000030   Code   RO         1428    i.nrf_drv_uart_rx_enable  nrf_drv_uart.o
    0x00021b30   0x000000a8   Code   RO         1429    i.nrf_drv_uart_rx_for_uart  nrf_drv_uart.o
    0x00021bd8   0x000000b0   Code   RO         1430    i.nrf_drv_uart_rx_for_uarte  nrf_drv_uart.o
    0x00021c88   0x0000010c   Code   RO         1431    i.nrf_drv_uart_tx   nrf_drv_uart.o
    0x00021d94   0x00000018   Code   RO         1433    i.nrf_drv_uart_tx_in_progress  nrf_drv_uart.o
    0x00021dac   0x00000024   Code   RO          294    i.nrf_gpio_cfg      boards.o
    0x00021dd0   0x00000024   Code   RO         1202    i.nrf_gpio_cfg      nrf_drv_gpiote.o
    0x00021df4   0x00000024   Code   RO         1435    i.nrf_gpio_cfg      nrf_drv_uart.o
    0x00021e18   0x00000012   Code   RO         1437    i.nrf_gpio_cfg_input  nrf_drv_uart.o
    0x00021e2a   0x00000014   Code   RO         1438    i.nrf_gpio_cfg_output  nrf_drv_uart.o
    0x00021e3e   0x00000022   Code   RO          410    i.nrf_gpio_cfg_sense_set  bsp.o
    0x00021e60   0x00000022   Code   RO         1204    i.nrf_gpio_cfg_sense_set  nrf_drv_gpiote.o
    0x00021e82   0x00000016   Code   RO          295    i.nrf_gpio_pin_write  boards.o
    0x00021e98   0x00000028   Code   RO         1205    i.nrf_gpio_ports_read  nrf_drv_gpiote.o
    0x00021ec0   0x00000014   Code   RO         1206    i.nrf_gpiote_event_clear  nrf_drv_gpiote.o
    0x00021ed4   0x00000010   Code   RO         1207    i.nrf_gpiote_event_is_set  nrf_drv_gpiote.o
    0x00021ee4   0x0000000a   Code   RO         1439    i.nrf_uart_event_check  nrf_drv_uart.o
    0x00021eee   0x0000000c   Code   RO         1440    i.nrf_uart_event_clear  nrf_drv_uart.o
    0x00021efa   0x0000000c   Code   RO         1441    i.nrf_uart_int_enable_check  nrf_drv_uart.o
    0x00021f06   0x0000000a   Code   RO         1442    i.nrf_uarte_event_check  nrf_drv_uart.o
    0x00021f10   0x0000000c   Code   RO         1443    i.nrf_uarte_event_clear  nrf_drv_uart.o
    0x00021f1c   0x000000b8   Code   RO           10    i.nus_data_handler  main.o
    0x00021fd4   0x00000024   Code   RO           11    i.on_adv_evt        main.o
    0x00021ff8   0x000000e8   Code   RO           12    i.on_ble_evt        main.o
    0x000220e0   0x0000001c   Code   RO           13    i.on_conn_params_evt  main.o
    0x000220fc   0x00000018   Code   RO         1208    i.pin_in_use_by_port  nrf_drv_gpiote.o
    0x00022114   0x00000018   Code   RO         1209    i.pin_in_use_by_te  nrf_drv_gpiote.o
    0x0002212c   0x0000003c   Code   RO         1879    i.rtc1_stop         app_timer.o
    0x00022168   0x00000032   Code   RO         1445    i.rx_byte           nrf_drv_uart.o
    0x0002219a   0x000000dc   Code   RO          904    i.rx_char_add       ble_nus.o
    0x00022276   0x00000018   Code   RO         1446    i.rx_done_event     nrf_drv_uart.o
    0x0002228e   0x00000020   Code   RO         1447    i.rx_enable         nrf_drv_uart.o
    0x000222ae   0x00000002   PAD
    0x000222b0   0x00000070   Code   RO         2538    i.sd_nvic_EnableIRQ  softdevice_handler.o
    0x00022320   0x00000088   Code   RO          600    i.service_data_encode  ble_advdata.o
    0x000223a8   0x00000048   Code   RO          691    i.set_adv_mode_fast  ble_advertising.o
    0x000223f0   0x00000044   Code   RO          692    i.set_adv_mode_slow  ble_advertising.o
    0x00022434   0x00000028   Code   RO           14    i.sleep_mode_enter  main.o
    0x0002245c   0x00000014   Code   RO         2539    i.softdevice_ble_evt_handler_set  softdevice_handler.o
    0x00022470   0x00000014   Code   RO         2540    i.softdevice_enable  softdevice_handler.o
    0x00022484   0x00000026   Code   RO         2541    i.softdevice_enable_get_default_config  softdevice_handler.o
    0x000224aa   0x00000004   Code   RO         2542    i.softdevice_fault_handler  softdevice_handler.o
    0x000224ae   0x00000002   PAD
    0x000224b0   0x00000064   Code   RO         2543    i.softdevice_handler_init  softdevice_handler.o
    0x00022514   0x0000000c   Code   RO         2544    i.softdevice_handler_is_enabled  softdevice_handler.o
    0x00022520   0x0000008c   Code   RO         1880    i.timer_list_handler  app_timer.o
    0x000225ac   0x0000003c   Code   RO         1881    i.timer_list_insert  app_timer.o
    0x000225e8   0x00000048   Code   RO         1882    i.timer_stop_op_schedule  app_timer.o
    0x00022630   0x00000084   Code   RO         1883    i.timer_timeouts_check  app_timer.o
    0x000226b4   0x00000020   Code   RO         1448    i.tx_byte           nrf_drv_uart.o
    0x000226d4   0x000000a0   Code   RO          905    i.tx_char_add       ble_nus.o
    0x00022774   0x0000001c   Code   RO         1449    i.tx_done_event     nrf_drv_uart.o
    0x00022790   0x0000005c   Code   RO           15    i.uart_event_handle  main.o
    0x000227ec   0x000000a0   Code   RO         2026    i.uart_event_handler  app_uart_fifo.o
    0x0002288c   0x0000011e   Code   RO         1450    i.uart_irq_handler  nrf_drv_uart.o
    0x000229aa   0x000000f0   Code   RO         1451    i.uarte_irq_handler  nrf_drv_uart.o
    0x00022a9a   0x0000000a   Code   RO          601    i.uint16_encode     ble_advdata.o
    0x00022aa4   0x00000060   Code   RO          779    i.update_timeout_handler  ble_conn_params.o
    0x00022b04   0x00000030   Code   RO         1884    i.user_op_alloc     app_timer.o
    0x00022b34   0x00000030   Code   RO          602    i.uuid_list_encode  ble_advdata.o
    0x00022b64   0x0000009e   Code   RO          603    i.uuid_list_sized_encode  ble_advdata.o
    0x00022c02   0x00000002   PAD
    0x00022c04   0x0000001c   Data   RO           17    .constdata          main.o
    0x00022c20   0x00000008   Data   RO          296    .constdata          boards.o
    0x00022c28   0x0000002c   Data   RO          415    .constdata          bsp.o
    0x00022c54   0x00000004   Data   RO          782    .constdata          ble_conn_params.o
    0x00022c58   0x00000010   Data   RO          906    .constdata          ble_nus.o
    0x00022c68   0x00000004   Data   RO         1211    .constdata          nrf_drv_gpiote.o
    0x00022c6c   0x00000008   Data   RO         1656    .constdata          app_button.o
    0x00022c74   0x00000020   Data   RO         2028    .constdata          app_uart_fifo.o
    0x00022c94   0x00000020   Data   RO         3033    Region$$Table       anon$$obj.o


    Execution Region RW_IRAM1 (Base: 0x20002128, Size: 0x00002650, Max: 0x0000ded8, ABSOLUTE)

    Base Addr    Size         Type   Attr      Idx    E Section Name        Object

    0x20002128   0x00000008   Data   RW           18    .data               main.o
    0x20002130   0x00000014   Data   RW          416    .data               bsp.o
    0x20002144   0x00000008   Data   RW          516    .data               bsp_btn_ble.o
    0x2000214c   0x0000001f   Data   RW          694    .data               ble_advertising.o
    0x2000216b   0x00000001   PAD
    0x2000216c   0x00000014   Data   RW          783    .data               ble_conn_params.o
    0x20002180   0x00000014   Data   RW         1657    .data               app_button.o
    0x20002194   0x00000020   Data   RW         1885    .data               app_timer.o
    0x200021b4   0x00000010   Data   RW         2029    .data               app_uart_fifo.o
    0x200021c4   0x00000004   Data   RW         2294    .data               retarget.o
    0x200021c8   0x00000014   Data   RW         2550    .data               softdevice_handler.o
    0x200021dc   0x00000004   Data   RW         2689    .data               system_nrf52.o
    0x200021e0   0x000002f8   Zero   RW           16    .bss                main.o
    0x200024d8   0x00000020   Zero   RW          411    .bss                bsp.o
    0x200024f8   0x00000020   Zero   RW          412    .bss                bsp.o
    0x20002518   0x0000000c   Zero   RW          413    .bss                bsp.o
    0x20002524   0x00000020   Zero   RW          414    .bss                bsp.o
    0x20002544   0x000000b3   Zero   RW          693    .bss                ble_advertising.o
    0x200025f7   0x00000001   PAD
    0x200025f8   0x00000020   Zero   RW          780    .bss                ble_conn_params.o
    0x20002618   0x0000001c   Zero   RW          781    .bss                ble_conn_params.o
    0x20002634   0x00000014   Zero   RW          971    .bss                nrf_drv_clock.o
    0x20002648   0x00000058   Zero   RW         1210    .bss                nrf_drv_gpiote.o
    0x200026a0   0x00000020   Zero   RW         1452    .bss                nrf_drv_uart.o
    0x200026c0   0x00000020   Zero   RW         1655    .bss                app_button.o
    0x200026e0   0x00000020   Zero   RW         2027    .bss                app_uart_fifo.o
    0x20002700   0x0000000c   Zero   RW         2091    .bss                app_util_platform.o
    0x2000270c   0x00000068   Zero   RW         2154    .bss                fstorage.o
    0x20002774   0x00000004   PAD
    0x20002778   0x00002000   Zero   RW         2677    STACK               arm_startup_nrf52.o


==============================================================================

Image component sizes


      Code (inc. data)   RO Data    RW Data    ZI Data      Debug   Object Name

       332         34          8         20         32      10086   app_button.o
        22          0          0          0          0       2225   app_error.o
        36         10          0          0          0      27345   app_error_weak.o
       118          0          0          0          0       4942   app_fifo.o
      1694        114          0         32          0      64295   app_timer.o
       452         42         32         16         32      10786   app_uart_fifo.o
       124         14          0          0         12       9458   app_util_platform.o
        36          8       1024          0       8192        920   arm_startup_nrf52.o
      1330          0          0          0          0      30688   ble_advdata.o
       928         64          0         31        179      10524   ble_advertising.o
       436         54          4         20         60       5796   ble_conn_params.o
       650          6         16          0          0       5802   ble_nus.o
         8          0          0          0          0       1438   ble_srv_common.o
       318         42          8          0          0      13236   boards.o
       852         78         44         20        108      14659   bsp.o
       252         10          0          8          0       4913   bsp_btn_ble.o
        20          4          0          0        104       3772   fstorage.o
      1252        168         28          8        760     129851   main.o
       288         22          0          0         20      12696   nrf_drv_clock.o
        56          0          0          0          0      27547   nrf_drv_common.o
      1178         84          4          0         88      30144   nrf_drv_gpiote.o
      2140         66          0          0         32      42109   nrf_drv_uart.o
        14          0          0          4          0       2850   retarget.o
       542         46          0         20          0      42987   softdevice_handler.o
       668         58          0          4          0       2711   system_nrf52.o

    ----------------------------------------------------------------------
     13764        924       1200        184       9624     511780   Object Totals
         0          0         32          0          0          0   (incl. Generated)
        18          0          0          1          5          0   (incl. Padding)

    ----------------------------------------------------------------------

      Code (inc. data)   RO Data    RW Data    ZI Data      Debug   Library Member Name

         0          0          0          0          0          0   entry.o
         0          0          0          0          0          0   entry10a.o
         0          0          0          0          0          0   entry11a.o
         8          4          0          0          0          0   entry2.o
         4          0          0          0          0          0   entry5.o
         0          0          0          0          0          0   entry7b.o
         0          0          0          0          0          0   entry8b.o
         8          4          0          0          0          0   entry9a.o
        30          0          0          0          0          0   handlers.o
        36          8          0          0          0         68   init.o
        36          0          0          0          0         68   memcpya.o
        36          0          0          0          0        108   memseta.o
       372         14          0          0          0        184   printf1.o
        44          0          0          0          0         80   uidiv.o

    ----------------------------------------------------------------------
       576         30          0          0          0        508   Library Totals
         2          0          0          0          0          0   (incl. Padding)

    ----------------------------------------------------------------------

      Code (inc. data)   RO Data    RW Data    ZI Data      Debug   Library Name

       574         30          0          0          0        508   mc_w.l

    ----------------------------------------------------------------------
       576         30          0          0          0        508   Library Totals

    ----------------------------------------------------------------------

==============================================================================


      Code (inc. data)   RO Data    RW Data    ZI Data      Debug   

     14340        954       1200        184       9624     495736   Grand Totals
     14340        954       1200        184       9624     495736   ELF Image Totals
     14340        954       1200        184          0          0   ROM Totals

==============================================================================

    Total RO  Size (Code + RO Data)                15540 (  15.18kB)
    Total RW  Size (RW Data + ZI Data)              9808 (   9.58kB)
    Total ROM Size (Code + RO Data + RW Data)      15724 (  15.36kB)

==============================================================================

